<html>
<body>
<pre>
<h1>µVision Build Log</h1>
<h2>Project:</h2>
H:\stm32\STM32F415\AirPendulum\MDK-ARM\AirPendulum.uvproj
Project File Date:  08/12/2015

<h2>Output:</h2>
Build target 'AirPendulum Configuration'
compiling stm32f4xx_hal_msp.c...
compiling tim.c...
compiling stm32f4xx_it.c...
compiling gpio.c...
compiling dma.c...
compiling usart.c...
compiling main.c...
compiling spi.c...
compiling Data_Receive.c...
..\Src\Data_Receive.c(1): error:  #5: cannot open source input file "Data_Receive.h": No such file or directory
compiling Data_Transfer.c...
..\Src\Data_Transfer.c(1): error:  #5: cannot open source input file "data_transfer.h": No such file or directory
compiling motor.c...
..\Src\motor.c(1): error:  #5: cannot open source input file "motor.h": No such file or directory
compiling PID_Control.c...
..\Src\PID_Control.c(5): error:  #5: cannot open source input file "motor.h": No such file or directory
compiling Regtarge.c...
compiling sqQueue.c...
..\Src\sqQueue.c(1): error:  #5: cannot open source input file "sqQueue.h": No such file or directory
compiling uranus.c...
compiling mpu6050.c...
..\Src\MPU6050\mpu6050.h(3): error:  #5: cannot open source input file "myiic.h": No such file or directory
compiling inv_mpu.c...
..\Src\MPU6050\eMPL\inv_mpu.c(27): error:  #5: cannot open source input file "mpu6050.h": No such file or directory
compiling inv_mpu_dmp_motion_driver.c...
compiling system_stm32f4xx.c...
assembling startup_stm32f415xx.s...
compiling stm32f4xx_hal_gpio.c...
compiling stm32f4xx_hal_flash.c...
compiling stm32f4xx_hal_rcc.c...
compiling stm32f4xx_hal_dma_ex.c...
compiling stm32f4xx_hal_tim_ex.c...
compiling stm32f4xx_hal_dma.c...
compiling stm32f4xx_hal_rcc_ex.c...
compiling stm32f4xx_hal_tim.c...
compiling stm32f4xx_hal_cortex.c...
compiling stm32f4xx_hal_flash_ex.c...
compiling stm32f4xx_hal_pwr_ex.c...
compiling stm32f4xx_hal_pwr.c...
compiling stm32f4xx_hal_flash_ramfunc.c...
compiling stm32f4xx_hal.c...
compiling stm32f4xx_hal_spi.c...
compiling stm32f4xx_hal_uart.c...
"AirPendulum Configuration\AirPendulum Configuration.axf" - 7 Errors, 0 Warning(s).
Target not created
compiling Data_Receive.c...
"..\Src\Data_Receive.c" - 0 Errors, 0 Warning(s).
Build target 'AirPendulum Configuration'
compiling stm32f4xx_hal_msp.c...
compiling tim.c...
compiling stm32f4xx_it.c...
compiling gpio.c...
compiling dma.c...
compiling usart.c...
compiling main.c...
compiling spi.c...
compiling Data_Transfer.c...
..\Src\Data_Transfer.c(4): error:  #5: cannot open source input file "coordinatetrans.h": No such file or directory
compiling motor.c...
compiling PID_Control.c...
..\Src\PID_Control.c(8): error:  #5: cannot open source input file "coordinatetrans.h": No such file or directory
compiling Regtarge.c...
compiling sqQueue.c...
compiling uranus.c...
compiling mpu6050.c...
..\Src\MPU6050\mpu6050.c(122): warning:  #550-D: variable "Gz" was set but never used
compiling inv_mpu.c...
compiling inv_mpu_dmp_motion_driver.c...
compiling system_stm32f4xx.c...
compiling stm32f4xx_hal_gpio.c...
compiling stm32f4xx_hal_flash.c...
compiling stm32f4xx_hal_rcc.c...
compiling stm32f4xx_hal_dma_ex.c...
compiling stm32f4xx_hal_tim_ex.c...
compiling stm32f4xx_hal_dma.c...
compiling stm32f4xx_hal_rcc_ex.c...
compiling stm32f4xx_hal_tim.c...
compiling stm32f4xx_hal_cortex.c...
compiling stm32f4xx_hal_flash_ex.c...
compiling stm32f4xx_hal_pwr_ex.c...
compiling stm32f4xx_hal_pwr.c...
compiling stm32f4xx_hal_flash_ramfunc.c...
compiling stm32f4xx_hal.c...
compiling stm32f4xx_hal_spi.c...
compiling stm32f4xx_hal_uart.c...
"AirPendulum Configuration\AirPendulum Configuration.axf" - 2 Errors, 1 Warning(s).
Target not created
Build target 'AirPendulum Configuration'
compiling stm32f4xx_hal_msp.c...
compiling tim.c...
compiling stm32f4xx_it.c...
compiling gpio.c...
compiling dma.c...
compiling usart.c...
compiling main.c...
compiling spi.c...
compiling Data_Receive.c...
compiling Data_Transfer.c...
compiling motor.c...
compiling PID_Control.c...
compiling Regtarge.c...
compiling sqQueue.c...
compiling uranus.c...
compiling mpu6050.c...
..\Src\MPU6050\mpu6050.c(122): warning:  #550-D: variable "Gz" was set but never used
compiling inv_mpu.c...
compiling inv_mpu_dmp_motion_driver.c...
compiling system_stm32f4xx.c...
compiling stm32f4xx_hal_gpio.c...
compiling stm32f4xx_hal_flash.c...
compiling stm32f4xx_hal_rcc.c...
compiling stm32f4xx_hal_dma_ex.c...
compiling stm32f4xx_hal_tim_ex.c...
compiling stm32f4xx_hal_dma.c...
compiling stm32f4xx_hal_rcc_ex.c...
compiling stm32f4xx_hal_tim.c...
compiling stm32f4xx_hal_cortex.c...
compiling stm32f4xx_hal_flash_ex.c...
compiling stm32f4xx_hal_pwr_ex.c...
compiling stm32f4xx_hal_pwr.c...
compiling stm32f4xx_hal_flash_ramfunc.c...
compiling stm32f4xx_hal.c...
compiling stm32f4xx_hal_spi.c...
compiling stm32f4xx_hal_uart.c...
linking...
AirPendulum Configuration\AirPendulum Configuration.axf: Error: L6218E: Undefined symbol Receive (referred from data_transfer.o).
AirPendulum Configuration\AirPendulum Configuration.axf: Error: L6218E: Undefined symbol htim1 (referred from motor.o).
AirPendulum Configuration\AirPendulum Configuration.axf: Error: L6218E: Undefined symbol GetKey (referred from regtarge.o).
AirPendulum Configuration\AirPendulum Configuration.axf: Error: L6218E: Undefined symbol SendChar (referred from regtarge.o).
AirPendulum Configuration\AirPendulum Configuration.axf: Error: L6218E: Undefined symbol IIC_Read_Byte (referred from mpu6050.o).
AirPendulum Configuration\AirPendulum Configuration.axf: Error: L6218E: Undefined symbol IIC_Send_Byte (referred from mpu6050.o).
AirPendulum Configuration\AirPendulum Configuration.axf: Error: L6218E: Undefined symbol IIC_Start (referred from mpu6050.o).
AirPendulum Configuration\AirPendulum Configuration.axf: Error: L6218E: Undefined symbol IIC_Stop (referred from mpu6050.o).
AirPendulum Configuration\AirPendulum Configuration.axf: Error: L6218E: Undefined symbol IIC_Wait_Ack (referred from mpu6050.o).
AirPendulum Configuration\AirPendulum Configuration.axf: Error: L6218E: Undefined symbol delay_ms (referred from mpu6050.o).
"AirPendulum Configuration\AirPendulum Configuration.axf" - 10 Errors, 1 Warning(s).
Target not created
Build target 'AirPendulum Configuration'
compiling stm32f4xx_it.c...
compiling Data_Transfer.c...
compiling motor.c...
compiling PID_Control.c...
linking...
AirPendulum Configuration\AirPendulum Configuration.axf: Error: L6218E: Undefined symbol GetKey (referred from regtarge.o).
AirPendulum Configuration\AirPendulum Configuration.axf: Error: L6218E: Undefined symbol SendChar (referred from regtarge.o).
AirPendulum Configuration\AirPendulum Configuration.axf: Error: L6218E: Undefined symbol IIC_Read_Byte (referred from mpu6050.o).
AirPendulum Configuration\AirPendulum Configuration.axf: Error: L6218E: Undefined symbol IIC_Send_Byte (referred from mpu6050.o).
AirPendulum Configuration\AirPendulum Configuration.axf: Error: L6218E: Undefined symbol IIC_Start (referred from mpu6050.o).
AirPendulum Configuration\AirPendulum Configuration.axf: Error: L6218E: Undefined symbol IIC_Stop (referred from mpu6050.o).
AirPendulum Configuration\AirPendulum Configuration.axf: Error: L6218E: Undefined symbol IIC_Wait_Ack (referred from mpu6050.o).
AirPendulum Configuration\AirPendulum Configuration.axf: Error: L6218E: Undefined symbol delay_ms (referred from mpu6050.o).
"AirPendulum Configuration\AirPendulum Configuration.axf" - 8 Errors, 0 Warning(s).
Target not created
Build target 'AirPendulum Configuration'
compiling usart.c...
linking...
AirPendulum Configuration\AirPendulum Configuration.axf: Error: L6218E: Undefined symbol IIC_Read_Byte (referred from mpu6050.o).
AirPendulum Configuration\AirPendulum Configuration.axf: Error: L6218E: Undefined symbol IIC_Send_Byte (referred from mpu6050.o).
AirPendulum Configuration\AirPendulum Configuration.axf: Error: L6218E: Undefined symbol IIC_Start (referred from mpu6050.o).
AirPendulum Configuration\AirPendulum Configuration.axf: Error: L6218E: Undefined symbol IIC_Stop (referred from mpu6050.o).
AirPendulum Configuration\AirPendulum Configuration.axf: Error: L6218E: Undefined symbol IIC_Wait_Ack (referred from mpu6050.o).
AirPendulum Configuration\AirPendulum Configuration.axf: Error: L6218E: Undefined symbol delay_ms (referred from mpu6050.o).
"AirPendulum Configuration\AirPendulum Configuration.axf" - 6 Errors, 0 Warning(s).
Target not created
Build target 'AirPendulum Configuration'
compiling myiic.c...
linking...
Program Size: Code=11672 RO-data=440 RW-data=24 ZI-data=1984  
"AirPendulum Configuration\AirPendulum Configuration.axf" - 0 Errors, 0 Warning(s).
Load "AirPendulum Configuration\\AirPendulum Configuration.axf" 
Load "AirPendulum Configuration\\AirPendulum Configuration.axf" 
No Algorithm found for: 08000000H - 08002F67H
Erase skipped!
Load "AirPendulum Configuration\\AirPendulum Configuration.axf" 
No Algorithm found for: 08000000H - 08002F67H
Erase skipped!
Load "AirPendulum Configuration\\AirPendulum Configuration.axf" 
No Algorithm found for: 08000000H - 08002F67H
Erase skipped!
Load "AirPendulum Configuration\\AirPendulum Configuration.axf" 
Erase Done.
Programming Done.
Verify OK.
