ARM Linker, 5.03 [Build 76] [MDK-ARM Standard]

==============================================================================

Section Cross References

    system_stm32f4xx.o(i.SystemCoreClockUpdate) refers to system_stm32f4xx.o(.data) for .data
    stm32f4xx_hal_rcc_ex.o(i.HAL_RCCEx_PeriphCLKConfig) refers to stm32f4xx_hal.o(i.HAL_GetTick) for HAL_GetTick
    stm32f4xx_hal_dma.o(i.HAL_DMA_Abort) refers to stm32f4xx_hal.o(i.HAL_GetTick) for HAL_GetTick
    stm32f4xx_hal_dma.o(i.HAL_DMA_PollForTransfer) refers to stm32f4xx_hal.o(i.HAL_GetTick) for HAL_GetTick
    stm32f4xx_hal_dma.o(i.HAL_DMA_Start) refers to stm32f4xx_hal_dma.o(i.DMA_SetConfig) for DMA_SetConfig
    stm32f4xx_hal_dma.o(i.HAL_DMA_Start_IT) refers to stm32f4xx_hal_dma.o(i.DMA_SetConfig) for DMA_SetConfig
    stm32f4xx_hal_cortex.o(i.HAL_NVIC_SetPriority) refers to stm32f4xx_hal_cortex.o(i.NVIC_SetPriority) for NVIC_SetPriority
    stm32f4xx_hal_cortex.o(i.HAL_SYSTICK_Config) refers to stm32f4xx_hal_cortex.o(i.NVIC_SetPriority) for NVIC_SetPriority
    stm32f4xx_hal_cortex.o(i.HAL_SYSTICK_IRQHandler) refers to main.o(i.HAL_SYSTICK_Callback) for HAL_SYSTICK_Callback
    stm32f4xx_hal_gpio.o(i.HAL_GPIO_EXTI_IRQHandler) refers to gpio.o(i.HAL_GPIO_EXTI_Callback) for HAL_GPIO_EXTI_Callback
    stm32f4xx_hal_pwr_ex.o(i.HAL_PWREx_DisableBkUpReg) refers to stm32f4xx_hal.o(i.HAL_GetTick) for HAL_GetTick
    stm32f4xx_hal_pwr_ex.o(i.HAL_PWREx_EnableBkUpReg) refers to stm32f4xx_hal.o(i.HAL_GetTick) for HAL_GetTick
    stm32f4xx_hal_tim_ex.o(i.HAL_TIMEx_ConfigCommutationEvent_DMA) refers to stm32f4xx_hal_tim_ex.o(i.TIMEx_DMACommutationCplt) for TIMEx_DMACommutationCplt
    stm32f4xx_hal_tim_ex.o(i.HAL_TIMEx_ConfigCommutationEvent_DMA) refers to stm32f4xx_hal_tim.o(i.TIM_DMAError) for TIM_DMAError
    stm32f4xx_hal_tim_ex.o(i.HAL_TIMEx_HallSensor_DeInit) refers to stm32f4xx_hal_tim_ex.o(i.HAL_TIMEx_HallSensor_MspDeInit) for HAL_TIMEx_HallSensor_MspDeInit
    stm32f4xx_hal_tim_ex.o(i.HAL_TIMEx_HallSensor_Init) refers to stm32f4xx_hal_tim_ex.o(i.HAL_TIMEx_HallSensor_MspInit) for HAL_TIMEx_HallSensor_MspInit
    stm32f4xx_hal_tim_ex.o(i.HAL_TIMEx_HallSensor_Init) refers to stm32f4xx_hal_tim.o(i.TIM_Base_SetConfig) for TIM_Base_SetConfig
    stm32f4xx_hal_tim_ex.o(i.HAL_TIMEx_HallSensor_Init) refers to stm32f4xx_hal_tim.o(i.TIM_TI1_SetConfig) for TIM_TI1_SetConfig
    stm32f4xx_hal_tim_ex.o(i.HAL_TIMEx_HallSensor_Init) refers to stm32f4xx_hal_tim.o(i.TIM_OC2_SetConfig) for TIM_OC2_SetConfig
    stm32f4xx_hal_tim_ex.o(i.HAL_TIMEx_HallSensor_Start) refers to stm32f4xx_hal_tim.o(i.TIM_CCxChannelCmd) for TIM_CCxChannelCmd
    stm32f4xx_hal_tim_ex.o(i.HAL_TIMEx_HallSensor_Start_DMA) refers to stm32f4xx_hal_tim.o(i.TIM_CCxChannelCmd) for TIM_CCxChannelCmd
    stm32f4xx_hal_tim_ex.o(i.HAL_TIMEx_HallSensor_Start_DMA) refers to stm32f4xx_hal_dma.o(i.HAL_DMA_Start_IT) for HAL_DMA_Start_IT
    stm32f4xx_hal_tim_ex.o(i.HAL_TIMEx_HallSensor_Start_DMA) refers to stm32f4xx_hal_tim.o(i.TIM_DMACaptureCplt) for TIM_DMACaptureCplt
    stm32f4xx_hal_tim_ex.o(i.HAL_TIMEx_HallSensor_Start_DMA) refers to stm32f4xx_hal_tim.o(i.TIM_DMAError) for TIM_DMAError
    stm32f4xx_hal_tim_ex.o(i.HAL_TIMEx_HallSensor_Start_IT) refers to stm32f4xx_hal_tim.o(i.TIM_CCxChannelCmd) for TIM_CCxChannelCmd
    stm32f4xx_hal_tim_ex.o(i.HAL_TIMEx_HallSensor_Stop) refers to stm32f4xx_hal_tim.o(i.TIM_CCxChannelCmd) for TIM_CCxChannelCmd
    stm32f4xx_hal_tim_ex.o(i.HAL_TIMEx_HallSensor_Stop_DMA) refers to stm32f4xx_hal_tim.o(i.TIM_CCxChannelCmd) for TIM_CCxChannelCmd
    stm32f4xx_hal_tim_ex.o(i.HAL_TIMEx_HallSensor_Stop_IT) refers to stm32f4xx_hal_tim.o(i.TIM_CCxChannelCmd) for TIM_CCxChannelCmd
    stm32f4xx_hal_tim_ex.o(i.HAL_TIMEx_OCN_Start) refers to stm32f4xx_hal_tim_ex.o(i.TIM_CCxNChannelCmd) for TIM_CCxNChannelCmd
    stm32f4xx_hal_tim_ex.o(i.HAL_TIMEx_OCN_Start_DMA) refers to stm32f4xx_hal_dma.o(i.HAL_DMA_Start_IT) for HAL_DMA_Start_IT
    stm32f4xx_hal_tim_ex.o(i.HAL_TIMEx_OCN_Start_DMA) refers to stm32f4xx_hal_tim_ex.o(i.TIM_CCxNChannelCmd) for TIM_CCxNChannelCmd
    stm32f4xx_hal_tim_ex.o(i.HAL_TIMEx_OCN_Start_DMA) refers to stm32f4xx_hal_tim.o(i.TIM_DMADelayPulseCplt) for TIM_DMADelayPulseCplt
    stm32f4xx_hal_tim_ex.o(i.HAL_TIMEx_OCN_Start_DMA) refers to stm32f4xx_hal_tim.o(i.TIM_DMAError) for TIM_DMAError
    stm32f4xx_hal_tim_ex.o(i.HAL_TIMEx_OCN_Start_IT) refers to stm32f4xx_hal_tim_ex.o(i.TIM_CCxNChannelCmd) for TIM_CCxNChannelCmd
    stm32f4xx_hal_tim_ex.o(i.HAL_TIMEx_OCN_Stop) refers to stm32f4xx_hal_tim_ex.o(i.TIM_CCxNChannelCmd) for TIM_CCxNChannelCmd
    stm32f4xx_hal_tim_ex.o(i.HAL_TIMEx_OCN_Stop_DMA) refers to stm32f4xx_hal_tim_ex.o(i.TIM_CCxNChannelCmd) for TIM_CCxNChannelCmd
    stm32f4xx_hal_tim_ex.o(i.HAL_TIMEx_OCN_Stop_IT) refers to stm32f4xx_hal_tim_ex.o(i.TIM_CCxNChannelCmd) for TIM_CCxNChannelCmd
    stm32f4xx_hal_tim_ex.o(i.HAL_TIMEx_OnePulseN_Start) refers to stm32f4xx_hal_tim_ex.o(i.TIM_CCxNChannelCmd) for TIM_CCxNChannelCmd
[...]
    gyro_orientation                         0x2000007c   Data           9  inv_mpu.o(.data)
    .data                                    0x20000085   Section        3  data_transfer.o(.data)
    .data                                    0x20000088   Section       72  pid_control.o(.data)
    delta                                    0x200000a4   Data           4  pid_control.o(.data)
    theta                                    0x200000a8   Data           4  pid_control.o(.data)
    delta                                    0x200000ac   Data           4  pid_control.o(.data)
    phi                                      0x200000b0   Data           4  pid_control.o(.data)
    theta                                    0x200000b4   Data           4  pid_control.o(.data)
    .data                                    0x200000d0   Section        4  pid_control.o(.data)
    .data                                    0x200000d4   Section       12  motor.o(.data)
    now                                      0x200000d4   Data           2  motor.o(.data)
    now_PID                                  0x200000d6   Data           2  motor.o(.data)
    now                                      0x200000d8   Data           2  motor.o(.data)
    now_PID                                  0x200000dc   Data           4  motor.o(.data)
    .data                                    0x200000e0   Section       28  uranus.o(.data)
    status                                   0x200000e0   Data           1  uranus.o(.data)
    len                                      0x200000f4   Data           4  uranus.o(.data)
    i                                        0x200000f8   Data           4  uranus.o(.data)
    .data                                    0x200000fc   Section       28  pendulumcontrol.o(.data)
    flag                                     0x200000fd   Data           1  pendulumcontrol.o(.data)
    motor                                    0x200000fe   Data           2  pendulumcontrol.o(.data)
    Time_dt                                  0x20000100   Data           2  pendulumcontrol.o(.data)
    Pitch_Prev                               0x20000108   Data           4  pendulumcontrol.o(.data)
    Roll_Prev                                0x2000010c   Data           4  pendulumcontrol.o(.data)
    period                                   0x20000110   Data           4  pendulumcontrol.o(.data)
    period                                   0x20000114   Data           4  pendulumcontrol.o(.data)
    .data                                    0x20000118   Section      102  nine_axis_module.o(.data)
    .data                                    0x20000180   Section        4  errno.o(.data)
    _errno                                   0x20000180   Data           4  errno.o(.data)
    .bss                                     0x20000184   Section      600  tim.o(.bss)
    .bss                                     0x200003dc   Section       50  stm32f4xx_it.o(.bss)
    .bss                                     0x20000410   Section      464  usart.o(.bss)
    .bss                                     0x200005e0   Section       16  inv_mpu_dmp_motion_driver.o(.bss)
    dmp                                      0x200005e0   Data          16  inv_mpu_dmp_motion_driver.o(.bss)
    .bss                                     0x200005f0   Section      120  data_transfer.o(.bss)
    .bss                                     0x20000668   Section      208  pid_control.o(.bss)
    .bss                                     0x20000738   Section       52  pid_control.o(.bss)
    .bss                                     0x2000076c   Section       52  pid_control.o(.bss)
    .bss                                     0x200007a0   Section       88  spi.o(.bss)
    .bss                                     0x200007f8   Section      120  i2c.o(.bss)
    STACK                                    0x20000870   Section     1024  startup_stm32f407xx.o(STACK)

    Global Symbols

    Symbol Name                              Value     Ov Type        Size  Object(Section)

    BuildAttributes$$THM_ISAv4$E$P$D$K$B$S$7EM$VFPi3$EXTD16$VFPS$VFMA$PE$A:L22UL41UL21$X:L11$S22US41US21$IEEE1$IW$USESV6$~STKCKD$USESV7$~SHL$OTIME$ROPI$IEEEX$EBA8$MICROLIB$REQ8$PRES8$EABIv2 0x00000000   Number         0  anon$$obj.o ABSOLUTE
    __ARM_use_no_argv                        0x00000000   Number         0  main.o ABSOLUTE
    __use_no_errno                           0x00000000   Number         0  useno.o ABSOLUTE
    __use_no_exception_handling              0x00000000   Number         0  useno.o ABSOLUTE
    __use_no_fp                              0x00000000   Number         0  useno.o ABSOLUTE
    __use_no_heap                            0x00000000   Number         0  useno.o ABSOLUTE
    __use_no_heap_region                     0x00000000   Number         0  useno.o ABSOLUTE
    __use_no_semihosting                     0x00000000   Number         0  useno.o ABSOLUTE
    __use_no_semihosting_swi                 0x00000000   Number         0  useno.o ABSOLUTE
    __use_no_signal_handling                 0x00000000   Number         0  useno.o ABSOLUTE
    _printf_a                                0x00000000   Number         0  stubs.o ABSOLUTE
    _printf_c                                0x00000000   Number         0  stubs.o ABSOLUTE
    _printf_charcount                        0x00000000   Number         0  stubs.o ABSOLUTE
    _printf_d                                0x00000000   Number         0  stubs.o ABSOLUTE
    _printf_e                                0x00000000   Number         0  stubs.o ABSOLUTE
    _printf_f                                0x00000000   Number         0  stubs.o ABSOLUTE
    _printf_flags                            0x00000000   Number         0  stubs.o ABSOLUTE
    _printf_fp_dec                           0x00000000   Number         0  stubs.o ABSOLUTE
    _printf_fp_hex                           0x00000000   Number         0  stubs.o ABSOLUTE
    _printf_g                                0x00000000   Number         0  stubs.o ABSOLUTE
    _printf_i                                0x00000000   Number         0  stubs.o ABSOLUTE
    _printf_int_dec                          0x00000000   Number         0  stubs.o ABSOLUTE
    _printf_l                                0x00000000   Number         0  stubs.o ABSOLUTE
    _printf_lc                               0x00000000   Number         0  stubs.o ABSOLUTE
    _printf_ll                               0x00000000   Number         0  stubs.o ABSOLUTE
    _printf_lld                              0x00000000   Number         0  stubs.o ABSOLUTE
    _printf_lli                              0x00000000   Number         0  stubs.o ABSOLUTE
    _printf_llo                              0x00000000   Number         0  stubs.o ABSOLUTE
    _printf_llu                              0x00000000   Number         0  stubs.o ABSOLUTE
    _printf_llx                              0x00000000   Number         0  stubs.o ABSOLUTE
    _printf_longlong_dec                     0x00000000   Number         0  stubs.o ABSOLUTE
    _printf_longlong_hex                     0x00000000   Number         0  stubs.o ABSOLUTE
    _printf_longlong_oct                     0x00000000   Number         0  stubs.o ABSOLUTE
    _printf_ls                               0x00000000   Number         0  stubs.o ABSOLUTE
    _printf_mbtowc                           0x00000000   Number         0  stubs.o ABSOLUTE
    _printf_n                                0x00000000   Number         0  stubs.o ABSOLUTE
    _printf_o                                0x00000000   Number         0  stubs.o ABSOLUTE
    _printf_p                                0x00000000   Number         0  stubs.o ABSOLUTE
    _printf_percent                          0x00000000   Number         0  stubs.o ABSOLUTE
    _printf_pre_padding                      0x00000000   Number         0  stubs.o ABSOLUTE
    _printf_return_value                     0x00000000   Number         0  stubs.o ABSOLUTE
    _printf_s                                0x00000000   Number         0  stubs.o ABSOLUTE
    _printf_sizespec                         0x00000000   Number         0  stubs.o ABSOLUTE
    _printf_str                              0x00000000   Number         0  stubs.o ABSOLUTE
    _printf_truncate_signed                  0x00000000   Number         0  stubs.o ABSOLUTE
    _printf_truncate_unsigned                0x00000000   Number         0  stubs.o ABSOLUTE
    _printf_u                                0x00000000   Number         0  stubs.o ABSOLUTE
    _printf_wc                               0x00000000   Number         0  stubs.o ABSOLUTE
    _printf_wctomb                           0x00000000   Number         0  stubs.o ABSOLUTE
    _printf_widthprec                        0x00000000   Number         0  stubs.o ABSOLUTE
    _printf_x                                0x00000000   Number         0  stubs.o ABSOLUTE
    __cpp_initialize__aeabi_                  - Undefined Weak Reference
    __cxa_finalize                            - Undefined Weak Reference
    _clock_init                               - Undefined Weak Reference
    _microlib_exit                            - Undefined Weak Reference
    __Vectors_Size                           0x00000188   Number         0  startup_stm32f407xx.o ABSOLUTE
    __Vectors                                0x08000000   Data           4  startup_stm32f407xx.o(RESET)
    __Vectors_End                            0x08000188   Data           0  startup_stm32f407xx.o(RESET)
    __main                                   0x08000189   Thumb Code     0  entry.o(.ARM.Collect$$$$00000000)
    _main_stk                                0x08000189   Thumb Code     0  entry2.o(.ARM.Collect$$$$00000001)
    _main_scatterload                        0x0800018d   Thumb Code     0  entry5.o(.ARM.Collect$$$$00000004)
    __main_after_scatterload                 0x08000191   Thumb Code     0  entry5.o(.ARM.Collect$$$$00000004)
    _main_clock                              0x08000191   Thumb Code     0  entry7b.o(.ARM.Collect$$$$00000008)
    _main_cpp_init                           0x08000191   Thumb Code     0  entry8b.o(.ARM.Collect$$$$0000000A)
    _main_init                               0x08000191   Thumb Code     0  entry9a.o(.ARM.Collect$$$$0000000B)
    __rt_final_cpp                           0x08000199   Thumb Code     0  entry10a.o(.ARM.Collect$$$$0000000D)
    __rt_final_exit                          0x08000199   Thumb Code     0  entry11a.o(.ARM.Collect$$$$0000000F)
    Reset_Handler                            0x0800019d   Thumb Code     8  startup_stm32f407xx.o(.text)
    NMI_Handler                              0x080001a5   Thumb Code     2  startup_stm32f407xx.o(.text)
    HardFault_Handler                        0x080001a7   Thumb Code     2  startup_stm32f407xx.o(.text)
    MemManage_Handler                        0x080001a9   Thumb Code     2  startup_stm32f407xx.o(.text)
    BusFault_Handler                         0x080001ab   Thumb Code     2  startup_stm32f407xx.o(.text)
    UsageFault_Handler                       0x080001ad   Thumb Code     2  startup_stm32f407xx.o(.text)
    SVC_Handler                              0x080001af   Thumb Code     2  startup_stm32f407xx.o(.text)
    DebugMon_Handler                         0x080001b1   Thumb Code     2  startup_stm32f407xx.o(.text)
    PendSV_Handler                           0x080001b3   Thumb Code     2  startup_stm32f407xx.o(.text)
    ADC_IRQHandler                           0x080001b7   Thumb Code     0  startup_stm32f407xx.o(.text)
    CAN1_RX0_IRQHandler                      0x080001b7   Thumb Code     0  startup_stm32f407xx.o(.text)
    CAN1_RX1_IRQHandler                      0x080001b7   Thumb Code     0  startup_stm32f407xx.o(.text)
    CAN1_SCE_IRQHandler                      0x080001b7   Thumb Code     0  startup_stm32f407xx.o(.text)
    CAN1_TX_IRQHandler                       0x080001b7   Thumb Code     0  startup_stm32f407xx.o(.text)
    CAN2_RX0_IRQHandler                      0x080001b7   Thumb Code     0  startup_stm32f407xx.o(.text)
    CAN2_RX1_IRQHandler                      0x080001b7   Thumb Code     0  startup_stm32f407xx.o(.text)
    CAN2_SCE_IRQHandler                      0x080001b7   Thumb Code     0  startup_stm32f407xx.o(.text)
    CAN2_TX_IRQHandler                       0x080001b7   Thumb Code     0  startup_stm32f407xx.o(.text)
    DCMI_IRQHandler                          0x080001b7   Thumb Code     0  startup_stm32f407xx.o(.text)
    DMA1_Stream0_IRQHandler                  0x080001b7   Thumb Code     0  startup_stm32f407xx.o(.text)
    DMA1_Stream2_IRQHandler                  0x080001b7   Thumb Code     0  startup_stm32f407xx.o(.text)
    DMA1_Stream3_IRQHandler                  0x080001b7   Thumb Code     0  startup_stm32f407xx.o(.text)
    DMA1_Stream4_IRQHandler                  0x080001b7   Thumb Code     0  startup_stm32f407xx.o(.text)
    DMA1_Stream7_IRQHandler                  0x080001b7   Thumb Code     0  startup_stm32f407xx.o(.text)
    DMA2_Stream0_IRQHandler                  0x080001b7   Thumb Code     0  startup_stm32f407xx.o(.text)
    DMA2_Stream1_IRQHandler                  0x080001b7   Thumb Code     0  startup_stm32f407xx.o(.text)
    DMA2_Stream2_IRQHandler                  0x080001b7   Thumb Code     0  startup_stm32f407xx.o(.text)
    DMA2_Stream3_IRQHandler                  0x080001b7   Thumb Code     0  startup_stm32f407xx.o(.text)
    DMA2_Stream4_IRQHandler                  0x080001b7   Thumb Code     0  startup_stm32f407xx.o(.text)
    DMA2_Stream5_IRQHandler                  0x080001b7   Thumb Code     0  startup_stm32f407xx.o(.text)
    DMA2_Stream6_IRQHandler                  0x080001b7   Thumb Code     0  startup_stm32f407xx.o(.text)
    DMA2_Stream7_IRQHandler                  0x080001b7   Thumb Code     0  startup_stm32f407xx.o(.text)
    ETH_IRQHandler                           0x080001b7   Thumb Code     0  startup_stm32f407xx.o(.text)
    ETH_WKUP_IRQHandler                      0x080001b7   Thumb Code     0  startup_stm32f407xx.o(.text)
    EXTI15_10_IRQHandler                     0x080001b7   Thumb Code     0  startup_stm32f407xx.o(.text)
    EXTI1_IRQHandler                         0x080001b7   Thumb Code     0  startup_stm32f407xx.o(.text)
    EXTI2_IRQHandler                         0x080001b7   Thumb Code     0  startup_stm32f407xx.o(.text)
    EXTI3_IRQHandler                         0x080001b7   Thumb Code     0  startup_stm32f407xx.o(.text)
    EXTI4_IRQHandler                         0x080001b7   Thumb Code     0  startup_stm32f407xx.o(.text)
    EXTI9_5_IRQHandler                       0x080001b7   Thumb Code     0  startup_stm32f407xx.o(.text)
    FLASH_IRQHandler                         0x080001b7   Thumb Code     0  startup_stm32f407xx.o(.text)
    FMC_IRQHandler                           0x080001b7   Thumb Code     0  startup_stm32f407xx.o(.text)
    FPU_IRQHandler                           0x080001b7   Thumb Code     0  startup_stm32f407xx.o(.text)
    HASH_RNG_IRQHandler                      0x080001b7   Thumb Code     0  startup_stm32f407xx.o(.text)
    I2C1_ER_IRQHandler                       0x080001b7   Thumb Code     0  startup_stm32f407xx.o(.text)
    I2C1_EV_IRQHandler                       0x080001b7   Thumb Code     0  startup_stm32f407xx.o(.text)
    I2C2_ER_IRQHandler                       0x080001b7   Thumb Code     0  startup_stm32f407xx.o(.text)
    I2C2_EV_IRQHandler                       0x080001b7   Thumb Code     0  startup_stm32f407xx.o(.text)
    I2C3_ER_IRQHandler                       0x080001b7   Thumb Code     0  startup_stm32f407xx.o(.text)
    I2C3_EV_IRQHandler                       0x080001b7   Thumb Code     0  startup_stm32f407xx.o(.text)
    OTG_FS_IRQHandler                        0x080001b7   Thumb Code     0  startup_stm32f407xx.o(.text)
    OTG_FS_WKUP_IRQHandler                   0x080001b7   Thumb Code     0  startup_stm32f407xx.o(.text)
    OTG_HS_EP1_IN_IRQHandler                 0x080001b7   Thumb Code     0  startup_stm32f407xx.o(.text)
    OTG_HS_EP1_OUT_IRQHandler                0x080001b7   Thumb Code     0  startup_stm32f407xx.o(.text)
    OTG_HS_IRQHandler                        0x080001b7   Thumb Code     0  startup_stm32f407xx.o(.text)
    OTG_HS_WKUP_IRQHandler                   0x080001b7   Thumb Code     0  startup_stm32f407xx.o(.text)
    PVD_IRQHandler                           0x080001b7   Thumb Code     0  startup_stm32f407xx.o(.text)
    RCC_IRQHandler                           0x080001b7   Thumb Code     0  startup_stm32f407xx.o(.text)
    RTC_Alarm_IRQHandler                     0x080001b7   Thumb Code     0  startup_stm32f407xx.o(.text)
    RTC_WKUP_IRQHandler                      0x080001b7   Thumb Code     0  startup_stm32f407xx.o(.text)
    SDIO_IRQHandler                          0x080001b7   Thumb Code     0  startup_stm32f407xx.o(.text)
    SPI1_IRQHandler                          0x080001b7   Thumb Code     0  startup_stm32f407xx.o(.text)
    SPI2_IRQHandler                          0x080001b7   Thumb Code     0  startup_stm32f407xx.o(.text)
    SPI3_IRQHandler                          0x080001b7   Thumb Code     0  startup_stm32f407xx.o(.text)
    TAMP_STAMP_IRQHandler                    0x080001b7   Thumb Code     0  startup_stm32f407xx.o(.text)
    TIM1_BRK_TIM9_IRQHandler                 0x080001b7   Thumb Code     0  startup_stm32f407xx.o(.text)
    TIM1_CC_IRQHandler                       0x080001b7   Thumb Code     0  startup_stm32f407xx.o(.text)
    TIM1_UP_TIM10_IRQHandler                 0x080001b7   Thumb Code     0  startup_stm32f407xx.o(.text)
    TIM2_IRQHandler                          0x080001b7   Thumb Code     0  startup_stm32f407xx.o(.text)
    TIM4_IRQHandler                          0x080001b7   Thumb Code     0  startup_stm32f407xx.o(.text)
    TIM5_IRQHandler                          0x080001b7   Thumb Code     0  startup_stm32f407xx.o(.text)
    TIM8_BRK_TIM12_IRQHandler                0x080001b7   Thumb Code     0  startup_stm32f407xx.o(.text)
    TIM8_CC_IRQHandler                       0x080001b7   Thumb Code     0  startup_stm32f407xx.o(.text)
    TIM8_TRG_COM_TIM14_IRQHandler            0x080001b7   Thumb Code     0  startup_stm32f407xx.o(.text)
    TIM8_UP_TIM13_IRQHandler                 0x080001b7   Thumb Code     0  startup_stm32f407xx.o(.text)
    UART4_IRQHandler                         0x080001b7   Thumb Code     0  startup_stm32f407xx.o(.text)
    UART5_IRQHandler                         0x080001b7   Thumb Code     0  startup_stm32f407xx.o(.text)
    USART1_IRQHandler                        0x080001b7   Thumb Code     0  startup_stm32f407xx.o(.text)
    USART6_IRQHandler                        0x080001b7   Thumb Code     0  startup_stm32f407xx.o(.text)
    WWDG_IRQHandler                          0x080001b7   Thumb Code     0  startup_stm32f407xx.o(.text)
    __aeabi_ldivmod                          0x080001c1   Thumb Code    90  ldiv.o(.text)
    __aeabi_memset                           0x0800021b   Thumb Code    14  memseta.o(.text)
    __aeabi_memset4                          0x0800021b   Thumb Code     0  memseta.o(.text)
    __aeabi_memset8                          0x0800021b   Thumb Code     0  memseta.o(.text)
    __aeabi_memclr                           0x08000229   Thumb Code     4  memseta.o(.text)
    __aeabi_memclr4                          0x08000229   Thumb Code     0  memseta.o(.text)
    __aeabi_memclr8                          0x08000229   Thumb Code     0  memseta.o(.text)
    _memset$wrapper                          0x0800022d   Thumb Code    18  memseta.o(.text)
    memcmp                                   0x0800023f   Thumb Code    26  memcmp.o(.text)
    __aeabi_dadd                             0x08000259   Thumb Code   322  dadd.o(.text)
    __aeabi_dsub                             0x0800039b   Thumb Code     6  dadd.o(.text)
    __aeabi_drsub                            0x080003a1   Thumb Code     6  dadd.o(.text)
    __aeabi_dmul                             0x080003a7   Thumb Code   228  dmul.o(.text)
    __aeabi_ddiv                             0x0800048b   Thumb Code   222  ddiv.o(.text)
    __aeabi_f2d                              0x08000569   Thumb Code    38  f2d.o(.text)
    __aeabi_d2f                              0x0800058f   Thumb Code    56  d2f.o(.text)
    __aeabi_uidiv                            0x080005c7   Thumb Code     0  uidiv.o(.text)
    __aeabi_uidivmod                         0x080005c7   Thumb Code    44  uidiv.o(.text)
    __aeabi_uldivmod                         0x080005f3   Thumb Code    98  uldiv.o(.text)
    __aeabi_llsl                             0x08000655   Thumb Code    30  llshl.o(.text)
    _ll_shift_l                              0x08000655   Thumb Code     0  llshl.o(.text)
    __aeabi_lasr                             0x08000673   Thumb Code    36  llsshr.o(.text)
    _ll_sshift_r                             0x08000673   Thumb Code     0  llsshr.o(.text)
    __I$use$fp                               0x08000697   Thumb Code     0  iusefp.o(.text)
    _float_round                             0x08000697   Thumb Code    18  fepilogue.o(.text)
    _float_epilogue                          0x080006a9   Thumb Code    90  fepilogue.o(.text)
    _double_round                            0x08000703   Thumb Code    26  depilogue.o(.text)
    _double_epilogue                         0x0800071d   Thumb Code   164  depilogue.o(.text)
    _dsqrt                                   0x080007c1   Thumb Code   162  dsqrt.o(.text)
    __aeabi_d2ulz                            0x08000863   Thumb Code    48  dfixul.o(.text)
    __aeabi_cdrcmple                         0x08000895   Thumb Code    38  cdrcmple.o(.text)
    __scatterload                            0x080008bd   Thumb Code    28  init.o(.text)
    __scatterload_rt2                        0x080008bd   Thumb Code     0  init.o(.text)
    __aeabi_llsr                             0x080008e1   Thumb Code    32  llushr.o(.text)
    _ll_ushift_r                             0x080008e1   Thumb Code     0  llushr.o(.text)
    __decompress                             0x08000901   Thumb Code     0  __dczerorl2.o(.text)
    __decompress1                            0x08000901   Thumb Code    92  __dczerorl2.o(.text)
    CtrlAttiAng                              0x0800095d   Thumb Code    54  pid_control.o(i.CtrlAttiAng)
    CtrlAttiRate                             0x0800099d   Thumb Code   184  pid_control.o(i.CtrlAttiRate)
    DMA1_Stream1_IRQHandler                  0x08000a5d   Thumb Code     6  stm32f4xx_it.o(i.DMA1_Stream1_IRQHandler)
    DMA1_Stream5_IRQHandler                  0x08000a69   Thumb Code     6  stm32f4xx_it.o(i.DMA1_Stream5_IRQHandler)
    DMA1_Stream6_IRQHandler                  0x08000a75   Thumb Code     6  stm32f4xx_it.o(i.DMA1_Stream6_IRQHandler)
    Data_Receive_Anl                         0x08000aa9   Thumb Code   446  data_transfer.o(i.Data_Receive_Anl)
    Data_Send_Check                          0x08000c85   Thumb Code    66  data_transfer.o(i.Data_Send_Check)
    Data_Send_PID                            0x08000cd1   Thumb Code   356  data_transfer.o(i.Data_Send_PID)
    Data_Send_Senser                         0x08000e4d   Thumb Code   174  data_transfer.o(i.Data_Send_Senser)
    Data_Send_Status                         0x08000f1d   Thumb Code   128  data_transfer.o(i.Data_Send_Status)
    EXTI0_IRQHandler                         0x08000fb1   Thumb Code     6  stm32f4xx_it.o(i.EXTI0_IRQHandler)
    Get_Angle_PIDtime                        0x08000fb9   Thumb Code    26  motor.o(i.Get_Angle_PIDtime)
    Get_Rate_PIDtime                         0x08000fdd   Thumb Code    32  motor.o(i.Get_Rate_PIDtime)
    HAL_DMA_IRQHandler                       0x08001009   Thumb Code  3940  stm32f4xx_hal_dma.o(i.HAL_DMA_IRQHandler)
    HAL_DMA_Init                             0x08001f75   Thumb Code   108  stm32f4xx_hal_dma.o(i.HAL_DMA_Init)
    HAL_DMA_Start_IT                         0x08001fe5   Thumb Code   108  stm32f4xx_hal_dma.o(i.HAL_DMA_Start_IT)
    HAL_GPIO_EXTI_Callback                   0x08002051   Thumb Code    96  gpio.o(i.HAL_GPIO_EXTI_Callback)
    HAL_GPIO_EXTI_IRQHandler                 0x080020c5   Thumb Code    18  stm32f4xx_hal_gpio.o(i.HAL_GPIO_EXTI_IRQHandler)
    HAL_GPIO_Init                            0x080020dd   Thumb Code   394  stm32f4xx_hal_gpio.o(i.HAL_GPIO_Init)
    HAL_GPIO_ReadPin                         0x08002299   Thumb Code    10  stm32f4xx_hal_gpio.o(i.HAL_GPIO_ReadPin)
    HAL_GPIO_WritePin                        0x080022a3   Thumb Code    10  stm32f4xx_hal_gpio.o(i.HAL_GPIO_WritePin)
    HAL_GetTick                              0x080022ad   Thumb Code     6  stm32f4xx_hal.o(i.HAL_GetTick)
    HAL_I2C_Init                             0x080022b9   Thumb Code   238  stm32f4xx_hal_i2c.o(i.HAL_I2C_Init)
    HAL_I2C_MspInit                          0x080023b1   Thumb Code    72  i2c.o(i.HAL_I2C_MspInit)
    HAL_IncTick                              0x08002409   Thumb Code    10  stm32f4xx_hal.o(i.HAL_IncTick)
    HAL_Init                                 0x08002419   Thumb Code    48  stm32f4xx_hal.o(i.HAL_Init)
    HAL_InitTick                             0x0800244d   Thumb Code    34  stm32f4xx_hal.o(i.HAL_InitTick)
    HAL_MspInit                              0x0800246f   Thumb Code    22  stm32f4xx_hal_msp.o(i.HAL_MspInit)
    HAL_NVIC_EnableIRQ                       0x08002485   Thumb Code    24  stm32f4xx_hal_cortex.o(i.HAL_NVIC_EnableIRQ)
    HAL_NVIC_SetPriority                     0x0800249d   Thumb Code    60  stm32f4xx_hal_cortex.o(i.HAL_NVIC_SetPriority)
    HAL_NVIC_SetPriorityGrouping             0x080024dd   Thumb Code    26  stm32f4xx_hal_cortex.o(i.HAL_NVIC_SetPriorityGrouping)
    HAL_RCC_ClockConfig                      0x08002501   Thumb Code   432  stm32f4xx_hal_rcc.o(i.HAL_RCC_ClockConfig)
    HAL_RCC_GetHCLKFreq                      0x080026b9   Thumb Code    38  stm32f4xx_hal_rcc.o(i.HAL_RCC_GetHCLKFreq)
    HAL_RCC_GetPCLK1Freq                     0x080026ed   Thumb Code    36  stm32f4xx_hal_rcc.o(i.HAL_RCC_GetPCLK1Freq)
    HAL_RCC_GetPCLK2Freq                     0x08002719   Thumb Code    36  stm32f4xx_hal_rcc.o(i.HAL_RCC_GetPCLK2Freq)
    HAL_RCC_GetSysClockFreq                  0x08002745   Thumb Code   104  stm32f4xx_hal_rcc.o(i.HAL_RCC_GetSysClockFreq)
    HAL_RCC_OscConfig                        0x080027b9   Thumb Code   798  stm32f4xx_hal_rcc.o(i.HAL_RCC_OscConfig)
    HAL_SPI_Init                             0x08002aed   Thumb Code   128  stm32f4xx_hal_spi.o(i.HAL_SPI_Init)
    HAL_SPI_MspInit                          0x08002b6d   Thumb Code    52  spi.o(i.HAL_SPI_MspInit)
    HAL_SYSTICK_Callback                     0x08002bad   Thumb Code     2  main.o(i.HAL_SYSTICK_Callback)
    HAL_SYSTICK_Config                       0x08002baf   Thumb Code    40  stm32f4xx_hal_cortex.o(i.HAL_SYSTICK_Config)
    HAL_SYSTICK_IRQHandler                   0x08002bd7   Thumb Code     8  stm32f4xx_hal_cortex.o(i.HAL_SYSTICK_IRQHandler)
    HAL_TIMEx_BreakCallback                  0x08002bdf   Thumb Code     2  stm32f4xx_hal_tim_ex.o(i.HAL_TIMEx_BreakCallback)
    HAL_TIMEx_CommutationCallback            0x08002be1   Thumb Code     2  stm32f4xx_hal_tim_ex.o(i.HAL_TIMEx_CommutationCallback)
    HAL_TIMEx_ConfigBreakDeadTime            0x08002be3   Thumb Code    66  stm32f4xx_hal_tim_ex.o(i.HAL_TIMEx_ConfigBreakDeadTime)
    HAL_TIMEx_MasterConfigSynchronization    0x08002c25   Thumb Code    80  stm32f4xx_hal_tim_ex.o(i.HAL_TIMEx_MasterConfigSynchronization)
    HAL_TIM_Base_Init                        0x08002c75   Thumb Code    48  stm32f4xx_hal_tim.o(i.HAL_TIM_Base_Init)
    HAL_TIM_Base_MspInit                     0x08002ca5   Thumb Code   292  tim.o(i.HAL_TIM_Base_MspInit)
    HAL_TIM_Base_Start                       0x08002dfd   Thumb Code    26  stm32f4xx_hal_tim.o(i.HAL_TIM_Base_Start)
    HAL_TIM_Base_Start_IT                    0x08002e17   Thumb Code    24  stm32f4xx_hal_tim.o(i.HAL_TIM_Base_Start_IT)
    HAL_TIM_ConfigClockSource                0x08002e2f   Thumb Code   240  stm32f4xx_hal_tim.o(i.HAL_TIM_ConfigClockSource)
    HAL_TIM_IC_CaptureCallback               0x08002f1f   Thumb Code     2  tim.o(i.HAL_TIM_IC_CaptureCallback)
    HAL_TIM_IC_ConfigChannel                 0x08002f21   Thumb Code   282  stm32f4xx_hal_tim.o(i.HAL_TIM_IC_ConfigChannel)
    HAL_TIM_IC_Init                          0x0800303b   Thumb Code    48  stm32f4xx_hal_tim.o(i.HAL_TIM_IC_Init)
    HAL_TIM_IC_MspInit                       0x0800306b   Thumb Code     2  stm32f4xx_hal_tim.o(i.HAL_TIM_IC_MspInit)
    HAL_TIM_IRQHandler                       0x0800306d   Thumb Code   358  stm32f4xx_hal_tim.o(i.HAL_TIM_IRQHandler)
    HAL_TIM_OC_DelayElapsedCallback          0x080031d3   Thumb Code     2  stm32f4xx_hal_tim.o(i.HAL_TIM_OC_DelayElapsedCallback)
    HAL_TIM_PWM_ConfigChannel                0x080031d5   Thumb Code   206  stm32f4xx_hal_tim.o(i.HAL_TIM_PWM_ConfigChannel)
    HAL_TIM_PWM_Init                         0x080032a3   Thumb Code    48  stm32f4xx_hal_tim.o(i.HAL_TIM_PWM_Init)
    HAL_TIM_PWM_MspInit                      0x080032d3   Thumb Code     2  stm32f4xx_hal_tim.o(i.HAL_TIM_PWM_MspInit)
    HAL_TIM_PWM_PulseFinishedCallback        0x080032d5   Thumb Code     2  stm32f4xx_hal_tim.o(i.HAL_TIM_PWM_PulseFinishedCallback)
    HAL_TIM_PWM_Start                        0x080032d9   Thumb Code    48  stm32f4xx_hal_tim.o(i.HAL_TIM_PWM_Start)
    HAL_TIM_PeriodElapsedCallback            0x08003311   Thumb Code   150  tim.o(i.HAL_TIM_PeriodElapsedCallback)
    HAL_TIM_SlaveConfigSynchronization       0x080033d9   Thumb Code    66  stm32f4xx_hal_tim.o(i.HAL_TIM_SlaveConfigSynchronization)
    HAL_TIM_TriggerCallback                  0x0800341b   Thumb Code     2  stm32f4xx_hal_tim.o(i.HAL_TIM_TriggerCallback)
    HAL_UART_ErrorCallback                   0x0800341d   Thumb Code     2  stm32f4xx_hal_uart.o(i.HAL_UART_ErrorCallback)
    HAL_UART_IRQHandler                      0x08003421   Thumb Code   266  stm32f4xx_hal_uart.o(i.HAL_UART_IRQHandler)
    HAL_UART_Init                            0x0800352b   Thumb Code    90  stm32f4xx_hal_uart.o(i.HAL_UART_Init)
    HAL_UART_MspInit                         0x08003585   Thumb Code   292  usart.o(i.HAL_UART_MspInit)
    HAL_UART_RxCpltCallback                  0x080036cd   Thumb Code    16  usart.o(i.HAL_UART_RxCpltCallback)
    HAL_UART_Transmit_DMA                    0x080036e5   Thumb Code   132  stm32f4xx_hal_uart.o(i.HAL_UART_Transmit_DMA)
    HAL_UART_TxCpltCallback                  0x08003775   Thumb Code     2  usart.o(i.HAL_UART_TxCpltCallback)
    HAL_UART_TxHalfCpltCallback              0x08003777   Thumb Code     2  stm32f4xx_hal_uart.o(i.HAL_UART_TxHalfCpltCallback)
    I2C_NoAck                                0x08003779   Thumb Code    72  nine_axis_module.o(i.I2C_NoAck)
    I2C_ReadByte                             0x080037c5   Thumb Code    94  nine_axis_module.o(i.I2C_ReadByte)
    I2C_SendByte                             0x08003829   Thumb Code    94  nine_axis_module.o(i.I2C_SendByte)
    I2C_Start                                0x0800388d   Thumb Code   100  nine_axis_module.o(i.I2C_Start)
    I2C_Stop                                 0x08003915   Thumb Code    72  nine_axis_module.o(i.I2C_Stop)
    I2C_WaitAck                              0x08003961   Thumb Code   102  nine_axis_module.o(i.I2C_WaitAck)
    IIC_Ack                                  0x080039cd   Thumb Code    50  myiic.o(i.IIC_Ack)
    IIC_NAck                                 0x08003a0d   Thumb Code    50  myiic.o(i.IIC_NAck)
    IIC_Read_Byte                            0x08003a4d   Thumb Code    96  myiic.o(i.IIC_Read_Byte)
    IIC_Send_Byte                            0x08003ab9   Thumb Code    82  myiic.o(i.IIC_Send_Byte)
    IIC_Start                                0x08003b19   Thumb Code    50  myiic.o(i.IIC_Start)
    IIC_Stop                                 0x08003b59   Thumb Code    52  myiic.o(i.IIC_Stop)
    IIC_Wait_Ack                             0x08003b99   Thumb Code    76  myiic.o(i.IIC_Wait_Ack)
    Init_L3G4200D                            0x08003bf1   Thumb Code    56  nine_axis_module.o(i.Init_L3G4200D)
    Limit_PWMOUT                             0x08003c29   Thumb Code    32  pid_control.o(i.Limit_PWMOUT)
    MPU_Init                                 0x08003c59   Thumb Code   126  mpu6050.o(i.MPU_Init)
    MPU_Read_Byte                            0x08003cf1   Thumb Code    58  mpu6050.o(i.MPU_Read_Byte)
    MPU_Read_Len                             0x08003d2d   Thumb Code   108  mpu6050.o(i.MPU_Read_Len)
    MPU_Set_Accel_Fsr                        0x08003d99   Thumb Code    10  mpu6050.o(i.MPU_Set_Accel_Fsr)
    MPU_Set_Gyro_Fsr                         0x08003da3   Thumb Code    10  mpu6050.o(i.MPU_Set_Gyro_Fsr)
    MPU_Set_LPF                              0x08003dad   Thumb Code    48  mpu6050.o(i.MPU_Set_LPF)
    MPU_Set_Rate                             0x08003ddd   Thumb Code    46  mpu6050.o(i.MPU_Set_Rate)
    MPU_Write_Byte                           0x08003e0b   Thumb Code    60  mpu6050.o(i.MPU_Write_Byte)
    MPU_Write_Len                            0x08003e47   Thumb Code    82  mpu6050.o(i.MPU_Write_Len)
    MX_DMA_Init                              0x08003e99   Thumb Code    64  dma.o(i.MX_DMA_Init)
    MX_GPIO_Init                             0x08003edd   Thumb Code   192  gpio.o(i.MX_GPIO_Init)
    MX_I2C1_Init                             0x08003fb9   Thumb Code    34  i2c.o(i.MX_I2C1_Init)
    MX_I2C2_Init                             0x08003fe9   Thumb Code    34  i2c.o(i.MX_I2C2_Init)
    MX_SPI1_Init                             0x08004019   Thumb Code    40  spi.o(i.MX_SPI1_Init)
    MX_TIM10_Init                            0x08004049   Thumb Code    28  tim.o(i.MX_TIM10_Init)
    MX_TIM11_Init                            0x0800406d   Thumb Code    28  tim.o(i.MX_TIM11_Init)
    MX_TIM13_Init                            0x08004091   Thumb Code    26  tim.o(i.MX_TIM13_Init)
    MX_TIM14_Init                            0x080040b5   Thumb Code    28  tim.o(i.MX_TIM14_Init)
    MX_TIM1_Init                             0x080040d9   Thumb Code   154  tim.o(i.MX_TIM1_Init)
    MX_TIM3_Init                             0x0800417d   Thumb Code   112  tim.o(i.MX_TIM3_Init)
    MX_TIM6_Init                             0x080041f5   Thumb Code    42  tim.o(i.MX_TIM6_Init)
    MX_TIM7_Init                             0x08004229   Thumb Code    40  tim.o(i.MX_TIM7_Init)
    MX_TIM8_Init                             0x08004259   Thumb Code    64  tim.o(i.MX_TIM8_Init)
    MX_TIM9_Init                             0x080042a1   Thumb Code    78  tim.o(i.MX_TIM9_Init)
    MX_USART2_UART_Init                      0x080042f9   Thumb Code    32  usart.o(i.MX_USART2_UART_Init)
    MX_USART3_UART_Init                      0x08004321   Thumb Code    32  usart.o(i.MX_USART3_UART_Init)
    MX_USART6_UART_Init                      0x08004349   Thumb Code    32  usart.o(i.MX_USART6_UART_Init)
    PID_Calculate                            0x08004391   Thumb Code   170  pid_control.o(i.PID_Calculate)
    PID_Init                                 0x0800443d   Thumb Code    74  pid_control.o(i.PID_Init)
    Read_L3G4200D                            0x0800449d   Thumb Code   158  nine_axis_module.o(i.Read_L3G4200D)
    SendChar                                 0x0800454d   Thumb Code    20  usart.o(i.SendChar)
    Send_Data                                0x08004565   Thumb Code    38  data_transfer.o(i.Send_Data)
    Single_Read                              0x08004591   Thumb Code    84  nine_axis_module.o(i.Single_Read)
    Single_Write                             0x08004601   Thumb Code    78  nine_axis_module.o(i.Single_Write)
    SpeedInitVal_Pitch_MinusDirec            0x08004681   Thumb Code    46  pid_control.o(i.SpeedInitVal_Pitch_MinusDirec)
    SpeedInitVal_Pitch_PlusDirec             0x080046b9   Thumb Code    42  pid_control.o(i.SpeedInitVal_Pitch_PlusDirec)
    SpeedInitVal_Roll_MinusDirec             0x080046ed   Thumb Code    46  pid_control.o(i.SpeedInitVal_Roll_MinusDirec)
    SpeedInitVal_Roll_PlusDirec              0x08004725   Thumb Code    42  pid_control.o(i.SpeedInitVal_Roll_PlusDirec)
    SysTick_Handler                          0x08004759   Thumb Code    14  stm32f4xx_it.o(i.SysTick_Handler)
    SystemClock_Config                       0x08004769   Thumb Code    96  main.o(i.SystemClock_Config)
    SystemInit                               0x080047d1   Thumb Code    66  system_stm32f4xx.o(i.SystemInit)
    TIM1_Motor_PWMOutput                     0x08004825   Thumb Code    20  motor.o(i.TIM1_Motor_PWMOutput)
    TIM1_TRG_COM_TIM11_IRQHandler            0x0800483d   Thumb Code    18  stm32f4xx_it.o(i.TIM1_TRG_COM_TIM11_IRQHandler)
    TIM3_IRQHandler                          0x08004859   Thumb Code   348  stm32f4xx_it.o(i.TIM3_IRQHandler)
    TIM6_DAC_IRQHandler                      0x080049e5   Thumb Code     6  stm32f4xx_it.o(i.TIM6_DAC_IRQHandler)
    TIM7_IRQHandler                          0x080049f1   Thumb Code     6  stm32f4xx_it.o(i.TIM7_IRQHandler)
    TIM_Base_SetConfig                       0x080049fd   Thumb Code   148  stm32f4xx_hal_tim.o(i.TIM_Base_SetConfig)
    TIM_CCxChannelCmd                        0x08004abd   Thumb Code    22  stm32f4xx_hal_tim.o(i.TIM_CCxChannelCmd)
    TIM_OC2_SetConfig                        0x08004b51   Thumb Code    90  stm32f4xx_hal_tim.o(i.TIM_OC2_SetConfig)
    TIM_TI1_SetConfig                        0x08004d05   Thumb Code   104  stm32f4xx_hal_tim.o(i.TIM_TI1_SetConfig)
    USART2_IRQHandler                        0x080050c1   Thumb Code   176  stm32f4xx_it.o(i.USART2_IRQHandler)
    USART3_IRQHandler                        0x0800517d   Thumb Code     6  stm32f4xx_it.o(i.USART3_IRQHandler)
    __0printf                                0x08005189   Thumb Code    22  printfa.o(i.__0printf)
    __1printf                                0x08005189   Thumb Code     0  printfa.o(i.__0printf)
    __2printf                                0x08005189   Thumb Code     0  printfa.o(i.__0printf)
    __c89printf                              0x08005189   Thumb Code     0  printfa.o(i.__0printf)
    printf                                   0x08005189   Thumb Code     0  printfa.o(i.__0printf)
    __ARM_fpclassify                         0x080051a9   Thumb Code    48  fpclassify.o(i.__ARM_fpclassify)
    __hardfp_asin                            0x080051d9   Thumb Code   774  asin.o(i.__hardfp_asin)
    __hardfp_atan                            0x08005549   Thumb Code   636  atan.o(i.__hardfp_atan)
    __hardfp_atan2                           0x08005831   Thumb Code   416  atan2.o(i.__hardfp_atan2)
    __kernel_poly                            0x08005a11   Thumb Code   248  poly.o(i.__kernel_poly)
    __mathlib_dbl_underflow                  0x08005b09   Thumb Code    24  dunder.o(i.__mathlib_dbl_underflow)
    __scatterload_copy                       0x08005b29   Thumb Code    14  handlers.o(i.__scatterload_copy)
    __scatterload_null                       0x08005b37   Thumb Code     2  handlers.o(i.__scatterload_null)
    __scatterload_zeroinit                   0x08005b39   Thumb Code    14  handlers.o(i.__scatterload_zeroinit)
    __set_errno                              0x08005b49   Thumb Code     6  errno.o(i.__set_errno)
    atan                                     0x08006489   Thumb Code    16  atan.o(i.atan)
    delay_ms                                 0x08006499   Thumb Code    22  myiic.o(i.delay_ms)
    delay_us                                 0x080064af   Thumb Code    28  myiic.o(i.delay_us)
    dmp_enable_6x_lp_quat                    0x080064cb   Thumb Code    58  inv_mpu_dmp_motion_driver.o(i.dmp_enable_6x_lp_quat)
    dmp_enable_feature                       0x08006505   Thumb Code   464  inv_mpu_dmp_motion_driver.o(i.dmp_enable_feature)
    dmp_enable_gyro_cal                      0x080066dd   Thumb Code    44  inv_mpu_dmp_motion_driver.o(i.dmp_enable_gyro_cal)
    dmp_enable_lp_quat                       0x08006721   Thumb Code    58  inv_mpu_dmp_motion_driver.o(i.dmp_enable_lp_quat)
    dmp_load_motion_driver_firmware          0x0800675d   Thumb Code    16  inv_mpu_dmp_motion_driver.o(i.dmp_load_motion_driver_firmware)
    dmp_read_fifo                            0x08006771   Thumb Code   324  inv_mpu_dmp_motion_driver.o(i.dmp_read_fifo)
    dmp_set_accel_bias                       0x080068b9   Thumb Code   218  inv_mpu_dmp_motion_driver.o(i.dmp_set_accel_bias)
    dmp_set_fifo_rate                        0x08006999   Thumb Code    82  inv_mpu_dmp_motion_driver.o(i.dmp_set_fifo_rate)
    dmp_set_gyro_bias                        0x080069fd   Thumb Code   200  inv_mpu_dmp_motion_driver.o(i.dmp_set_gyro_bias)
    dmp_set_orientation                      0x08006acd   Thumb Code   246  inv_mpu_dmp_motion_driver.o(i.dmp_set_orientation)
    dmp_set_shake_reject_thresh              0x08006bd9   Thumb Code    48  inv_mpu_dmp_motion_driver.o(i.dmp_set_shake_reject_thresh)
    dmp_set_shake_reject_time                0x08006c09   Thumb Code    32  inv_mpu_dmp_motion_driver.o(i.dmp_set_shake_reject_time)
    dmp_set_shake_reject_timeout             0x08006c29   Thumb Code    32  inv_mpu_dmp_motion_driver.o(i.dmp_set_shake_reject_timeout)
    dmp_set_tap_axes                         0x08006c49   Thumb Code    64  inv_mpu_dmp_motion_driver.o(i.dmp_set_tap_axes)
    dmp_set_tap_count                        0x08006c89   Thumb Code    34  inv_mpu_dmp_motion_driver.o(i.dmp_set_tap_count)
    dmp_set_tap_thresh                       0x08006cad   Thumb Code   314  inv_mpu_dmp_motion_driver.o(i.dmp_set_tap_thresh)
    dmp_set_tap_time                         0x08006e0d   Thumb Code    32  inv_mpu_dmp_motion_driver.o(i.dmp_set_tap_time)
    dmp_set_tap_time_multi                   0x08006e2d   Thumb Code    32  inv_mpu_dmp_motion_driver.o(i.dmp_set_tap_time_multi)
    fabs                                     0x08006e4d   Thumb Code    32  fabs.o(i.fabs)
    fputc                                    0x08006e6d   Thumb Code     4  regtarge.o(i.fputc)
    get_sensor_data                          0x08006f25   Thumb Code   180  uranus.o(i.get_sensor_data)
    inv_orientation_matrix_to_scalar         0x080073d5   Thumb Code    34  inv_mpu.o(i.inv_orientation_matrix_to_scalar)
    inv_row_2_scale                          0x080073f7   Thumb Code    72  inv_mpu.o(i.inv_row_2_scale)
    main                                     0x08007441   Thumb Code   428  main.o(i.main)
    mget_ms                                  0x08007681   Thumb Code     2  inv_mpu.o(i.mget_ms)
    mpu_configure_fifo                       0x08007685   Thumb Code    78  inv_mpu.o(i.mpu_configure_fifo)
    mpu_dmp_get_data                         0x080076d9   Thumb Code   426  inv_mpu.o(i.mpu_dmp_get_data)
    mpu_dmp_init                             0x080078a5   Thumb Code   156  inv_mpu.o(i.mpu_dmp_init)
    mpu_get_accel_fsr                        0x08007945   Thumb Code    54  inv_mpu.o(i.mpu_get_accel_fsr)
    mpu_get_accel_sens                       0x08007981   Thumb Code    62  inv_mpu.o(i.mpu_get_accel_sens)
    mpu_get_gyro_fsr                         0x080079c5   Thumb Code    48  inv_mpu.o(i.mpu_get_gyro_fsr)
    mpu_get_gyro_sens                        0x080079f9   Thumb Code    54  inv_mpu.o(i.mpu_get_gyro_sens)
    mpu_get_lpf                              0x08007a45   Thumb Code    52  inv_mpu.o(i.mpu_get_lpf)
    mpu_get_sample_rate                      0x08007a7d   Thumb Code    22  inv_mpu.o(i.mpu_get_sample_rate)
    mpu_init                                 0x08007a99   Thumb Code   312  inv_mpu.o(i.mpu_init)
    mpu_load_firmware                        0x08007c21   Thumb Code   154  inv_mpu.o(i.mpu_load_firmware)
    mpu_lp_accel_mode                        0x08007cc1   Thumb Code   178  inv_mpu.o(i.mpu_lp_accel_mode)
    mpu_read_fifo_stream                     0x08007d79   Thumb Code   140  inv_mpu.o(i.mpu_read_fifo_stream)
    mpu_read_mem                             0x08007e09   Thumb Code    80  inv_mpu.o(i.mpu_read_mem)
    mpu_reset_fifo                           0x08007e5d   Thumb Code   340  inv_mpu.o(i.mpu_reset_fifo)
    mpu_run_self_test                        0x08007fb5   Thumb Code   234  inv_mpu.o(i.mpu_run_self_test)
    mpu_set_accel_fsr                        0x080080a5   Thumb Code    98  inv_mpu.o(i.mpu_set_accel_fsr)
    mpu_set_bypass                           0x0800810d   Thumb Code   214  inv_mpu.o(i.mpu_set_bypass)
    mpu_set_dmp_state                        0x080081e9   Thumb Code   114  inv_mpu.o(i.mpu_set_dmp_state)
    mpu_set_gyro_fsr                         0x08008261   Thumb Code   104  inv_mpu.o(i.mpu_set_gyro_fsr)
    mpu_set_int_latched                      0x080082cd   Thumb Code    94  inv_mpu.o(i.mpu_set_int_latched)
    mpu_set_lpf                              0x08008331   Thumb Code   102  inv_mpu.o(i.mpu_set_lpf)
    mpu_set_sample_rate                      0x0800839d   Thumb Code   124  inv_mpu.o(i.mpu_set_sample_rate)
    mpu_set_sensors                          0x0800841d   Thumb Code   178  inv_mpu.o(i.mpu_set_sensors)
    mpu_write_mem                            0x080084d5   Thumb Code    80  inv_mpu.o(i.mpu_write_mem)
    run_self_test                            0x08008529   Thumb Code   136  inv_mpu.o(i.run_self_test)
    sqrt                                     0x08008609   Thumb Code   110  sqrt.o(i.sqrt)
    APBAHBPrescTable                         0x08008676   Data          16  stm32f4xx_hal_rcc.o(.constdata)
    reg                                      0x08008686   Data          27  inv_mpu.o(.constdata)
    hw                                       0x080086a2   Data          12  inv_mpu.o(.constdata)
    test                                     0x080086b0   Data          40  inv_mpu.o(.constdata)
    motor1                                   0x0800931c   Data         124  motor.o(.constdata)
    motor2                                   0x08009398   Data         140  motor.o(.constdata)
    motor3                                   0x08009424   Data         100  motor.o(.constdata)
    motor4                                   0x08009488   Data         140  motor.o(.constdata)
    __mathlib_zero                           0x08009600   Data           8  qnan.o(.constdata)
    Region$$Table$$Base                      0x08009608   Number         0  anon$$obj.o(Region$$Table)
    Region$$Table$$Limit                     0x08009628   Number         0  anon$$obj.o(Region$$Table)
    SystemCoreClock                          0x20000000   Data           4  system_stm32f4xx.o(.data)
    AHBPrescTable                            0x20000004   Data          16  system_stm32f4xx.o(.data)
    Hz57                                     0x20000020   Data           1  main.o(.data)
    Hz167                                    0x20000021   Data           1  main.o(.data)
    Receive                                  0x20000022   Data           1  stm32f4xx_it.o(.data)
    RxState                                  0x20000024   Data           1  stm32f4xx_it.o(.data)
    workstatus                               0x20000038   Data           1  gpio.o(.data)
    state                                    0x20000039   Data           1  gpio.o(.data)
    press                                    0x2000003a   Data           1  gpio.o(.data)
    __stdout                                 0x2000003c   Data           4  regtarge.o(.data)
    q0                                       0x20000040   Data           4  inv_mpu.o(.data)
    q1                                       0x20000044   Data           4  inv_mpu.o(.data)
    q2                                       0x20000048   Data           4  inv_mpu.o(.data)
    q3                                       0x2000004c   Data           4  inv_mpu.o(.data)
    Send_Status                              0x20000085   Data           1  data_transfer.o(.data)
    Send_Senser                              0x20000086   Data           1  data_transfer.o(.data)
    Send_PID                                 0x20000087   Data           1  data_transfer.o(.data)
    MOTOR1                                   0x20000088   Data           2  pid_control.o(.data)
    MOTOR2                                   0x2000008a   Data           2  pid_control.o(.data)
    MOTOR3                                   0x2000008c   Data           2  pid_control.o(.data)
    MOTOR4                                   0x2000008e   Data           2  pid_control.o(.data)
    Motor_Thr                                0x20000090   Data           2  pid_control.o(.data)
    Motor_Angle_X                            0x20000094   Data           4  pid_control.o(.data)
    Motor_Angle_Y                            0x20000098   Data           4  pid_control.o(.data)
    Roll                                     0x2000009c   Data           4  pid_control.o(.data)
    Pitch                                    0x200000a0   Data           4  pid_control.o(.data)
    Angle_Time_dt                            0x200000b8   Data           4  pid_control.o(.data)
    Rate_Time_dt                             0x200000bc   Data           4  pid_control.o(.data)
    pid_pitch                                0x200000c0   Data           4  pid_control.o(.data)
    pid_roll                                 0x200000c4   Data           4  pid_control.o(.data)
    gx                                       0x200000c8   Data           4  pid_control.o(.data)
    gy                                       0x200000cc   Data           4  pid_control.o(.data)
    Yaw                                      0x200000d0   Data           4  pid_control.o(.data)
    Accel_X                                  0x200000e2   Data           2  uranus.o(.data)
    Accel_Y                                  0x200000e4   Data           2  uranus.o(.data)
    Accel_Z                                  0x200000e6   Data           2  uranus.o(.data)
    Gyro_X                                   0x200000e8   Data           2  uranus.o(.data)
    Gyro_Y                                   0x200000ea   Data           2  uranus.o(.data)
    Gyro_Z                                   0x200000ec   Data           2  uranus.o(.data)
    Mag_X                                    0x200000ee   Data           2  uranus.o(.data)
    Mag_Y                                    0x200000f0   Data           2  uranus.o(.data)
    Mag_Z                                    0x200000f2   Data           2  uranus.o(.data)
    Pitch_Direction                          0x200000fc   Data           1  pendulumcontrol.o(.data)
    Init_Pitch                               0x20000104   Data           4  pendulumcontrol.o(.data)
    ac4                                      0x20000118   Data           1  nine_axis_module.o(.data)
    ac5                                      0x20000119   Data           1  nine_axis_module.o(.data)
    ac6                                      0x2000011a   Data           1  nine_axis_module.o(.data)
    ac1                                      0x2000011c   Data           2  nine_axis_module.o(.data)
    ac2                                      0x2000011e   Data           2  nine_axis_module.o(.data)
    ac3                                      0x20000120   Data           2  nine_axis_module.o(.data)
    b1                                       0x20000122   Data           2  nine_axis_module.o(.data)
    b2                                       0x20000124   Data           2  nine_axis_module.o(.data)
    mb                                       0x20000126   Data           2  nine_axis_module.o(.data)
    mc                                       0x20000128   Data           2  nine_axis_module.o(.data)
    md                                       0x2000012a   Data           2  nine_axis_module.o(.data)
    T_X                                      0x2000012c   Data           2  nine_axis_module.o(.data)
    T_Y                                      0x2000012e   Data           2  nine_axis_module.o(.data)
    T_Z                                      0x20000130   Data           2  nine_axis_module.o(.data)
    M_X                                      0x20000134   Data           4  nine_axis_module.o(.data)
    M_Y                                      0x20000138   Data           4  nine_axis_module.o(.data)
    M_Z                                      0x2000013c   Data           4  nine_axis_module.o(.data)
    Gyro_Xout_Offset                         0x20000140   Data           4  nine_axis_module.o(.data)
    Gyro_Yout_Offset                         0x20000144   Data           4  nine_axis_module.o(.data)
    temperature                              0x20000148   Data           4  nine_axis_module.o(.data)
    pressure                                 0x2000014c   Data           4  nine_axis_module.o(.data)
    A_X                                      0x20000150   Data           4  nine_axis_module.o(.data)
    A_Y                                      0x20000154   Data           4  nine_axis_module.o(.data)
    A_Z                                      0x20000158   Data           4  nine_axis_module.o(.data)
    Q                                        0x2000015c   Data           4  nine_axis_module.o(.data)
    T                                        0x20000160   Data           4  nine_axis_module.o(.data)
    K                                        0x20000164   Data           4  nine_axis_module.o(.data)
    init_gx                                  0x20000168   Data           4  nine_axis_module.o(.data)
    init_gy                                  0x2000016c   Data           4  nine_axis_module.o(.data)
    data_xyz                                 0x20000170   Data           6  nine_axis_module.o(.data)
    BUF                                      0x20000176   Data           8  nine_axis_module.o(.data)
    htim1                                    0x20000184   Data          60  tim.o(.bss)
    htim3                                    0x200001c0   Data          60  tim.o(.bss)
    htim6                                    0x200001fc   Data          60  tim.o(.bss)
    htim7                                    0x20000238   Data          60  tim.o(.bss)
    htim8                                    0x20000274   Data          60  tim.o(.bss)
    htim9                                    0x200002b0   Data          60  tim.o(.bss)
    htim10                                   0x200002ec   Data          60  tim.o(.bss)
    htim11                                   0x20000328   Data          60  tim.o(.bss)
    htim13                                   0x20000364   Data          60  tim.o(.bss)
    htim14                                   0x200003a0   Data          60  tim.o(.bss)
    RxBuffer                                 0x200003dc   Data          50  stm32f4xx_it.o(.bss)
    uart3_RX_data                            0x20000410   Data          32  usart.o(.bss)
    huart2                                   0x20000430   Data          64  usart.o(.bss)
    huart3                                   0x20000470   Data          64  usart.o(.bss)
    huart6                                   0x200004b0   Data          64  usart.o(.bss)
    hdma_usart2_rx                           0x200004f0   Data          80  usart.o(.bss)
    hdma_usart2_tx                           0x20000540   Data          80  usart.o(.bss)
    hdma_usart3_rx                           0x20000590   Data          80  usart.o(.bss)
    data_to_send                             0x200005f0   Data         120  data_transfer.o(.bss)
    PID_Pitch_Struct                         0x20000668   Data          52  pid_control.o(.bss)
    PID_Roll_Struct                          0x2000069c   Data          52  pid_control.o(.bss)
    PID_Pitch_Rate_Struct                    0x200006d0   Data          52  pid_control.o(.bss)
    PID_Roll_Rate_Struct                     0x20000704   Data          52  pid_control.o(.bss)
    PID_Z_Struct                             0x20000738   Data          52  pid_control.o(.bss)
    PID_Para                                 0x2000076c   Data          52  pid_control.o(.bss)
    hspi1                                    0x200007a0   Data          88  spi.o(.bss)
    hi2c1                                    0x200007f8   Data          60  i2c.o(.bss)
    hi2c2                                    0x20000834   Data          60  i2c.o(.bss)
    __initial_sp                             0x20000c70   Data           0  startup_stm32f407xx.o(STACK)



==============================================================================

Memory Map of the image

  Image Entry point : 0x08000189

  Load Region LR_IROM1 (Base: 0x08000000, Size: 0x000097ac, Max: 0x00100000, ABSOLUTE, COMPRESSED[0x00009668])

    Execution Region ER_IROM1 (Base: 0x08000000, Size: 0x00009628, Max: 0x00100000, ABSOLUTE)

    Base Addr    Size         Type   Attr      Idx    E Section Name        Object

    0x08000000   0x00000188   Data   RO         2734    RESET               startup_stm32f407xx.o
    0x08000188   0x00000000   Code   RO         4905  * .ARM.Collect$$$$00000000  mc_w.l(entry.o)
    0x08000188   0x00000004   Code   RO         5260    .ARM.Collect$$$$00000001  mc_w.l(entry2.o)
    0x0800018c   0x00000004   Code   RO         5263    .ARM.Collect$$$$00000004  mc_w.l(entry5.o)
    0x08000190   0x00000000   Code   RO         5265    .ARM.Collect$$$$00000008  mc_w.l(entry7b.o)
    0x08000190   0x00000000   Code   RO         5267    .ARM.Collect$$$$0000000A  mc_w.l(entry8b.o)
    0x08000190   0x00000008   Code   RO         5268    .ARM.Collect$$$$0000000B  mc_w.l(entry9a.o)
    0x08000198   0x00000000   Code   RO         5270    .ARM.Collect$$$$0000000D  mc_w.l(entry10a.o)
    0x08000198   0x00000000   Code   RO         5272    .ARM.Collect$$$$0000000F  mc_w.l(entry11a.o)
    0x08000198   0x00000004   Code   RO         5261    .ARM.Collect$$$$00002712  mc_w.l(entry2.o)
    0x0800019c   0x00000024   Code   RO         2735    .text               startup_stm32f407xx.o
    0x080001c0   0x0000005a   Code   RO         4908    .text               mc_w.l(ldiv.o)
    0x0800021a   0x00000024   Code   RO         4910    .text               mc_w.l(memseta.o)
    0x0800023e   0x0000001a   Code   RO         4912    .text               mc_w.l(memcmp.o)
    0x08000258   0x0000014e   Code   RO         5203    .text               mf_w.l(dadd.o)
    0x080003a6   0x000000e4   Code   RO         5205    .text               mf_w.l(dmul.o)
    0x0800048a   0x000000de   Code   RO         5207    .text               mf_w.l(ddiv.o)
    0x08000568   0x00000026   Code   RO         5213    .text               mf_w.l(f2d.o)
    0x0800058e   0x00000038   Code   RO         5217    .text               mf_w.l(d2f.o)
    0x080005c6   0x0000002c   Code   RO         5274    .text               mc_w.l(uidiv.o)
    0x080005f2   0x00000062   Code   RO         5276    .text               mc_w.l(uldiv.o)
    0x08000654   0x0000001e   Code   RO         5278    .text               mc_w.l(llshl.o)
    0x08000672   0x00000024   Code   RO         5280    .text               mc_w.l(llsshr.o)
    0x08000696   0x00000000   Code   RO         5295    .text               mc_w.l(iusefp.o)
    0x08000696   0x0000006c   Code   RO         5296    .text               mf_w.l(fepilogue.o)
    0x08000702   0x000000be   Code   RO         5298    .text               mf_w.l(depilogue.o)
    0x080007c0   0x000000a2   Code   RO         5302    .text               mf_w.l(dsqrt.o)
    0x08000862   0x00000030   Code   RO         5304    .text               mf_w.l(dfixul.o)
    0x08000892   0x00000002   PAD
    0x08000894   0x00000028   Code   RO         5306    .text               mf_w.l(cdrcmple.o)
    0x080008bc   0x00000024   Code   RO         5308    .text               mc_w.l(init.o)
    0x080008e0   0x00000020   Code   RO         5310    .text               mc_w.l(llushr.o)
    0x08000900   0x0000005c   Code   RO         5322    .text               mc_w.l(__dczerorl2.o)
    0x0800095c   0x00000040   Code   RO         4119    i.CtrlAttiAng       pid_control.o
    0x0800099c   0x000000c0   Code   RO         4120    i.CtrlAttiRate      pid_control.o
    0x08000a5c   0x0000000c   Code   RO         3009    i.DMA1_Stream1_IRQHandler  stm32f4xx_it.o
    0x08000a68   0x0000000c   Code   RO         3010    i.DMA1_Stream5_IRQHandler  stm32f4xx_it.o
    0x08000a74   0x0000000c   Code   RO         3011    i.DMA1_Stream6_IRQHandler  stm32f4xx_it.o
    0x08000a80   0x00000028   Code   RO          165    i.DMA_SetConfig     stm32f4xx_hal_dma.o
    0x08000aa8   0x000001dc   Code   RO         4049    i.Data_Receive_Anl  data_transfer.o
    0x08000c84   0x0000004c   Code   RO         4050    i.Data_Send_Check   data_transfer.o
    0x08000cd0   0x0000017c   Code   RO         4052    i.Data_Send_PID     data_transfer.o
    0x08000e4c   0x000000d0   Code   RO         4053    i.Data_Send_Senser  data_transfer.o
    0x08000f1c   0x00000094   Code   RO         4054    i.Data_Send_Status  data_transfer.o
    0x08000fb0   0x00000006   Code   RO         3012    i.EXTI0_IRQHandler  stm32f4xx_it.o
    0x08000fb6   0x00000002   PAD
    0x08000fb8   0x00000024   Code   RO         4285    i.Get_Angle_PIDtime  motor.o
    0x08000fdc   0x0000002c   Code   RO         4287    i.Get_Rate_PIDtime  motor.o
    0x08001008   0x00000f6c   Code   RO          170    i.HAL_DMA_IRQHandler  stm32f4xx_hal_dma.o
    0x08001f74   0x00000070   Code   RO          171    i.HAL_DMA_Init      stm32f4xx_hal_dma.o
    0x08001fe4   0x0000006c   Code   RO          174    i.HAL_DMA_Start_IT  stm32f4xx_hal_dma.o
    0x08002050   0x00000074   Code   RO         3108    i.HAL_GPIO_EXTI_Callback  gpio.o
    0x080020c4   0x00000018   Code   RO          361    i.HAL_GPIO_EXTI_IRQHandler  stm32f4xx_hal_gpio.o
    0x080020dc   0x000001bc   Code   RO          362    i.HAL_GPIO_Init     stm32f4xx_hal_gpio.o
    0x08002298   0x0000000a   Code   RO          364    i.HAL_GPIO_ReadPin  stm32f4xx_hal_gpio.o
    0x080022a2   0x0000000a   Code   RO          366    i.HAL_GPIO_WritePin  stm32f4xx_hal_gpio.o
    0x080022ac   0x0000000c   Code   RO         1412    i.HAL_GetTick       stm32f4xx_hal.o
    0x080022b8   0x000000f8   Code   RO         2182    i.HAL_I2C_Init      stm32f4xx_hal_i2c.o
    0x080023b0   0x00000058   Code   RO         4567    i.HAL_I2C_MspInit   i2c.o
    0x08002408   0x00000010   Code   RO         1413    i.HAL_IncTick       stm32f4xx_hal.o
    0x08002418   0x00000034   Code   RO         1414    i.HAL_Init          stm32f4xx_hal.o
    0x0800244c   0x00000022   Code   RO         1415    i.HAL_InitTick      stm32f4xx_hal.o
    0x0800246e   0x00000016   Code   RO         3142    i.HAL_MspInit       stm32f4xx_hal_msp.o
    0x08002484   0x00000018   Code   RO          244    i.HAL_NVIC_EnableIRQ  stm32f4xx_hal_cortex.o
    0x0800249c   0x00000040   Code   RO          250    i.HAL_NVIC_SetPriority  stm32f4xx_hal_cortex.o
    0x080024dc   0x00000024   Code   RO          251    i.HAL_NVIC_SetPriorityGrouping  stm32f4xx_hal_cortex.o
    0x08002500   0x000001b8   Code   RO          879    i.HAL_RCC_ClockConfig  stm32f4xx_hal_rcc.o
    0x080026b8   0x00000034   Code   RO          884    i.HAL_RCC_GetHCLKFreq  stm32f4xx_hal_rcc.o
    0x080026ec   0x0000002c   Code   RO          886    i.HAL_RCC_GetPCLK1Freq  stm32f4xx_hal_rcc.o
    0x08002718   0x0000002c   Code   RO          887    i.HAL_RCC_GetPCLK2Freq  stm32f4xx_hal_rcc.o
    0x08002744   0x00000074   Code   RO          888    i.HAL_RCC_GetSysClockFreq  stm32f4xx_hal_rcc.o
    0x080027b8   0x00000334   Code   RO          891    i.HAL_RCC_OscConfig  stm32f4xx_hal_rcc.o
    0x08002aec   0x00000080   Code   RO         2504    i.HAL_SPI_Init      stm32f4xx_hal_spi.o
    0x08002b6c   0x00000040   Code   RO         4525    i.HAL_SPI_MspInit   spi.o
    0x08002bac   0x00000002   Code   RO         2904    i.HAL_SYSTICK_Callback  main.o
    0x08002bae   0x00000028   Code   RO          255    i.HAL_SYSTICK_Config  stm32f4xx_hal_cortex.o
    0x08002bd6   0x00000008   Code   RO          256    i.HAL_SYSTICK_IRQHandler  stm32f4xx_hal_cortex.o
    0x08002bde   0x00000002   Code   RO          467    i.HAL_TIMEx_BreakCallback  stm32f4xx_hal_tim_ex.o
    0x08002be0   0x00000002   Code   RO          468    i.HAL_TIMEx_CommutationCallback  stm32f4xx_hal_tim_ex.o
    0x08002be2   0x00000042   Code   RO          469    i.HAL_TIMEx_ConfigBreakDeadTime  stm32f4xx_hal_tim_ex.o
    0x08002c24   0x00000050   Code   RO          484    i.HAL_TIMEx_MasterConfigSynchronization  stm32f4xx_hal_tim_ex.o
    0x08002c74   0x00000030   Code   RO         1547    i.HAL_TIM_Base_Init  stm32f4xx_hal_tim.o
    0x08002ca4   0x00000158   Code   RO         2743    i.HAL_TIM_Base_MspInit  tim.o
    0x08002dfc   0x0000001a   Code   RO         1550    i.HAL_TIM_Base_Start  stm32f4xx_hal_tim.o
    0x08002e16   0x00000018   Code   RO         1552    i.HAL_TIM_Base_Start_IT  stm32f4xx_hal_tim.o
    0x08002e2e   0x000000f0   Code   RO         1556    i.HAL_TIM_ConfigClockSource  stm32f4xx_hal_tim.o
    0x08002f1e   0x00000002   Code   RO         2744    i.HAL_TIM_IC_CaptureCallback  tim.o
    0x08002f20   0x0000011a   Code   RO         1577    i.HAL_TIM_IC_ConfigChannel  stm32f4xx_hal_tim.o
    0x0800303a   0x00000030   Code   RO         1580    i.HAL_TIM_IC_Init   stm32f4xx_hal_tim.o
    0x0800306a   0x00000002   Code   RO         1582    i.HAL_TIM_IC_MspInit  stm32f4xx_hal_tim.o
    0x0800306c   0x00000166   Code   RO         1589    i.HAL_TIM_IRQHandler  stm32f4xx_hal_tim.o
    0x080031d2   0x00000002   Code   RO         1592    i.HAL_TIM_OC_DelayElapsedCallback  stm32f4xx_hal_tim.o
    0x080031d4   0x000000ce   Code   RO         1613    i.HAL_TIM_PWM_ConfigChannel  stm32f4xx_hal_tim.o
    0x080032a2   0x00000030   Code   RO         1616    i.HAL_TIM_PWM_Init  stm32f4xx_hal_tim.o
    0x080032d2   0x00000002   Code   RO         1618    i.HAL_TIM_PWM_MspInit  stm32f4xx_hal_tim.o
    0x080032d4   0x00000002   Code   RO         1619    i.HAL_TIM_PWM_PulseFinishedCallback  stm32f4xx_hal_tim.o
    0x080032d6   0x00000002   PAD
    0x080032d8   0x00000038   Code   RO         1620    i.HAL_TIM_PWM_Start  stm32f4xx_hal_tim.o
    0x08003310   0x000000c8   Code   RO         2745    i.HAL_TIM_PeriodElapsedCallback  tim.o
    0x080033d8   0x00000042   Code   RO         1628    i.HAL_TIM_SlaveConfigSynchronization  stm32f4xx_hal_tim.o
    0x0800341a   0x00000002   Code   RO         1630    i.HAL_TIM_TriggerCallback  stm32f4xx_hal_tim.o
    0x0800341c   0x00000002   Code   RO         1013    i.HAL_UART_ErrorCallback  stm32f4xx_hal_uart.o
    0x0800341e   0x00000002   PAD
    0x08003420   0x0000010a   Code   RO         1016    i.HAL_UART_IRQHandler  stm32f4xx_hal_uart.o
    0x0800352a   0x0000005a   Code   RO         1017    i.HAL_UART_Init     stm32f4xx_hal_uart.o
    0x08003584   0x00000148   Code   RO         3168    i.HAL_UART_MspInit  usart.o
    0x080036cc   0x00000018   Code   RO         3169    i.HAL_UART_RxCpltCallback  usart.o
    0x080036e4   0x00000090   Code   RO         1026    i.HAL_UART_Transmit_DMA  stm32f4xx_hal_uart.o
    0x08003774   0x00000002   Code   RO         3170    i.HAL_UART_TxCpltCallback  usart.o
    0x08003776   0x00000002   Code   RO         1029    i.HAL_UART_TxHalfCpltCallback  stm32f4xx_hal_uart.o
    0x08003778   0x0000004c   Code   RO         4617    i.I2C_NoAck         nine_axis_module.o
    0x080037c4   0x00000064   Code   RO         4618    i.I2C_ReadByte      nine_axis_module.o
    0x08003828   0x00000064   Code   RO         4619    i.I2C_SendByte      nine_axis_module.o
    0x0800388c   0x00000088   Code   RO         4620    i.I2C_Start         nine_axis_module.o
    0x08003914   0x0000004c   Code   RO         4621    i.I2C_Stop          nine_axis_module.o
    0x08003960   0x0000006c   Code   RO         4622    i.I2C_WaitAck       nine_axis_module.o
    0x080039cc   0x00000040   Code   RO         3945    i.IIC_Ack           myiic.o
    0x08003a0c   0x00000040   Code   RO         3946    i.IIC_NAck          myiic.o
    0x08003a4c   0x0000006c   Code   RO         3947    i.IIC_Read_Byte     myiic.o
    0x08003ab8   0x00000060   Code   RO         3948    i.IIC_Send_Byte     myiic.o
    0x08003b18   0x00000040   Code   RO         3949    i.IIC_Start         myiic.o
    0x08003b58   0x00000040   Code   RO         3950    i.IIC_Stop          myiic.o
    0x08003b98   0x00000058   Code   RO         3951    i.IIC_Wait_Ack      myiic.o
    0x08003bf0   0x00000038   Code   RO         4627    i.Init_L3G4200D     nine_axis_module.o
    0x08003c28   0x00000030   Code   RO         4125    i.Limit_PWMOUT      pid_control.o
    0x08003c58   0x00000098   Code   RO         3303    i.MPU_Init          mpu6050.o
    0x08003cf0   0x0000003a   Code   RO         3304    i.MPU_Read_Byte     mpu6050.o
    0x08003d2a   0x00000002   PAD
    0x08003d2c   0x0000006c   Code   RO         3305    i.MPU_Read_Len      mpu6050.o
    0x08003d98   0x0000000a   Code   RO         3306    i.MPU_Set_Accel_Fsr  mpu6050.o
    0x08003da2   0x0000000a   Code   RO         3307    i.MPU_Set_Gyro_Fsr  mpu6050.o
    0x08003dac   0x00000030   Code   RO         3308    i.MPU_Set_LPF       mpu6050.o
    0x08003ddc   0x0000002e   Code   RO         3309    i.MPU_Set_Rate      mpu6050.o
    0x08003e0a   0x0000003c   Code   RO         3310    i.MPU_Write_Byte    mpu6050.o
    0x08003e46   0x00000052   Code   RO         3311    i.MPU_Write_Len     mpu6050.o
    0x08003e98   0x00000044   Code   RO         2985    i.MX_DMA_Init       dma.o
    0x08003edc   0x000000dc   Code   RO         3109    i.MX_GPIO_Init      gpio.o
    0x08003fb8   0x00000030   Code   RO         4568    i.MX_I2C1_Init      i2c.o
    0x08003fe8   0x00000030   Code   RO         4569    i.MX_I2C2_Init      i2c.o
    0x08004018   0x00000030   Code   RO         4526    i.MX_SPI1_Init      spi.o
    0x08004048   0x00000024   Code   RO         2746    i.MX_TIM10_Init     tim.o
    0x0800406c   0x00000024   Code   RO         2747    i.MX_TIM11_Init     tim.o
    0x08004090   0x00000024   Code   RO         2748    i.MX_TIM13_Init     tim.o
    0x080040b4   0x00000024   Code   RO         2749    i.MX_TIM14_Init     tim.o
    0x080040d8   0x000000a4   Code   RO         2750    i.MX_TIM1_Init      tim.o
    0x0800417c   0x00000078   Code   RO         2751    i.MX_TIM3_Init      tim.o
    0x080041f4   0x00000034   Code   RO         2752    i.MX_TIM6_Init      tim.o
    0x08004228   0x00000030   Code   RO         2753    i.MX_TIM7_Init      tim.o
    0x08004258   0x00000048   Code   RO         2754    i.MX_TIM8_Init      tim.o
    0x080042a0   0x00000058   Code   RO         2755    i.MX_TIM9_Init      tim.o
    0x080042f8   0x00000028   Code   RO         3171    i.MX_USART2_UART_Init  usart.o
    0x08004320   0x00000028   Code   RO         3172    i.MX_USART3_UART_Init  usart.o
    0x08004348   0x00000028   Code   RO         3173    i.MX_USART6_UART_Init  usart.o
    0x08004370   0x00000020   Code   RO          257    i.NVIC_SetPriority  stm32f4xx_hal_cortex.o
    0x08004390   0x000000aa   Code   RO         4127    i.PID_Calculate     pid_control.o
    0x0800443a   0x00000002   PAD
    0x0800443c   0x00000060   Code   RO         4128    i.PID_Init          pid_control.o
    0x0800449c   0x000000b0   Code   RO         4631    i.Read_L3G4200D     nine_axis_module.o
    0x0800454c   0x00000018   Code   RO         3174    i.SendChar          usart.o
    0x08004564   0x0000002c   Code   RO         4055    i.Send_Data         data_transfer.o
    0x08004590   0x00000070   Code   RO         4637    i.Single_Read       nine_axis_module.o
    0x08004600   0x00000080   Code   RO         4638    i.Single_Write      nine_axis_module.o
    0x08004680   0x00000038   Code   RO         4129    i.SpeedInitVal_Pitch_MinusDirec  pid_control.o
    0x080046b8   0x00000034   Code   RO         4130    i.SpeedInitVal_Pitch_PlusDirec  pid_control.o
    0x080046ec   0x00000038   Code   RO         4131    i.SpeedInitVal_Roll_MinusDirec  pid_control.o
    0x08004724   0x00000034   Code   RO         4132    i.SpeedInitVal_Roll_PlusDirec  pid_control.o
    0x08004758   0x0000000e   Code   RO         3013    i.SysTick_Handler   stm32f4xx_it.o
    0x08004766   0x00000002   PAD
    0x08004768   0x00000068   Code   RO         2905    i.SystemClock_Config  main.o
    0x080047d0   0x00000054   Code   RO            5    i.SystemInit        system_stm32f4xx.o
    0x08004824   0x00000018   Code   RO         4289    i.TIM1_Motor_PWMOutput  motor.o
    0x0800483c   0x0000001c   Code   RO         3014    i.TIM1_TRG_COM_TIM11_IRQHandler  stm32f4xx_it.o
    0x08004858   0x0000018c   Code   RO         3015    i.TIM3_IRQHandler   stm32f4xx_it.o
    0x080049e4   0x0000000c   Code   RO         3016    i.TIM6_DAC_IRQHandler  stm32f4xx_it.o
    0x080049f0   0x0000000c   Code   RO         3017    i.TIM7_IRQHandler   stm32f4xx_it.o
    0x080049fc   0x000000c0   Code   RO         1631    i.TIM_Base_SetConfig  stm32f4xx_hal_tim.o
    0x08004abc   0x00000016   Code   RO         1632    i.TIM_CCxChannelCmd  stm32f4xx_hal_tim.o
    0x08004ad2   0x00000014   Code   RO         1638    i.TIM_ETR_SetConfig  stm32f4xx_hal_tim.o
    0x08004ae6   0x00000010   Code   RO         1639    i.TIM_ITRx_SetConfig  stm32f4xx_hal_tim.o
    0x08004af6   0x00000002   PAD
    0x08004af8   0x00000058   Code   RO         1640    i.TIM_OC1_SetConfig  stm32f4xx_hal_tim.o
    0x08004b50   0x00000064   Code   RO         1641    i.TIM_OC2_SetConfig  stm32f4xx_hal_tim.o
    0x08004bb4   0x00000060   Code   RO         1642    i.TIM_OC3_SetConfig  stm32f4xx_hal_tim.o
    0x08004c14   0x00000050   Code   RO         1643    i.TIM_OC4_SetConfig  stm32f4xx_hal_tim.o
    0x08004c64   0x0000007c   Code   RO         1644    i.TIM_SlaveTimer_SetConfig  stm32f4xx_hal_tim.o
    0x08004ce0   0x00000022   Code   RO         1645    i.TIM_TI1_ConfigInputStage  stm32f4xx_hal_tim.o
    0x08004d02   0x00000002   PAD
    0x08004d04   0x00000084   Code   RO         1646    i.TIM_TI1_SetConfig  stm32f4xx_hal_tim.o
    0x08004d88   0x00000024   Code   RO         1647    i.TIM_TI2_ConfigInputStage  stm32f4xx_hal_tim.o
    0x08004dac   0x00000036   Code   RO         1648    i.TIM_TI2_SetConfig  stm32f4xx_hal_tim.o
    0x08004de2   0x0000001e   Code   RO         1030    i.UART_DMAError     stm32f4xx_hal_uart.o
    0x08004e00   0x0000002e   Code   RO         1033    i.UART_DMATransmitCplt  stm32f4xx_hal_uart.o
    0x08004e2e   0x0000000a   Code   RO         1034    i.UART_DMATxHalfCplt  stm32f4xx_hal_uart.o
    0x08004e38   0x000000a8   Code   RO         1035    i.UART_Receive_IT   stm32f4xx_hal_uart.o
    0x08004ee0   0x00000178   Code   RO         1036    i.UART_SetConfig    stm32f4xx_hal_uart.o
    0x08005058   0x00000066   Code   RO         1037    i.UART_Transmit_IT  stm32f4xx_hal_uart.o
    0x080050be   0x00000002   PAD
    0x080050c0   0x000000bc   Code   RO         3018    i.USART2_IRQHandler  stm32f4xx_it.o
    0x0800517c   0x0000000c   Code   RO         3019    i.USART3_IRQHandler  stm32f4xx_it.o
    0x08005188   0x00000020   Code   RO         5147    i.__0printf         mc_w.l(printfa.o)
    0x080051a8   0x00000030   Code   RO         5238    i.__ARM_fpclassify  m_wm.l(fpclassify.o)
    0x080051d8   0x00000370   Code   RO         4825    i.__hardfp_asin     m_wm.l(asin.o)
    0x08005548   0x000002e8   Code   RO         5219    i.__hardfp_atan     m_wm.l(atan.o)
    0x08005830   0x000001e0   Code   RO         4839    i.__hardfp_atan2    m_wm.l(atan2.o)
    0x08005a10   0x000000f8   Code   RO         5240    i.__kernel_poly     m_wm.l(poly.o)
    0x08005b08   0x00000020   Code   RO         5236    i.__mathlib_dbl_underflow  m_wm.l(dunder.o)
    0x08005b28   0x0000000e   Code   RO         5316    i.__scatterload_copy  mc_w.l(handlers.o)
    0x08005b36   0x00000002   Code   RO         5317    i.__scatterload_null  mc_w.l(handlers.o)
    0x08005b38   0x0000000e   Code   RO         5318    i.__scatterload_zeroinit  mc_w.l(handlers.o)
    0x08005b46   0x00000002   PAD
    0x08005b48   0x0000000c   Code   RO         5290    i.__set_errno       mc_w.l(errno.o)
    0x08005b54   0x0000015c   Code   RO         5154    i._fp_digits        mc_w.l(printfa.o)
    0x08005cb0   0x000006f0   Code   RO         5155    i._printf_core      mc_w.l(printfa.o)
    0x080063a0   0x00000026   Code   RO         5156    i._printf_post_padding  mc_w.l(printfa.o)
    0x080063c6   0x00000030   Code   RO         5157    i._printf_pre_padding  mc_w.l(printfa.o)
    0x080063f6   0x00000002   PAD
    0x080063f8   0x00000090   Code   RO         3393    i.accel_self_test   inv_mpu.o
    0x08006488   0x00000010   Code   RO         5221    i.atan              m_wm.l(atan.o)
    0x08006498   0x00000016   Code   RO         3952    i.delay_ms          myiic.o
    0x080064ae   0x0000001c   Code   RO         3953    i.delay_us          myiic.o
    0x080064ca   0x0000003a   Code   RO         3760    i.dmp_enable_6x_lp_quat  inv_mpu_dmp_motion_driver.o
    0x08006504   0x000001d8   Code   RO         3761    i.dmp_enable_feature  inv_mpu_dmp_motion_driver.o
    0x080066dc   0x00000044   Code   RO         3762    i.dmp_enable_gyro_cal  inv_mpu_dmp_motion_driver.o
    0x08006720   0x0000003a   Code   RO         3763    i.dmp_enable_lp_quat  inv_mpu_dmp_motion_driver.o
    0x0800675a   0x00000002   PAD
    0x0800675c   0x00000014   Code   RO         3768    i.dmp_load_motion_driver_firmware  inv_mpu_dmp_motion_driver.o
    0x08006770   0x00000148   Code   RO         3769    i.dmp_read_fifo     inv_mpu_dmp_motion_driver.o
    0x080068b8   0x000000e0   Code   RO         3772    i.dmp_set_accel_bias  inv_mpu_dmp_motion_driver.o
    0x08006998   0x00000064   Code   RO         3773    i.dmp_set_fifo_rate  inv_mpu_dmp_motion_driver.o
    0x080069fc   0x000000d0   Code   RO         3774    i.dmp_set_gyro_bias  inv_mpu_dmp_motion_driver.o
    0x08006acc   0x0000010c   Code   RO         3776    i.dmp_set_orientation  inv_mpu_dmp_motion_driver.o
    0x08006bd8   0x00000030   Code   RO         3779    i.dmp_set_shake_reject_thresh  inv_mpu_dmp_motion_driver.o
    0x08006c08   0x00000020   Code   RO         3780    i.dmp_set_shake_reject_time  inv_mpu_dmp_motion_driver.o
    0x08006c28   0x00000020   Code   RO         3781    i.dmp_set_shake_reject_timeout  inv_mpu_dmp_motion_driver.o
    0x08006c48   0x00000040   Code   RO         3782    i.dmp_set_tap_axes  inv_mpu_dmp_motion_driver.o
    0x08006c88   0x00000022   Code   RO         3783    i.dmp_set_tap_count  inv_mpu_dmp_motion_driver.o
    0x08006caa   0x00000002   PAD
    0x08006cac   0x00000160   Code   RO         3784    i.dmp_set_tap_thresh  inv_mpu_dmp_motion_driver.o
    0x08006e0c   0x00000020   Code   RO         3785    i.dmp_set_tap_time  inv_mpu_dmp_motion_driver.o
    0x08006e2c   0x00000020   Code   RO         3786    i.dmp_set_tap_time_multi  inv_mpu_dmp_motion_driver.o
    0x08006e4c   0x00000020   Code   RO         4865    i.fabs              m_wm.l(fabs.o)
    0x08006e6c   0x00000004   Code   RO         3254    i.fputc             regtarge.o
    0x08006e70   0x000000b4   Code   RO         3394    i.get_accel_prod_shift  inv_mpu.o
    0x08006f24   0x000000c8   Code   RO         4378    i.get_sensor_data   uranus.o
    0x08006fec   0x00000314   Code   RO         3395    i.get_st_biases     inv_mpu.o
    0x08007300   0x000000d4   Code   RO         3396    i.gyro_self_test    inv_mpu.o
    0x080073d4   0x00000022   Code   RO         3397    i.inv_orientation_matrix_to_scalar  inv_mpu.o
    0x080073f6   0x00000048   Code   RO         3398    i.inv_row_2_scale   inv_mpu.o
    0x0800743e   0x00000002   PAD
    0x08007440   0x00000240   Code   RO         2906    i.main              main.o
    0x08007680   0x00000002   Code   RO         3399    i.mget_ms           inv_mpu.o
    0x08007682   0x00000002   PAD
    0x08007684   0x00000054   Code   RO         3400    i.mpu_configure_fifo  inv_mpu.o
    0x080076d8   0x000001cc   Code   RO         3401    i.mpu_dmp_get_data  inv_mpu.o
    0x080078a4   0x000000a0   Code   RO         3402    i.mpu_dmp_init      inv_mpu.o
    0x08007944   0x0000003c   Code   RO         3403    i.mpu_get_accel_fsr  inv_mpu.o
    0x08007980   0x00000044   Code   RO         3405    i.mpu_get_accel_sens  inv_mpu.o
    0x080079c4   0x00000034   Code   RO         3411    i.mpu_get_gyro_fsr  inv_mpu.o
    0x080079f8   0x0000004c   Code   RO         3413    i.mpu_get_gyro_sens  inv_mpu.o
    0x08007a44   0x00000038   Code   RO         3415    i.mpu_get_lpf       inv_mpu.o
    0x08007a7c   0x0000001c   Code   RO         3417    i.mpu_get_sample_rate  inv_mpu.o
    0x08007a98   0x00000188   Code   RO         3419    i.mpu_init          inv_mpu.o
    0x08007c20   0x000000a0   Code   RO         3420    i.mpu_load_firmware  inv_mpu.o
    0x08007cc0   0x000000b8   Code   RO         3421    i.mpu_lp_accel_mode  inv_mpu.o
    0x08007d78   0x00000090   Code   RO         3424    i.mpu_read_fifo_stream  inv_mpu.o
    0x08007e08   0x00000054   Code   RO         3425    i.mpu_read_mem      inv_mpu.o
    0x08007e5c   0x00000158   Code   RO         3428    i.mpu_reset_fifo    inv_mpu.o
    0x08007fb4   0x000000f0   Code   RO         3429    i.mpu_run_self_test  inv_mpu.o
    0x080080a4   0x00000068   Code   RO         3431    i.mpu_set_accel_fsr  inv_mpu.o
    0x0800810c   0x000000dc   Code   RO         3432    i.mpu_set_bypass    inv_mpu.o
    0x080081e8   0x00000078   Code   RO         3434    i.mpu_set_dmp_state  inv_mpu.o
    0x08008260   0x0000006c   Code   RO         3435    i.mpu_set_gyro_fsr  inv_mpu.o
    0x080082cc   0x00000064   Code   RO         3436    i.mpu_set_int_latched  inv_mpu.o
    0x08008330   0x0000006c   Code   RO         3438    i.mpu_set_lpf       inv_mpu.o
    0x0800839c   0x00000080   Code   RO         3439    i.mpu_set_sample_rate  inv_mpu.o
    0x0800841c   0x000000b8   Code   RO         3440    i.mpu_set_sensors   inv_mpu.o
    0x080084d4   0x00000054   Code   RO         3441    i.mpu_write_mem     inv_mpu.o
    0x08008528   0x00000088   Code   RO         3442    i.run_self_test     inv_mpu.o
    0x080085b0   0x00000058   Code   RO         3443    i.set_int_enable    inv_mpu.o
    0x08008608   0x0000006e   Code   RO         4883    i.sqrt              m_wm.l(sqrt.o)
    0x08008676   0x00000010   Data   RO          892    .constdata          stm32f4xx_hal_rcc.o
    0x08008686   0x0000001b   Data   RO         3445    .constdata          inv_mpu.o
    0x080086a1   0x00000001   PAD
    0x080086a2   0x0000000c   Data   RO         3446    .constdata          inv_mpu.o
    0x080086ae   0x00000002   PAD
    0x080086b0   0x00000028   Data   RO         3447    .constdata          inv_mpu.o
    0x080086d8   0x0000004d   Data   RO         3448    .constdata          inv_mpu.o
    0x08008725   0x00000bf6   Data   RO         3788    .constdata          inv_mpu_dmp_motion_driver.o
    0x0800931b   0x00000001   PAD
    0x0800931c   0x0000007c   Data   RO         4290    .constdata          motor.o
    0x08009398   0x0000008c   Data   RO         4291    .constdata          motor.o
    0x08009424   0x00000064   Data   RO         4292    .constdata          motor.o
    0x08009488   0x0000008c   Data   RO         4293    .constdata          motor.o
    0x08009514   0x00000004   PAD
    0x08009518   0x00000050   Data   RO         4828    .constdata          m_wm.l(asin.o)
    0x08009568   0x00000098   Data   RO         5222    .constdata          m_wm.l(atan.o)
    0x08009600   0x00000008   Data   RO         5242    .constdata          m_wm.l(qnan.o)
    0x08009608   0x00000020   Data   RO         5314    Region$$Table       anon$$obj.o


    Execution Region RW_IRAM1 (Base: 0x20000000, Size: 0x00000c70, Max: 0x00020000, ABSOLUTE, COMPRESSED[0x00000040])

    Base Addr    Size         Type   Attr      Idx    E Section Name        Object

    0x20000000   0x00000014   Data   RW            6    .data               system_stm32f4xx.o
    0x20000014   0x00000004   Data   RW         1420    .data               stm32f4xx_hal.o
    0x20000018   0x00000008   Data   RW         2763    .data               tim.o
    0x20000020   0x00000002   Data   RW         2909    .data               main.o
    0x20000022   0x00000001   Data   RW         3023    .data               stm32f4xx_it.o
    0x20000023   0x00000001   PAD
    0x20000024   0x00000014   Data   RW         3024    .data               stm32f4xx_it.o
    0x20000038   0x00000003   Data   RW         3110    .data               gpio.o
    0x2000003b   0x00000001   PAD
    0x2000003c   0x00000004   Data   RW         3255    .data               regtarge.o
    0x20000040   0x00000045   Data   RW         3449    .data               inv_mpu.o
    0x20000085   0x00000003   Data   RW         4058    .data               data_transfer.o
    0x20000088   0x00000048   Data   RW         4136    .data               pid_control.o
    0x200000d0   0x00000004   Data   RW         4148    .data               pid_control.o
    0x200000d4   0x0000000c   Data   RW         4298    .data               motor.o
    0x200000e0   0x0000001c   Data   RW         4382    .data               uranus.o
    0x200000fc   0x0000001c   Data   RW         4461    .data               pendulumcontrol.o
    0x20000118   0x00000066   Data   RW         4644    .data               nine_axis_module.o
    0x2000017e   0x00000002   PAD
    0x20000180   0x00000004   Data   RW         5291    .data               mc_w.l(errno.o)
    0x20000184   0x00000258   Zero   RW         2757    .bss                tim.o
    0x200003dc   0x00000032   Zero   RW         3021    .bss                stm32f4xx_it.o
    0x2000040e   0x00000002   PAD
    0x20000410   0x000001d0   Zero   RW         3175    .bss                usart.o
    0x200005e0   0x00000010   Zero   RW         3787    .bss                inv_mpu_dmp_motion_driver.o
    0x200005f0   0x00000078   Zero   RW         4056    .bss                data_transfer.o
    0x20000668   0x000000d0   Zero   RW         4133    .bss                pid_control.o
    0x20000738   0x00000034   Zero   RW         4134    .bss                pid_control.o
    0x2000076c   0x00000034   Zero   RW         4135    .bss                pid_control.o
    0x200007a0   0x00000058   Zero   RW         4527    .bss                spi.o
    0x200007f8   0x00000078   Zero   RW         4570    .bss                i2c.o
    0x20000870   0x00000400   Zero   RW         2732    STACK               startup_stm32f407xx.o


==============================================================================

Image component sizes


      Code (inc. data)   RO Data    RW Data    ZI Data      Debug   Object Name

      1332        124          0          3        120       5196   data_transfer.o
        68          4          0          0          0        462   dma.o
       336         48          0          3          0       1357   gpio.o
       184         44          0          0        120       1814   i2c.o
      5404        322        156         69          0      28630   inv_mpu.o
      2430        132       3062          0         16      18774   inv_mpu_dmp_motion_driver.o
       682        156          0          2          0       2689   main.o
       104         26        504         12          0       3023   motor.o
       574         26          0          0          0       5843   mpu6050.o
       598         92          0          0          0       4749   myiic.o
      1068        158          0        102          0       9027   nine_axis_module.o
         0          0          0         28          0       2510   pendulumcontrol.o
       786         96          0         76        312       8458   pid_control.o
         4          0          0          4          0       2078   regtarge.o
       112         20          0          0         88       1333   spi.o
        36          8        392          0       1024        880   startup_stm32f407xx.o
       114         16          0          4          0       3314   stm32f4xx_hal.o
       204         24          0          0          0      30176   stm32f4xx_hal_cortex.o
      4208         58          0          0          0       3927   stm32f4xx_hal_dma.o
       488         56          0          0          0       3302   stm32f4xx_hal_gpio.o
       248         10          0          0          0       1827   stm32f4xx_hal_i2c.o
        22          0          0          0          0        462   stm32f4xx_hal_msp.o
      1516         72         16          0          0       5711   stm32f4xx_hal_rcc.o
       128          0          0          0          0       1063   stm32f4xx_hal_spi.o
      2406        124          0          0          0      19379   stm32f4xx_hal_tim.o
       150          0          0          0          0       2906   stm32f4xx_hal_tim_ex.o
      1236         22          0          0          0       7557   stm32f4xx_hal_uart.o
       704        106          0         21         50       6994   stm32f4xx_it.o
        84         18          0         20          0     346165   system_stm32f4xx.o
      1234        190          0          8        600      10922   tim.o
       200         20          0         28          0       1885   uranus.o
       498         72          0          0        464       4826   usart.o

    ----------------------------------------------------------------------
     27184       2044       4170        384       2796     547239   Object Totals
         0          0         32          0          0          0   (incl. Generated)
        26          0          8          4          2          0   (incl. Padding)

    ----------------------------------------------------------------------

      Code (inc. data)   RO Data    RW Data    ZI Data      Debug   Library Member Name

       880        106         80          0          0        200   asin.o
       760        108        152          0          0        344   atan.o
       480         64          0          0          0        156   atan2.o
        32          8          0          0          0        124   dunder.o
        32          0          0          0          0        124   fabs.o
        48          0          0          0          0        124   fpclassify.o
       248          0          0          0          0        152   poly.o
         0          0          8          0          0          0   qnan.o
       110          0          0          0          0        148   sqrt.o
        92          0          0          0          0          0   __dczerorl2.o
         0          0          0          0          0          0   entry.o
         0          0          0          0          0          0   entry10a.o
         0          0          0          0          0          0   entry11a.o
         8          4          0          0          0          0   entry2.o
         4          0          0          0          0          0   entry5.o
         0          0          0          0          0          0   entry7b.o
         0          0          0          0          0          0   entry8b.o
         8          4          0          0          0          0   entry9a.o
        12          6          0          4          0         68   errno.o
        30          0          0          0          0          0   handlers.o
        36          8          0          0          0         68   init.o
         0          0          0          0          0          0   iusefp.o
        90          0          0          0          0         84   ldiv.o
        30          0          0          0          0         68   llshl.o
        36          0          0          0          0         68   llsshr.o
        32          0          0          0          0         68   llushr.o
        26          0          0          0          0         80   memcmp.o
        36          0          0          0          0        108   memseta.o
      2242         90          0          0          0        444   printfa.o
        44          0          0          0          0         80   uidiv.o
        98          0          0          0          0         92   uldiv.o
        40          2          0          0          0         68   cdrcmple.o
        56          0          0          0          0         88   d2f.o
       334          0          0          0          0        148   dadd.o
       222          0          0          0          0        100   ddiv.o
       190          0          0          0          0        176   depilogue.o
        48          0          0          0          0         68   dfixul.o
       228          0          0          0          0         96   dmul.o
       162          0          0          0          0        100   dsqrt.o
        38          0          0          0          0         68   f2d.o
       108          0          0          0          0        168   fepilogue.o

    ----------------------------------------------------------------------
      6846        400        240          4          0       3680   Library Totals
         6          0          0          0          0          0   (incl. Padding)

    ----------------------------------------------------------------------

      Code (inc. data)   RO Data    RW Data    ZI Data      Debug   Library Name

      2590        286        240          0          0       1372   m_wm.l
      2824        112          0          4          0       1228   mc_w.l
      1426          2          0          0          0       1080   mf_w.l

    ----------------------------------------------------------------------
      6846        400        240          4          0       3680   Library Totals

    ----------------------------------------------------------------------

==============================================================================


      Code (inc. data)   RO Data    RW Data    ZI Data      Debug   

     34030       2444       4410        388       2796     528775   Grand Totals
     34030       2444       4410         64       2796     528775   ELF Image Totals (compressed)
     34030       2444       4410         64          0          0   ROM Totals

==============================================================================

    Total RO  Size (Code + RO Data)                38440 (  37.54kB)
    Total RW  Size (RW Data + ZI Data)              3184 (   3.11kB)
    Total ROM Size (Code + RO Data + RW Data)      38504 (  37.60kB)

==============================================================================

