ARM Linker, 5.03 [Build 76] [MDK-ARM Standard]

==============================================================================

Section Cross References

    system_stm32f4xx.o(i.SystemCoreClockUpdate) refers to system_stm32f4xx.o(.data) for .data
    stm32f4xx_hal_rcc_ex.o(i.HAL_RCCEx_PeriphCLKConfig) refers to stm32f4xx_hal.o(i.HAL_GetTick) for HAL_GetTick
    stm32f4xx_hal_dma.o(i.HAL_DMA_Abort) refers to stm32f4xx_hal.o(i.HAL_GetTick) for HAL_GetTick
    stm32f4xx_hal_dma.o(i.HAL_DMA_PollForTransfer) refers to stm32f4xx_hal.o(i.HAL_GetTick) for HAL_GetTick
    stm32f4xx_hal_dma.o(i.HAL_DMA_Start) refers to stm32f4xx_hal_dma.o(i.DMA_SetConfig) for DMA_SetConfig
    stm32f4xx_hal_dma.o(i.HAL_DMA_Start_IT) refers to stm32f4xx_hal_dma.o(i.DMA_SetConfig) for DMA_SetConfig
    stm32f4xx_hal_cortex.o(i.HAL_NVIC_SetPriority) refers to stm32f4xx_hal_cortex.o(i.NVIC_SetPriority) for NVIC_SetPriority
    stm32f4xx_hal_cortex.o(i.HAL_SYSTICK_Config) refers to stm32f4xx_hal_cortex.o(i.NVIC_SetPriority) for NVIC_SetPriority
    stm32f4xx_hal_cortex.o(i.HAL_SYSTICK_IRQHandler) refers to main.o(i.HAL_SYSTICK_Callback) for HAL_SYSTICK_Callback
    stm32f4xx_hal_gpio.o(i.HAL_GPIO_EXTI_IRQHandler) refers to gpio.o(i.HAL_GPIO_EXTI_Callback) for HAL_GPIO_EXTI_Callback
    stm32f4xx_hal_pwr_ex.o(i.HAL_PWREx_DisableBkUpReg) refers to stm32f4xx_hal.o(i.HAL_GetTick) for HAL_GetTick
    stm32f4xx_hal_pwr_ex.o(i.HAL_PWREx_EnableBkUpReg) refers to stm32f4xx_hal.o(i.HAL_GetTick) for HAL_GetTick
    stm32f4xx_hal_tim_ex.o(i.HAL_TIMEx_ConfigCommutationEvent_DMA) refers to stm32f4xx_hal_tim_ex.o(i.TIMEx_DMACommutationCplt) for TIMEx_DMACommutationCplt
    stm32f4xx_hal_tim_ex.o(i.HAL_TIMEx_ConfigCommutationEvent_DMA) refers to stm32f4xx_hal_tim.o(i.TIM_DMAError) for TIM_DMAError
    stm32f4xx_hal_tim_ex.o(i.HAL_TIMEx_HallSensor_DeInit) refers to stm32f4xx_hal_tim_ex.o(i.HAL_TIMEx_HallSensor_MspDeInit) for HAL_TIMEx_HallSensor_MspDeInit
    stm32f4xx_hal_tim_ex.o(i.HAL_TIMEx_HallSensor_Init) refers to stm32f4xx_hal_tim_ex.o(i.HAL_TIMEx_HallSensor_MspInit) for HAL_TIMEx_HallSensor_MspInit
    stm32f4xx_hal_tim_ex.o(i.HAL_TIMEx_HallSensor_Init) refers to stm32f4xx_hal_tim.o(i.TIM_Base_SetConfig) for TIM_Base_SetConfig
    stm32f4xx_hal_tim_ex.o(i.HAL_TIMEx_HallSensor_Init) refers to stm32f4xx_hal_tim.o(i.TIM_TI1_SetConfig) for TIM_TI1_SetConfig
    stm32f4xx_hal_tim_ex.o(i.HAL_TIMEx_HallSensor_Init) refers to stm32f4xx_hal_tim.o(i.TIM_OC2_SetConfig) for TIM_OC2_SetConfig
    stm32f4xx_hal_tim_ex.o(i.HAL_TIMEx_HallSensor_Start) refers to stm32f4xx_hal_tim.o(i.TIM_CCxChannelCmd) for TIM_CCxChannelCmd
    stm32f4xx_hal_tim_ex.o(i.HAL_TIMEx_HallSensor_Start_DMA) refers to stm32f4xx_hal_tim.o(i.TIM_CCxChannelCmd) for TIM_CCxChannelCmd
    stm32f4xx_hal_tim_ex.o(i.HAL_TIMEx_HallSensor_Start_DMA) refers to stm32f4xx_hal_dma.o(i.HAL_DMA_Start_IT) for HAL_DMA_Start_IT
    stm32f4xx_hal_tim_ex.o(i.HAL_TIMEx_HallSensor_Start_DMA) refers to stm32f4xx_hal_tim.o(i.TIM_DMACaptureCplt) for TIM_DMACaptureCplt
    stm32f4xx_hal_tim_ex.o(i.HAL_TIMEx_HallSensor_Start_DMA) refers to stm32f4xx_hal_tim.o(i.TIM_DMAError) for TIM_DMAError
    stm32f4xx_hal_tim_ex.o(i.HAL_TIMEx_HallSensor_Start_IT) refers to stm32f4xx_hal_tim.o(i.TIM_CCxChannelCmd) for TIM_CCxChannelCmd
    stm32f4xx_hal_tim_ex.o(i.HAL_TIMEx_HallSensor_Stop) refers to stm32f4xx_hal_tim.o(i.TIM_CCxChannelCmd) for TIM_CCxChannelCmd
    stm32f4xx_hal_tim_ex.o(i.HAL_TIMEx_HallSensor_Stop_DMA) refers to stm32f4xx_hal_tim.o(i.TIM_CCxChannelCmd) for TIM_CCxChannelCmd
    stm32f4xx_hal_tim_ex.o(i.HAL_TIMEx_HallSensor_Stop_IT) refers to stm32f4xx_hal_tim.o(i.TIM_CCxChannelCmd) for TIM_CCxChannelCmd
    stm32f4xx_hal_tim_ex.o(i.HAL_TIMEx_OCN_Start) refers to stm32f4xx_hal_tim_ex.o(i.TIM_CCxNChannelCmd) for TIM_CCxNChannelCmd
    stm32f4xx_hal_tim_ex.o(i.HAL_TIMEx_OCN_Start_DMA) refers to stm32f4xx_hal_dma.o(i.HAL_DMA_Start_IT) for HAL_DMA_Start_IT
    stm32f4xx_hal_tim_ex.o(i.HAL_TIMEx_OCN_Start_DMA) refers to stm32f4xx_hal_tim_ex.o(i.TIM_CCxNChannelCmd) for TIM_CCxNChannelCmd
    stm32f4xx_hal_tim_ex.o(i.HAL_TIMEx_OCN_Start_DMA) refers to stm32f4xx_hal_tim.o(i.TIM_DMADelayPulseCplt) for TIM_DMADelayPulseCplt
    stm32f4xx_hal_tim_ex.o(i.HAL_TIMEx_OCN_Start_DMA) refers to stm32f4xx_hal_tim.o(i.TIM_DMAError) for TIM_DMAError
    stm32f4xx_hal_tim_ex.o(i.HAL_TIMEx_OCN_Start_IT) refers to stm32f4xx_hal_tim_ex.o(i.TIM_CCxNChannelCmd) for TIM_CCxNChannelCmd
    stm32f4xx_hal_tim_ex.o(i.HAL_TIMEx_OCN_Stop) refers to stm32f4xx_hal_tim_ex.o(i.TIM_CCxNChannelCmd) for TIM_CCxNChannelCmd
    stm32f4xx_hal_tim_ex.o(i.HAL_TIMEx_OCN_Stop_DMA) refers to stm32f4xx_hal_tim_ex.o(i.TIM_CCxNChannelCmd) for TIM_CCxNChannelCmd
    stm32f4xx_hal_tim_ex.o(i.HAL_TIMEx_OCN_Stop_IT) refers to stm32f4xx_hal_tim_ex.o(i.TIM_CCxNChannelCmd) for TIM_CCxNChannelCmd
    stm32f4xx_hal_tim_ex.o(i.HAL_TIMEx_OnePulseN_Start) refers to stm32f4xx_hal_tim_ex.o(i.TIM_CCxNChannelCmd) for TIM_CCxNChannelCmd
[...]
    Motor_Angle_Y_Max                        0x2000011c   Data           4  pendulumcontrol.o(.data)
    amp_last                                 0x20000120   Data           4  pendulumcontrol.o(.data)
    temp                                     0x20000124   Data           4  pendulumcontrol.o(.data)
    amp_last                                 0x20000128   Data           4  pendulumcontrol.o(.data)
    temp                                     0x2000012c   Data           4  pendulumcontrol.o(.data)
    .data                                    0x20000130   Section        1  pendulumcontrol.o(.data)
    .data                                    0x20000134   Section        4  pendulumcontrol.o(.data)
    .data                                    0x20000138   Section        4  pendulumcontrol.o(.data)
    .data                                    0x2000013c   Section        4  pendulumcontrol.o(.data)
    .data                                    0x20000140   Section        4  pendulumcontrol.o(.data)
    .data                                    0x20000144   Section        4  pendulumcontrol.o(.data)
    .data                                    0x20000148   Section        4  errno.o(.data)
    _errno                                   0x20000148   Data           4  errno.o(.data)
    .bss                                     0x2000014c   Section      660  tim.o(.bss)
    .bss                                     0x200003e0   Section      464  usart.o(.bss)
    .bss                                     0x200005b0   Section       16  inv_mpu_dmp_motion_driver.o(.bss)
    dmp                                      0x200005b0   Data          16  inv_mpu_dmp_motion_driver.o(.bss)
    .bss                                     0x200005c0   Section      120  data_transfer.o(.bss)
    .bss                                     0x20000638   Section      208  pid_control.o(.bss)
    .bss                                     0x20000708   Section       52  pid_control.o(.bss)
    .bss                                     0x2000073c   Section       52  pid_control.o(.bss)
    .bss                                     0x20000770   Section      820  sqqueue.o(.bss)
    .bss                                     0x20000aa4   Section      820  sqqueue.o(.bss)
    .bss                                     0x20000dd8   Section       88  spi.o(.bss)
    .bss                                     0x20000e30   Section      120  i2c.o(.bss)
    STACK                                    0x20000ea8   Section     1024  startup_stm32f407xx.o(STACK)

    Global Symbols

    Symbol Name                              Value     Ov Type        Size  Object(Section)

    BuildAttributes$$THM_ISAv4$E$P$D$K$B$S$7EM$VFPi3$EXTD16$VFPS$VFMA$PE$A:L22UL41UL21$X:L11$S22US41US21$IEEE1$IW$USESV6$~STKCKD$USESV7$~SHL$OTIME$ROPI$IEEEX$EBA8$MICROLIB$REQ8$PRES8$EABIv2 0x00000000   Number         0  anon$$obj.o ABSOLUTE
    __ARM_use_no_argv                        0x00000000   Number         0  main.o ABSOLUTE
    __use_no_errno                           0x00000000   Number         0  useno.o ABSOLUTE
    __use_no_exception_handling              0x00000000   Number         0  useno.o ABSOLUTE
    __use_no_fp                              0x00000000   Number         0  useno.o ABSOLUTE
    __use_no_heap                            0x00000000   Number         0  useno.o ABSOLUTE
    __use_no_heap_region                     0x00000000   Number         0  useno.o ABSOLUTE
    __use_no_semihosting                     0x00000000   Number         0  useno.o ABSOLUTE
    __use_no_semihosting_swi                 0x00000000   Number         0  useno.o ABSOLUTE
    __use_no_signal_handling                 0x00000000   Number         0  useno.o ABSOLUTE
    _printf_a                                0x00000000   Number         0  stubs.o ABSOLUTE
    _printf_c                                0x00000000   Number         0  stubs.o ABSOLUTE
    _printf_charcount                        0x00000000   Number         0  stubs.o ABSOLUTE
    _printf_d                                0x00000000   Number         0  stubs.o ABSOLUTE
    _printf_e                                0x00000000   Number         0  stubs.o ABSOLUTE
    _printf_f                                0x00000000   Number         0  stubs.o ABSOLUTE
    _printf_flags                            0x00000000   Number         0  stubs.o ABSOLUTE
    _printf_fp_dec                           0x00000000   Number         0  stubs.o ABSOLUTE
    _printf_fp_hex                           0x00000000   Number         0  stubs.o ABSOLUTE
    _printf_g                                0x00000000   Number         0  stubs.o ABSOLUTE
    _printf_i                                0x00000000   Number         0  stubs.o ABSOLUTE
    _printf_int_dec                          0x00000000   Number         0  stubs.o ABSOLUTE
    _printf_l                                0x00000000   Number         0  stubs.o ABSOLUTE
    _printf_lc                               0x00000000   Number         0  stubs.o ABSOLUTE
    _printf_ll                               0x00000000   Number         0  stubs.o ABSOLUTE
    _printf_lld                              0x00000000   Number         0  stubs.o ABSOLUTE
    _printf_lli                              0x00000000   Number         0  stubs.o ABSOLUTE
    _printf_llo                              0x00000000   Number         0  stubs.o ABSOLUTE
    _printf_llu                              0x00000000   Number         0  stubs.o ABSOLUTE
    _printf_llx                              0x00000000   Number         0  stubs.o ABSOLUTE
    _printf_longlong_dec                     0x00000000   Number         0  stubs.o ABSOLUTE
    _printf_longlong_hex                     0x00000000   Number         0  stubs.o ABSOLUTE
    _printf_longlong_oct                     0x00000000   Number         0  stubs.o ABSOLUTE
    _printf_ls                               0x00000000   Number         0  stubs.o ABSOLUTE
    _printf_mbtowc                           0x00000000   Number         0  stubs.o ABSOLUTE
    _printf_n                                0x00000000   Number         0  stubs.o ABSOLUTE
    _printf_o                                0x00000000   Number         0  stubs.o ABSOLUTE
    _printf_p                                0x00000000   Number         0  stubs.o ABSOLUTE
    _printf_percent                          0x00000000   Number         0  stubs.o ABSOLUTE
    _printf_pre_padding                      0x00000000   Number         0  stubs.o ABSOLUTE
    _printf_return_value                     0x00000000   Number         0  stubs.o ABSOLUTE
    _printf_s                                0x00000000   Number         0  stubs.o ABSOLUTE
    _printf_sizespec                         0x00000000   Number         0  stubs.o ABSOLUTE
    _printf_str                              0x00000000   Number         0  stubs.o ABSOLUTE
    _printf_truncate_signed                  0x00000000   Number         0  stubs.o ABSOLUTE
    _printf_truncate_unsigned                0x00000000   Number         0  stubs.o ABSOLUTE
    _printf_u                                0x00000000   Number         0  stubs.o ABSOLUTE
    _printf_wc                               0x00000000   Number         0  stubs.o ABSOLUTE
    _printf_wctomb                           0x00000000   Number         0  stubs.o ABSOLUTE
    _printf_widthprec                        0x00000000   Number         0  stubs.o ABSOLUTE
    _printf_x                                0x00000000   Number         0  stubs.o ABSOLUTE
    __cpp_initialize__aeabi_                  - Undefined Weak Reference
    __cxa_finalize                            - Undefined Weak Reference
    _clock_init                               - Undefined Weak Reference
    _microlib_exit                            - Undefined Weak Reference
    __Vectors_Size                           0x00000188   Number         0  startup_stm32f407xx.o ABSOLUTE
    __Vectors                                0x08000000   Data           4  startup_stm32f407xx.o(RESET)
    __Vectors_End                            0x08000188   Data           0  startup_stm32f407xx.o(RESET)
    __main                                   0x08000189   Thumb Code     0  entry.o(.ARM.Collect$$$$00000000)
    _main_stk                                0x08000189   Thumb Code     0  entry2.o(.ARM.Collect$$$$00000001)
    _main_scatterload                        0x0800018d   Thumb Code     0  entry5.o(.ARM.Collect$$$$00000004)
    __main_after_scatterload                 0x08000191   Thumb Code     0  entry5.o(.ARM.Collect$$$$00000004)
    _main_clock                              0x08000191   Thumb Code     0  entry7b.o(.ARM.Collect$$$$00000008)
    _main_cpp_init                           0x08000191   Thumb Code     0  entry8b.o(.ARM.Collect$$$$0000000A)
    _main_init                               0x08000191   Thumb Code     0  entry9a.o(.ARM.Collect$$$$0000000B)
    __rt_final_cpp                           0x08000199   Thumb Code     0  entry10a.o(.ARM.Collect$$$$0000000D)
    __rt_final_exit                          0x08000199   Thumb Code     0  entry11a.o(.ARM.Collect$$$$0000000F)
    Reset_Handler                            0x0800019d   Thumb Code     8  startup_stm32f407xx.o(.text)
    NMI_Handler                              0x080001a5   Thumb Code     2  startup_stm32f407xx.o(.text)
    HardFault_Handler                        0x080001a7   Thumb Code     2  startup_stm32f407xx.o(.text)
    MemManage_Handler                        0x080001a9   Thumb Code     2  startup_stm32f407xx.o(.text)
    BusFault_Handler                         0x080001ab   Thumb Code     2  startup_stm32f407xx.o(.text)
    UsageFault_Handler                       0x080001ad   Thumb Code     2  startup_stm32f407xx.o(.text)
    SVC_Handler                              0x080001af   Thumb Code     2  startup_stm32f407xx.o(.text)
    DebugMon_Handler                         0x080001b1   Thumb Code     2  startup_stm32f407xx.o(.text)
    PendSV_Handler                           0x080001b3   Thumb Code     2  startup_stm32f407xx.o(.text)
    ADC_IRQHandler                           0x080001b7   Thumb Code     0  startup_stm32f407xx.o(.text)
    CAN1_RX0_IRQHandler                      0x080001b7   Thumb Code     0  startup_stm32f407xx.o(.text)
    CAN1_RX1_IRQHandler                      0x080001b7   Thumb Code     0  startup_stm32f407xx.o(.text)
    CAN1_SCE_IRQHandler                      0x080001b7   Thumb Code     0  startup_stm32f407xx.o(.text)
    CAN1_TX_IRQHandler                       0x080001b7   Thumb Code     0  startup_stm32f407xx.o(.text)
    CAN2_RX0_IRQHandler                      0x080001b7   Thumb Code     0  startup_stm32f407xx.o(.text)
    CAN2_RX1_IRQHandler                      0x080001b7   Thumb Code     0  startup_stm32f407xx.o(.text)
    CAN2_SCE_IRQHandler                      0x080001b7   Thumb Code     0  startup_stm32f407xx.o(.text)
    CAN2_TX_IRQHandler                       0x080001b7   Thumb Code     0  startup_stm32f407xx.o(.text)
    DCMI_IRQHandler                          0x080001b7   Thumb Code     0  startup_stm32f407xx.o(.text)
    DMA1_Stream0_IRQHandler                  0x080001b7   Thumb Code     0  startup_stm32f407xx.o(.text)
    DMA1_Stream2_IRQHandler                  0x080001b7   Thumb Code     0  startup_stm32f407xx.o(.text)
    DMA1_Stream3_IRQHandler                  0x080001b7   Thumb Code     0  startup_stm32f407xx.o(.text)
    DMA1_Stream4_IRQHandler                  0x080001b7   Thumb Code     0  startup_stm32f407xx.o(.text)
    DMA1_Stream7_IRQHandler                  0x080001b7   Thumb Code     0  startup_stm32f407xx.o(.text)
    DMA2_Stream0_IRQHandler                  0x080001b7   Thumb Code     0  startup_stm32f407xx.o(.text)
    DMA2_Stream1_IRQHandler                  0x080001b7   Thumb Code     0  startup_stm32f407xx.o(.text)
    DMA2_Stream2_IRQHandler                  0x080001b7   Thumb Code     0  startup_stm32f407xx.o(.text)
    DMA2_Stream3_IRQHandler                  0x080001b7   Thumb Code     0  startup_stm32f407xx.o(.text)
    DMA2_Stream4_IRQHandler                  0x080001b7   Thumb Code     0  startup_stm32f407xx.o(.text)
    DMA2_Stream5_IRQHandler                  0x080001b7   Thumb Code     0  startup_stm32f407xx.o(.text)
    DMA2_Stream6_IRQHandler                  0x080001b7   Thumb Code     0  startup_stm32f407xx.o(.text)
    DMA2_Stream7_IRQHandler                  0x080001b7   Thumb Code     0  startup_stm32f407xx.o(.text)
    ETH_IRQHandler                           0x080001b7   Thumb Code     0  startup_stm32f407xx.o(.text)
    ETH_WKUP_IRQHandler                      0x080001b7   Thumb Code     0  startup_stm32f407xx.o(.text)
    EXTI15_10_IRQHandler                     0x080001b7   Thumb Code     0  startup_stm32f407xx.o(.text)
    EXTI3_IRQHandler                         0x080001b7   Thumb Code     0  startup_stm32f407xx.o(.text)
    FLASH_IRQHandler                         0x080001b7   Thumb Code     0  startup_stm32f407xx.o(.text)
    FMC_IRQHandler                           0x080001b7   Thumb Code     0  startup_stm32f407xx.o(.text)
    FPU_IRQHandler                           0x080001b7   Thumb Code     0  startup_stm32f407xx.o(.text)
    HASH_RNG_IRQHandler                      0x080001b7   Thumb Code     0  startup_stm32f407xx.o(.text)
    I2C1_ER_IRQHandler                       0x080001b7   Thumb Code     0  startup_stm32f407xx.o(.text)
    I2C1_EV_IRQHandler                       0x080001b7   Thumb Code     0  startup_stm32f407xx.o(.text)
    I2C2_ER_IRQHandler                       0x080001b7   Thumb Code     0  startup_stm32f407xx.o(.text)
    I2C2_EV_IRQHandler                       0x080001b7   Thumb Code     0  startup_stm32f407xx.o(.text)
    I2C3_ER_IRQHandler                       0x080001b7   Thumb Code     0  startup_stm32f407xx.o(.text)
    I2C3_EV_IRQHandler                       0x080001b7   Thumb Code     0  startup_stm32f407xx.o(.text)
    OTG_FS_IRQHandler                        0x080001b7   Thumb Code     0  startup_stm32f407xx.o(.text)
    OTG_FS_WKUP_IRQHandler                   0x080001b7   Thumb Code     0  startup_stm32f407xx.o(.text)
    OTG_HS_EP1_IN_IRQHandler                 0x080001b7   Thumb Code     0  startup_stm32f407xx.o(.text)
    OTG_HS_EP1_OUT_IRQHandler                0x080001b7   Thumb Code     0  startup_stm32f407xx.o(.text)
    OTG_HS_IRQHandler                        0x080001b7   Thumb Code     0  startup_stm32f407xx.o(.text)
    OTG_HS_WKUP_IRQHandler                   0x080001b7   Thumb Code     0  startup_stm32f407xx.o(.text)
    PVD_IRQHandler                           0x080001b7   Thumb Code     0  startup_stm32f407xx.o(.text)
    RCC_IRQHandler                           0x080001b7   Thumb Code     0  startup_stm32f407xx.o(.text)
    RTC_Alarm_IRQHandler                     0x080001b7   Thumb Code     0  startup_stm32f407xx.o(.text)
    RTC_WKUP_IRQHandler                      0x080001b7   Thumb Code     0  startup_stm32f407xx.o(.text)
    SDIO_IRQHandler                          0x080001b7   Thumb Code     0  startup_stm32f407xx.o(.text)
    SPI1_IRQHandler                          0x080001b7   Thumb Code     0  startup_stm32f407xx.o(.text)
    SPI2_IRQHandler                          0x080001b7   Thumb Code     0  startup_stm32f407xx.o(.text)
    SPI3_IRQHandler                          0x080001b7   Thumb Code     0  startup_stm32f407xx.o(.text)
    TAMP_STAMP_IRQHandler                    0x080001b7   Thumb Code     0  startup_stm32f407xx.o(.text)
    TIM1_BRK_TIM9_IRQHandler                 0x080001b7   Thumb Code     0  startup_stm32f407xx.o(.text)
    TIM1_CC_IRQHandler                       0x080001b7   Thumb Code     0  startup_stm32f407xx.o(.text)
    TIM1_UP_TIM10_IRQHandler                 0x080001b7   Thumb Code     0  startup_stm32f407xx.o(.text)
    TIM2_IRQHandler                          0x080001b7   Thumb Code     0  startup_stm32f407xx.o(.text)
    TIM4_IRQHandler                          0x080001b7   Thumb Code     0  startup_stm32f407xx.o(.text)
    TIM5_IRQHandler                          0x080001b7   Thumb Code     0  startup_stm32f407xx.o(.text)
    TIM8_BRK_TIM12_IRQHandler                0x080001b7   Thumb Code     0  startup_stm32f407xx.o(.text)
    TIM8_CC_IRQHandler                       0x080001b7   Thumb Code     0  startup_stm32f407xx.o(.text)
    TIM8_TRG_COM_TIM14_IRQHandler            0x080001b7   Thumb Code     0  startup_stm32f407xx.o(.text)
    UART4_IRQHandler                         0x080001b7   Thumb Code     0  startup_stm32f407xx.o(.text)
    UART5_IRQHandler                         0x080001b7   Thumb Code     0  startup_stm32f407xx.o(.text)
    USART1_IRQHandler                        0x080001b7   Thumb Code     0  startup_stm32f407xx.o(.text)
    USART6_IRQHandler                        0x080001b7   Thumb Code     0  startup_stm32f407xx.o(.text)
    WWDG_IRQHandler                          0x080001b7   Thumb Code     0  startup_stm32f407xx.o(.text)
    __aeabi_ldivmod                          0x080001c1   Thumb Code    90  ldiv.o(.text)
    __aeabi_memset                           0x0800021b   Thumb Code    14  memseta.o(.text)
    __aeabi_memset4                          0x0800021b   Thumb Code     0  memseta.o(.text)
    __aeabi_memset8                          0x0800021b   Thumb Code     0  memseta.o(.text)
    __aeabi_memclr                           0x08000229   Thumb Code     4  memseta.o(.text)
    __aeabi_memclr4                          0x08000229   Thumb Code     0  memseta.o(.text)
    __aeabi_memclr8                          0x08000229   Thumb Code     0  memseta.o(.text)
    _memset$wrapper                          0x0800022d   Thumb Code    18  memseta.o(.text)
    memcmp                                   0x0800023f   Thumb Code    26  memcmp.o(.text)
    __aeabi_dadd                             0x08000259   Thumb Code   322  dadd.o(.text)
    __aeabi_dsub                             0x0800039b   Thumb Code     6  dadd.o(.text)
    __aeabi_drsub                            0x080003a1   Thumb Code     6  dadd.o(.text)
    __aeabi_dmul                             0x080003a7   Thumb Code   228  dmul.o(.text)
    __aeabi_ddiv                             0x0800048b   Thumb Code   222  ddiv.o(.text)
    __aeabi_i2d                              0x08000569   Thumb Code    34  dflti.o(.text)
    __aeabi_ui2d                             0x0800058b   Thumb Code    26  dfltui.o(.text)
    __aeabi_f2d                              0x080005a5   Thumb Code    38  f2d.o(.text)
    __aeabi_d2f                              0x080005cb   Thumb Code    56  d2f.o(.text)
    __aeabi_uidiv                            0x08000603   Thumb Code     0  uidiv.o(.text)
    __aeabi_uidivmod                         0x08000603   Thumb Code    44  uidiv.o(.text)
    __aeabi_uldivmod                         0x0800062f   Thumb Code    98  uldiv.o(.text)
    __aeabi_llsl                             0x08000691   Thumb Code    30  llshl.o(.text)
    _ll_shift_l                              0x08000691   Thumb Code     0  llshl.o(.text)
    __aeabi_lasr                             0x080006af   Thumb Code    36  llsshr.o(.text)
    _ll_sshift_r                             0x080006af   Thumb Code     0  llsshr.o(.text)
    __I$use$fp                               0x080006d3   Thumb Code     0  iusefp.o(.text)
    _float_round                             0x080006d3   Thumb Code    18  fepilogue.o(.text)
    _float_epilogue                          0x080006e5   Thumb Code    90  fepilogue.o(.text)
    _double_round                            0x0800073f   Thumb Code    26  depilogue.o(.text)
    _double_epilogue                         0x08000759   Thumb Code   164  depilogue.o(.text)
    _dsqrt                                   0x080007fd   Thumb Code   162  dsqrt.o(.text)
    __aeabi_d2ulz                            0x0800089f   Thumb Code    48  dfixul.o(.text)
    __aeabi_cdrcmple                         0x080008d1   Thumb Code    38  cdrcmple.o(.text)
    __scatterload                            0x080008f9   Thumb Code    28  init.o(.text)
    __scatterload_rt2                        0x080008f9   Thumb Code     0  init.o(.text)
    __aeabi_llsr                             0x0800091d   Thumb Code    32  llushr.o(.text)
    _ll_ushift_r                             0x0800091d   Thumb Code     0  llushr.o(.text)
    __aeabi_d2iz                             0x0800093d   Thumb Code    62  dfixi.o(.text)
    __decompress                             0x0800097b   Thumb Code     0  __dczerorl2.o(.text)
    __decompress1                            0x0800097b   Thumb Code    92  __dczerorl2.o(.text)
    CtrlAttiAng                              0x080009d9   Thumb Code    54  pid_control.o(i.CtrlAttiAng)
    CtrlAttiRate                             0x08000a19   Thumb Code   188  pid_control.o(i.CtrlAttiRate)
    DMA1_Stream1_IRQHandler                  0x08000add   Thumb Code     6  stm32f4xx_it.o(i.DMA1_Stream1_IRQHandler)
    DMA1_Stream5_IRQHandler                  0x08000ae9   Thumb Code     6  stm32f4xx_it.o(i.DMA1_Stream5_IRQHandler)
    DMA1_Stream6_IRQHandler                  0x08000af5   Thumb Code     6  stm32f4xx_it.o(i.DMA1_Stream6_IRQHandler)
    Data_Send_PID                            0x08000b29   Thumb Code   356  data_transfer.o(i.Data_Send_PID)
    Data_Send_Senser                         0x08000ca5   Thumb Code   234  data_transfer.o(i.Data_Send_Senser)
    Data_Send_Status                         0x08000db9   Thumb Code   182  data_transfer.o(i.Data_Send_Status)
    EXTI0_IRQHandler                         0x08000e8d   Thumb Code     6  stm32f4xx_it.o(i.EXTI0_IRQHandler)
    EXTI1_IRQHandler                         0x08000e93   Thumb Code     6  stm32f4xx_it.o(i.EXTI1_IRQHandler)
    EXTI2_IRQHandler                         0x08000e99   Thumb Code     6  stm32f4xx_it.o(i.EXTI2_IRQHandler)
    EXTI4_IRQHandler                         0x08000e9f   Thumb Code     6  stm32f4xx_it.o(i.EXTI4_IRQHandler)
    EXTI9_5_IRQHandler                       0x08000ea5   Thumb Code     6  stm32f4xx_it.o(i.EXTI9_5_IRQHandler)
    Get_Angle_PIDtime                        0x08000ead   Thumb Code    26  motor.o(i.Get_Angle_PIDtime)
    Get_Rate_PIDtime                         0x08000ed1   Thumb Code    32  motor.o(i.Get_Rate_PIDtime)
    HAL_DMA_IRQHandler                       0x08000efd   Thumb Code  3940  stm32f4xx_hal_dma.o(i.HAL_DMA_IRQHandler)
    HAL_DMA_Init                             0x08001e69   Thumb Code   108  stm32f4xx_hal_dma.o(i.HAL_DMA_Init)
    HAL_DMA_Start_IT                         0x08001ed9   Thumb Code   108  stm32f4xx_hal_dma.o(i.HAL_DMA_Start_IT)
    HAL_GPIO_EXTI_Callback                   0x08001f45   Thumb Code   262  gpio.o(i.HAL_GPIO_EXTI_Callback)
    HAL_GPIO_EXTI_IRQHandler                 0x08002075   Thumb Code    18  stm32f4xx_hal_gpio.o(i.HAL_GPIO_EXTI_IRQHandler)
    HAL_GPIO_Init                            0x0800208d   Thumb Code   394  stm32f4xx_hal_gpio.o(i.HAL_GPIO_Init)
    HAL_GPIO_ReadPin                         0x08002249   Thumb Code    10  stm32f4xx_hal_gpio.o(i.HAL_GPIO_ReadPin)
    HAL_GPIO_WritePin                        0x08002253   Thumb Code    10  stm32f4xx_hal_gpio.o(i.HAL_GPIO_WritePin)
    HAL_GetTick                              0x0800225d   Thumb Code     6  stm32f4xx_hal.o(i.HAL_GetTick)
    HAL_I2C_Init                             0x08002269   Thumb Code   238  stm32f4xx_hal_i2c.o(i.HAL_I2C_Init)
    HAL_I2C_MspInit                          0x08002361   Thumb Code    72  i2c.o(i.HAL_I2C_MspInit)
    HAL_IncTick                              0x080023b9   Thumb Code    10  stm32f4xx_hal.o(i.HAL_IncTick)
    HAL_Init                                 0x080023c9   Thumb Code    48  stm32f4xx_hal.o(i.HAL_Init)
    HAL_InitTick                             0x080023fd   Thumb Code    34  stm32f4xx_hal.o(i.HAL_InitTick)
    HAL_MspInit                              0x0800241f   Thumb Code    22  stm32f4xx_hal_msp.o(i.HAL_MspInit)
    HAL_NVIC_EnableIRQ                       0x08002435   Thumb Code    24  stm32f4xx_hal_cortex.o(i.HAL_NVIC_EnableIRQ)
    HAL_NVIC_SetPriority                     0x0800244d   Thumb Code    60  stm32f4xx_hal_cortex.o(i.HAL_NVIC_SetPriority)
    HAL_NVIC_SetPriorityGrouping             0x0800248d   Thumb Code    26  stm32f4xx_hal_cortex.o(i.HAL_NVIC_SetPriorityGrouping)
    HAL_RCC_ClockConfig                      0x080024b1   Thumb Code   432  stm32f4xx_hal_rcc.o(i.HAL_RCC_ClockConfig)
    HAL_RCC_GetHCLKFreq                      0x08002669   Thumb Code    38  stm32f4xx_hal_rcc.o(i.HAL_RCC_GetHCLKFreq)
    HAL_RCC_GetPCLK1Freq                     0x0800269d   Thumb Code    36  stm32f4xx_hal_rcc.o(i.HAL_RCC_GetPCLK1Freq)
    HAL_RCC_GetPCLK2Freq                     0x080026c9   Thumb Code    36  stm32f4xx_hal_rcc.o(i.HAL_RCC_GetPCLK2Freq)
    HAL_RCC_GetSysClockFreq                  0x080026f5   Thumb Code   104  stm32f4xx_hal_rcc.o(i.HAL_RCC_GetSysClockFreq)
    HAL_RCC_OscConfig                        0x08002769   Thumb Code   798  stm32f4xx_hal_rcc.o(i.HAL_RCC_OscConfig)
    HAL_SPI_Init                             0x08002a9d   Thumb Code   128  stm32f4xx_hal_spi.o(i.HAL_SPI_Init)
    HAL_SPI_MspInit                          0x08002b1d   Thumb Code    52  spi.o(i.HAL_SPI_MspInit)
    HAL_SYSTICK_Callback                     0x08002b5d   Thumb Code     2  main.o(i.HAL_SYSTICK_Callback)
    HAL_SYSTICK_Config                       0x08002b5f   Thumb Code    40  stm32f4xx_hal_cortex.o(i.HAL_SYSTICK_Config)
    HAL_SYSTICK_IRQHandler                   0x08002b87   Thumb Code     8  stm32f4xx_hal_cortex.o(i.HAL_SYSTICK_IRQHandler)
    HAL_TIMEx_BreakCallback                  0x08002b8f   Thumb Code     2  stm32f4xx_hal_tim_ex.o(i.HAL_TIMEx_BreakCallback)
    HAL_TIMEx_CommutationCallback            0x08002b91   Thumb Code     2  stm32f4xx_hal_tim_ex.o(i.HAL_TIMEx_CommutationCallback)
    HAL_TIMEx_ConfigBreakDeadTime            0x08002b93   Thumb Code    66  stm32f4xx_hal_tim_ex.o(i.HAL_TIMEx_ConfigBreakDeadTime)
    HAL_TIMEx_MasterConfigSynchronization    0x08002bd5   Thumb Code    80  stm32f4xx_hal_tim_ex.o(i.HAL_TIMEx_MasterConfigSynchronization)
    HAL_TIM_Base_GetState                    0x08002c25   Thumb Code     6  stm32f4xx_hal_tim.o(i.HAL_TIM_Base_GetState)
    HAL_TIM_Base_Init                        0x08002c2b   Thumb Code    48  stm32f4xx_hal_tim.o(i.HAL_TIM_Base_Init)
    HAL_TIM_Base_MspInit                     0x08002c5d   Thumb Code   302  tim.o(i.HAL_TIM_Base_MspInit)
    HAL_TIM_Base_Start                       0x08002dc1   Thumb Code    26  stm32f4xx_hal_tim.o(i.HAL_TIM_Base_Start)
    HAL_TIM_Base_Start_IT                    0x08002ddb   Thumb Code    24  stm32f4xx_hal_tim.o(i.HAL_TIM_Base_Start_IT)
    HAL_TIM_Base_Stop                        0x08002df3   Thumb Code    44  stm32f4xx_hal_tim.o(i.HAL_TIM_Base_Stop)
    HAL_TIM_ConfigClockSource                0x08002e1f   Thumb Code   240  stm32f4xx_hal_tim.o(i.HAL_TIM_ConfigClockSource)
    HAL_TIM_IC_CaptureCallback               0x08002f0f   Thumb Code     2  tim.o(i.HAL_TIM_IC_CaptureCallback)
    HAL_TIM_IRQHandler                       0x08002f11   Thumb Code   358  stm32f4xx_hal_tim.o(i.HAL_TIM_IRQHandler)
    HAL_TIM_OC_DelayElapsedCallback          0x08003077   Thumb Code     2  stm32f4xx_hal_tim.o(i.HAL_TIM_OC_DelayElapsedCallback)
    HAL_TIM_PWM_ConfigChannel                0x08003079   Thumb Code   206  stm32f4xx_hal_tim.o(i.HAL_TIM_PWM_ConfigChannel)
    HAL_TIM_PWM_Init                         0x08003147   Thumb Code    48  stm32f4xx_hal_tim.o(i.HAL_TIM_PWM_Init)
    HAL_TIM_PWM_MspInit                      0x08003177   Thumb Code     2  stm32f4xx_hal_tim.o(i.HAL_TIM_PWM_MspInit)
    HAL_TIM_PWM_PulseFinishedCallback        0x08003179   Thumb Code     2  stm32f4xx_hal_tim.o(i.HAL_TIM_PWM_PulseFinishedCallback)
    HAL_TIM_PWM_Start                        0x0800317d   Thumb Code    48  stm32f4xx_hal_tim.o(i.HAL_TIM_PWM_Start)
    HAL_TIM_PeriodElapsedCallback            0x080031b5   Thumb Code   260  tim.o(i.HAL_TIM_PeriodElapsedCallback)
    HAL_TIM_SlaveConfigSynchronization       0x08003301   Thumb Code    66  stm32f4xx_hal_tim.o(i.HAL_TIM_SlaveConfigSynchronization)
    HAL_TIM_TriggerCallback                  0x08003343   Thumb Code     2  stm32f4xx_hal_tim.o(i.HAL_TIM_TriggerCallback)
    HAL_UART_ErrorCallback                   0x08003345   Thumb Code     2  stm32f4xx_hal_uart.o(i.HAL_UART_ErrorCallback)
    HAL_UART_IRQHandler                      0x08003349   Thumb Code   266  stm32f4xx_hal_uart.o(i.HAL_UART_IRQHandler)
    HAL_UART_Init                            0x08003453   Thumb Code    90  stm32f4xx_hal_uart.o(i.HAL_UART_Init)
    HAL_UART_MspInit                         0x080034ad   Thumb Code   292  usart.o(i.HAL_UART_MspInit)
    HAL_UART_Receive_DMA                     0x080035f5   Thumb Code   122  stm32f4xx_hal_uart.o(i.HAL_UART_Receive_DMA)
    HAL_UART_RxCpltCallback                  0x0800367d   Thumb Code    16  usart.o(i.HAL_UART_RxCpltCallback)
    HAL_UART_RxHalfCpltCallback              0x08003695   Thumb Code     2  stm32f4xx_hal_uart.o(i.HAL_UART_RxHalfCpltCallback)
    HAL_UART_Transmit_DMA                    0x08003699   Thumb Code   132  stm32f4xx_hal_uart.o(i.HAL_UART_Transmit_DMA)
    HAL_UART_TxCpltCallback                  0x08003729   Thumb Code     2  usart.o(i.HAL_UART_TxCpltCallback)
    HAL_UART_TxHalfCpltCallback              0x0800372b   Thumb Code     2  stm32f4xx_hal_uart.o(i.HAL_UART_TxHalfCpltCallback)
    I2C_SendByte                             0x0800372d   Thumb Code    94  nine_axis_module.o(i.I2C_SendByte)
    I2C_Start                                0x08003791   Thumb Code   100  nine_axis_module.o(i.I2C_Start)
    I2C_Stop                                 0x08003819   Thumb Code    72  nine_axis_module.o(i.I2C_Stop)
    I2C_WaitAck                              0x08003865   Thumb Code   102  nine_axis_module.o(i.I2C_WaitAck)
    IIC_Ack                                  0x080038d1   Thumb Code    50  myiic.o(i.IIC_Ack)
    IIC_NAck                                 0x08003911   Thumb Code    50  myiic.o(i.IIC_NAck)
    IIC_Read_Byte                            0x08003951   Thumb Code    96  myiic.o(i.IIC_Read_Byte)
    IIC_Send_Byte                            0x080039bd   Thumb Code    82  myiic.o(i.IIC_Send_Byte)
    IIC_Start                                0x08003a1d   Thumb Code    50  myiic.o(i.IIC_Start)
    IIC_Stop                                 0x08003a5d   Thumb Code    52  myiic.o(i.IIC_Stop)
    IIC_Wait_Ack                             0x08003a9d   Thumb Code    76  myiic.o(i.IIC_Wait_Ack)
    Init_L3G4200D                            0x08003af5   Thumb Code    56  nine_axis_module.o(i.Init_L3G4200D)
    Limit_PWMOUT                             0x08003b2d   Thumb Code    32  pid_control.o(i.Limit_PWMOUT)
    MPU_Get_Gyroscope                        0x08003b5d   Thumb Code   336  mpu6050.o(i.MPU_Get_Gyroscope)
    MPU_Init                                 0x08003cc9   Thumb Code   126  mpu6050.o(i.MPU_Init)
    MPU_Read_Byte                            0x08003d61   Thumb Code    58  mpu6050.o(i.MPU_Read_Byte)
    MPU_Read_Len                             0x08003d9d   Thumb Code   108  mpu6050.o(i.MPU_Read_Len)
    MPU_Set_Accel_Fsr                        0x08003e09   Thumb Code    10  mpu6050.o(i.MPU_Set_Accel_Fsr)
    MPU_Set_Gyro_Fsr                         0x08003e13   Thumb Code    10  mpu6050.o(i.MPU_Set_Gyro_Fsr)
    MPU_Set_LPF                              0x08003e1d   Thumb Code    48  mpu6050.o(i.MPU_Set_LPF)
    MPU_Set_Rate                             0x08003e4d   Thumb Code    46  mpu6050.o(i.MPU_Set_Rate)
    MPU_Write_Byte                           0x08003e7b   Thumb Code    60  mpu6050.o(i.MPU_Write_Byte)
    MPU_Write_Len                            0x08003eb7   Thumb Code    82  mpu6050.o(i.MPU_Write_Len)
    MX_DMA_Init                              0x08003f09   Thumb Code    64  dma.o(i.MX_DMA_Init)
    MX_GPIO_Init                             0x08003f4d   Thumb Code   258  gpio.o(i.MX_GPIO_Init)
    MX_I2C1_Init                             0x08004069   Thumb Code    34  i2c.o(i.MX_I2C1_Init)
    MX_I2C2_Init                             0x08004099   Thumb Code    34  i2c.o(i.MX_I2C2_Init)
    MX_SPI1_Init                             0x080040c9   Thumb Code    40  spi.o(i.MX_SPI1_Init)
    MX_TIM10_Init                            0x080040f9   Thumb Code    28  tim.o(i.MX_TIM10_Init)
    MX_TIM11_Init                            0x0800411d   Thumb Code    28  tim.o(i.MX_TIM11_Init)
    MX_TIM13_Init                            0x08004141   Thumb Code    26  tim.o(i.MX_TIM13_Init)
    MX_TIM14_Init                            0x08004165   Thumb Code    28  tim.o(i.MX_TIM14_Init)
    MX_TIM1_Init                             0x08004189   Thumb Code   154  tim.o(i.MX_TIM1_Init)
    MX_TIM3_Init                             0x0800422d   Thumb Code    74  tim.o(i.MX_TIM3_Init)
    MX_TIM5_Init                             0x08004281   Thumb Code    68  tim.o(i.MX_TIM5_Init)
    MX_TIM6_Init                             0x080042cd   Thumb Code    42  tim.o(i.MX_TIM6_Init)
    MX_TIM7_Init                             0x08004301   Thumb Code    40  tim.o(i.MX_TIM7_Init)
    MX_TIM8_Init                             0x08004331   Thumb Code    70  tim.o(i.MX_TIM8_Init)
    MX_TIM9_Init                             0x08004381   Thumb Code    88  tim.o(i.MX_TIM9_Init)
    MX_USART2_UART_Init                      0x080043e1   Thumb Code    32  usart.o(i.MX_USART2_UART_Init)
    MX_USART3_UART_Init                      0x08004409   Thumb Code    32  usart.o(i.MX_USART3_UART_Init)
    MX_USART6_UART_Init                      0x08004431   Thumb Code    32  usart.o(i.MX_USART6_UART_Init)
    MovAve                                   0x08004459   Thumb Code    18  sqqueue.o(i.MovAve)
    PID_Calculate                            0x08004491   Thumb Code   170  pid_control.o(i.PID_Calculate)
    PID_Init                                 0x0800453d   Thumb Code    74  pid_control.o(i.PID_Init)
    SendChar                                 0x0800459d   Thumb Code    20  usart.o(i.SendChar)
    Send_Data                                0x080045b5   Thumb Code    38  data_transfer.o(i.Send_Data)
    Single_Write                             0x080045e1   Thumb Code    78  nine_axis_module.o(i.Single_Write)
    SpeedInitVal_Pitch_MinusDirec            0x08004661   Thumb Code    46  pid_control.o(i.SpeedInitVal_Pitch_MinusDirec)
    SpeedInitVal_Pitch_PlusDirec             0x08004699   Thumb Code    42  pid_control.o(i.SpeedInitVal_Pitch_PlusDirec)
    SpeedInitVal_Roll_MinusDirec             0x080046cd   Thumb Code    46  pid_control.o(i.SpeedInitVal_Roll_MinusDirec)
    SpeedInitVal_Roll_PlusDirec              0x08004705   Thumb Code    42  pid_control.o(i.SpeedInitVal_Roll_PlusDirec)
    SysTick_Handler                          0x08004739   Thumb Code    14  stm32f4xx_it.o(i.SysTick_Handler)
    SystemClock_Config                       0x08004749   Thumb Code    96  main.o(i.SystemClock_Config)
    SystemInit                               0x080047b1   Thumb Code    66  system_stm32f4xx.o(i.SystemInit)
    TIM1_Motor_PWMOutput                     0x08004805   Thumb Code    20  motor.o(i.TIM1_Motor_PWMOutput)
    TIM1_TRG_COM_TIM11_IRQHandler            0x0800481d   Thumb Code    18  stm32f4xx_it.o(i.TIM1_TRG_COM_TIM11_IRQHandler)
    TIM3_IRQHandler                          0x08004839   Thumb Code   348  stm32f4xx_it.o(i.TIM3_IRQHandler)
    TIM6_DAC_IRQHandler                      0x080049c5   Thumb Code     6  stm32f4xx_it.o(i.TIM6_DAC_IRQHandler)
    TIM7_IRQHandler                          0x080049d1   Thumb Code     6  stm32f4xx_it.o(i.TIM7_IRQHandler)
    TIM8_UP_TIM13_IRQHandler                 0x080049dd   Thumb Code    18  stm32f4xx_it.o(i.TIM8_UP_TIM13_IRQHandler)
    TIM_Base_SetConfig                       0x080049f9   Thumb Code   148  stm32f4xx_hal_tim.o(i.TIM_Base_SetConfig)
    TIM_CCxChannelCmd                        0x08004ab9   Thumb Code    22  stm32f4xx_hal_tim.o(i.TIM_CCxChannelCmd)
    TIM_OC2_SetConfig                        0x08004b4d   Thumb Code    90  stm32f4xx_hal_tim.o(i.TIM_OC2_SetConfig)
    USART2_IRQHandler                        0x08005041   Thumb Code     6  stm32f4xx_it.o(i.USART2_IRQHandler)
    USART3_IRQHandler                        0x0800504d   Thumb Code     6  stm32f4xx_it.o(i.USART3_IRQHandler)
    __0printf                                0x08005059   Thumb Code    22  printfa.o(i.__0printf)
    __1printf                                0x08005059   Thumb Code     0  printfa.o(i.__0printf)
    __2printf                                0x08005059   Thumb Code     0  printfa.o(i.__0printf)
    __c89printf                              0x08005059   Thumb Code     0  printfa.o(i.__0printf)
    printf                                   0x08005059   Thumb Code     0  printfa.o(i.__0printf)
    __ARM_fpclassify                         0x08005079   Thumb Code    48  fpclassify.o(i.__ARM_fpclassify)
    __hardfp_asin                            0x080050a9   Thumb Code   774  asin.o(i.__hardfp_asin)
    __hardfp_atan                            0x08005419   Thumb Code   636  atan.o(i.__hardfp_atan)
    __hardfp_atan2                           0x08005701   Thumb Code   416  atan2.o(i.__hardfp_atan2)
    __hardfp_cos                             0x080058e1   Thumb Code   200  cos.o(i.__hardfp_cos)
    __hardfp_sin                             0x080059b9   Thumb Code   200  sin.o(i.__hardfp_sin)
    __ieee754_rem_pio2                       0x08005a91   Thumb Code   972  rred.o(i.__ieee754_rem_pio2)
    __kernel_cos                             0x08005ee9   Thumb Code   322  cos_i.o(i.__kernel_cos)
    __kernel_poly                            0x08006059   Thumb Code   248  poly.o(i.__kernel_poly)
    __kernel_sin                             0x08006151   Thumb Code   280  sin_i.o(i.__kernel_sin)
    __mathlib_dbl_underflow                  0x08006281   Thumb Code    24  dunder.o(i.__mathlib_dbl_underflow)
    __scatterload_copy                       0x080062a1   Thumb Code    14  handlers.o(i.__scatterload_copy)
    __scatterload_null                       0x080062af   Thumb Code     2  handlers.o(i.__scatterload_null)
    __scatterload_zeroinit                   0x080062b1   Thumb Code    14  handlers.o(i.__scatterload_zeroinit)
    __set_errno                              0x080062c1   Thumb Code     6  errno.o(i.__set_errno)
    atan                                     0x08006c01   Thumb Code    16  atan.o(i.atan)
    delay_ms                                 0x08006c11   Thumb Code    22  myiic.o(i.delay_ms)
    delay_us                                 0x08006c27   Thumb Code    28  myiic.o(i.delay_us)
    delet                                    0x08006c45   Thumb Code    42  sqqueue.o(i.delet)
    dmp_enable_6x_lp_quat                    0x08006c85   Thumb Code    58  inv_mpu_dmp_motion_driver.o(i.dmp_enable_6x_lp_quat)
    dmp_enable_feature                       0x08006cc1   Thumb Code   464  inv_mpu_dmp_motion_driver.o(i.dmp_enable_feature)
    dmp_enable_gyro_cal                      0x08006e99   Thumb Code    44  inv_mpu_dmp_motion_driver.o(i.dmp_enable_gyro_cal)
    dmp_enable_lp_quat                       0x08006edd   Thumb Code    58  inv_mpu_dmp_motion_driver.o(i.dmp_enable_lp_quat)
    dmp_load_motion_driver_firmware          0x08006f19   Thumb Code    16  inv_mpu_dmp_motion_driver.o(i.dmp_load_motion_driver_firmware)
    dmp_read_fifo                            0x08006f2d   Thumb Code   324  inv_mpu_dmp_motion_driver.o(i.dmp_read_fifo)
    dmp_set_accel_bias                       0x08007075   Thumb Code   218  inv_mpu_dmp_motion_driver.o(i.dmp_set_accel_bias)
    dmp_set_fifo_rate                        0x08007155   Thumb Code    82  inv_mpu_dmp_motion_driver.o(i.dmp_set_fifo_rate)
    dmp_set_gyro_bias                        0x080071b9   Thumb Code   200  inv_mpu_dmp_motion_driver.o(i.dmp_set_gyro_bias)
    dmp_set_orientation                      0x08007289   Thumb Code   246  inv_mpu_dmp_motion_driver.o(i.dmp_set_orientation)
    dmp_set_shake_reject_thresh              0x08007395   Thumb Code    48  inv_mpu_dmp_motion_driver.o(i.dmp_set_shake_reject_thresh)
    dmp_set_shake_reject_time                0x080073c5   Thumb Code    32  inv_mpu_dmp_motion_driver.o(i.dmp_set_shake_reject_time)
    dmp_set_shake_reject_timeout             0x080073e5   Thumb Code    32  inv_mpu_dmp_motion_driver.o(i.dmp_set_shake_reject_timeout)
    dmp_set_tap_axes                         0x08007405   Thumb Code    64  inv_mpu_dmp_motion_driver.o(i.dmp_set_tap_axes)
    dmp_set_tap_count                        0x08007445   Thumb Code    34  inv_mpu_dmp_motion_driver.o(i.dmp_set_tap_count)
    dmp_set_tap_thresh                       0x08007469   Thumb Code   314  inv_mpu_dmp_motion_driver.o(i.dmp_set_tap_thresh)
    dmp_set_tap_time                         0x080075c9   Thumb Code    32  inv_mpu_dmp_motion_driver.o(i.dmp_set_tap_time)
    dmp_set_tap_time_multi                   0x080075e9   Thumb Code    32  inv_mpu_dmp_motion_driver.o(i.dmp_set_tap_time_multi)
    fabs                                     0x08007609   Thumb Code    32  fabs.o(i.fabs)
    fputc                                    0x08007629   Thumb Code     4  regtarge.o(i.fputc)
    get_control_data                         0x080076e1   Thumb Code   124  uranus.o(i.get_control_data)
    insert                                   0x08007b5d   Thumb Code   114  sqqueue.o(i.insert)
    inv_orientation_matrix_to_scalar         0x08007bcf   Thumb Code    34  inv_mpu.o(i.inv_orientation_matrix_to_scalar)
    inv_row_2_scale                          0x08007bf1   Thumb Code    72  inv_mpu.o(i.inv_row_2_scale)
    main                                     0x08007c39   Thumb Code   500  main.o(i.main)
    mget_ms                                  0x08007ee1   Thumb Code     2  inv_mpu.o(i.mget_ms)
    mpu_configure_fifo                       0x08007ee5   Thumb Code    78  inv_mpu.o(i.mpu_configure_fifo)
    mpu_dmp_get_data                         0x08007f39   Thumb Code   426  inv_mpu.o(i.mpu_dmp_get_data)
    mpu_dmp_init                             0x08008105   Thumb Code   156  inv_mpu.o(i.mpu_dmp_init)
    mpu_get_accel_fsr                        0x080081a5   Thumb Code    54  inv_mpu.o(i.mpu_get_accel_fsr)
    mpu_get_accel_sens                       0x080081e1   Thumb Code    62  inv_mpu.o(i.mpu_get_accel_sens)
    mpu_get_gyro_fsr                         0x08008225   Thumb Code    48  inv_mpu.o(i.mpu_get_gyro_fsr)
    mpu_get_gyro_sens                        0x08008259   Thumb Code    54  inv_mpu.o(i.mpu_get_gyro_sens)
    mpu_get_lpf                              0x080082a5   Thumb Code    52  inv_mpu.o(i.mpu_get_lpf)
    mpu_get_sample_rate                      0x080082dd   Thumb Code    22  inv_mpu.o(i.mpu_get_sample_rate)
    mpu_init                                 0x080082f9   Thumb Code   312  inv_mpu.o(i.mpu_init)
    mpu_load_firmware                        0x08008481   Thumb Code   154  inv_mpu.o(i.mpu_load_firmware)
    mpu_lp_accel_mode                        0x08008521   Thumb Code   178  inv_mpu.o(i.mpu_lp_accel_mode)
    mpu_read_fifo_stream                     0x080085d9   Thumb Code   140  inv_mpu.o(i.mpu_read_fifo_stream)
    mpu_read_mem                             0x08008669   Thumb Code    80  inv_mpu.o(i.mpu_read_mem)
    mpu_reset_fifo                           0x080086bd   Thumb Code   340  inv_mpu.o(i.mpu_reset_fifo)
    mpu_run_self_test                        0x08008815   Thumb Code   234  inv_mpu.o(i.mpu_run_self_test)
    mpu_set_accel_fsr                        0x08008905   Thumb Code    98  inv_mpu.o(i.mpu_set_accel_fsr)
    mpu_set_bypass                           0x0800896d   Thumb Code   214  inv_mpu.o(i.mpu_set_bypass)
    mpu_set_dmp_state                        0x08008a49   Thumb Code   114  inv_mpu.o(i.mpu_set_dmp_state)
    mpu_set_gyro_fsr                         0x08008ac1   Thumb Code   104  inv_mpu.o(i.mpu_set_gyro_fsr)
    mpu_set_int_latched                      0x08008b2d   Thumb Code    94  inv_mpu.o(i.mpu_set_int_latched)
    mpu_set_lpf                              0x08008b91   Thumb Code   102  inv_mpu.o(i.mpu_set_lpf)
    mpu_set_sample_rate                      0x08008bfd   Thumb Code   124  inv_mpu.o(i.mpu_set_sample_rate)
    mpu_set_sensors                          0x08008c7d   Thumb Code   178  inv_mpu.o(i.mpu_set_sensors)
    mpu_write_mem                            0x08008d35   Thumb Code    80  inv_mpu.o(i.mpu_write_mem)
    pendulum_control_Still                   0x08008d89   Thumb Code    74  pendulumcontrol.o(i.pendulum_control_Still)
    pendulum_control_circle                  0x08008e05   Thumb Code   306  pendulumcontrol.o(i.pendulum_control_circle)
    pendulum_control_eAmplitude_swing        0x08008f81   Thumb Code   218  pendulumcontrol.o(i.pendulum_control_eAmplitude_swing)
    pendulum_control_eight                   0x0800909d   Thumb Code   308  pendulumcontrol.o(i.pendulum_control_eight)
    pendulum_control_freefall                0x0800921d   Thumb Code   138  pendulumcontrol.o(i.pendulum_control_freefall)
    pendulum_control_nDirection_swing        0x080092d9   Thumb Code   416  pendulumcontrol.o(i.pendulum_control_nDirection_swing)
    run_self_test                            0x080094d5   Thumb Code   136  inv_mpu.o(i.run_self_test)
    sqrt                                     0x080095b5   Thumb Code   110  sqrt.o(i.sqrt)
    APBAHBPrescTable                         0x08009622   Data          16  stm32f4xx_hal_rcc.o(.constdata)
    reg                                      0x08009632   Data          27  inv_mpu.o(.constdata)
    hw                                       0x0800964e   Data          12  inv_mpu.o(.constdata)
    test                                     0x0800965c   Data          40  inv_mpu.o(.constdata)
    motor                                    0x0800a2c8   Data          46  motor.o(.constdata)
    __mathlib_zero                           0x0800a410   Data           8  qnan.o(.constdata)
    Region$$Table$$Base                      0x0800a508   Number         0  anon$$obj.o(Region$$Table)
    Region$$Table$$Limit                     0x0800a528   Number         0  anon$$obj.o(Region$$Table)
    SystemCoreClock                          0x20000000   Data           4  system_stm32f4xx.o(.data)
    AHBPrescTable                            0x20000004   Data          16  system_stm32f4xx.o(.data)
    Hz57                                     0x2000001e   Data           1  main.o(.data)
    Hz167                                    0x2000001f   Data           1  main.o(.data)
    workstatus                               0x20000030   Data           1  gpio.o(.data)
    state                                    0x20000031   Data           1  gpio.o(.data)
    press                                    0x20000032   Data           1  gpio.o(.data)
    __stdout                                 0x20000034   Data           4  regtarge.o(.data)
    q0                                       0x20000044   Data           4  inv_mpu.o(.data)
    q1                                       0x20000048   Data           4  inv_mpu.o(.data)
    q2                                       0x2000004c   Data           4  inv_mpu.o(.data)
    q3                                       0x20000050   Data           4  inv_mpu.o(.data)
    Send_Status                              0x20000089   Data           1  data_transfer.o(.data)
    Send_Senser                              0x2000008a   Data           1  data_transfer.o(.data)
    Send_PID                                 0x2000008b   Data           1  data_transfer.o(.data)
    MOTOR1                                   0x2000008c   Data           2  pid_control.o(.data)
    MOTOR2                                   0x2000008e   Data           2  pid_control.o(.data)
    MOTOR3                                   0x20000090   Data           2  pid_control.o(.data)
    MOTOR4                                   0x20000092   Data           2  pid_control.o(.data)
    Motor_Thr                                0x20000094   Data           2  pid_control.o(.data)
    Motor_Angle_X                            0x20000098   Data           4  pid_control.o(.data)
    Motor_Angle_Y                            0x2000009c   Data           4  pid_control.o(.data)
    Roll                                     0x200000a0   Data           4  pid_control.o(.data)
    Pitch                                    0x200000a4   Data           4  pid_control.o(.data)
    Angle_Time_dt                            0x200000bc   Data           4  pid_control.o(.data)
    Rate_Time_dt                             0x200000c0   Data           4  pid_control.o(.data)
    pid_pitch                                0x200000c4   Data           4  pid_control.o(.data)
    pid_roll                                 0x200000c8   Data           4  pid_control.o(.data)
    gx                                       0x200000cc   Data           4  pid_control.o(.data)
    gy                                       0x200000d0   Data           4  pid_control.o(.data)
    gz                                       0x200000d4   Data           4  pid_control.o(.data)
    Yaw                                      0x200000d8   Data           4  pid_control.o(.data)
    Circle_Flag                              0x200000e8   Data           1  pendulumcontrol.o(.data)
    Eight_Flag                               0x200000e9   Data           1  pendulumcontrol.o(.data)
    NDirection_Flag                          0x200000ea   Data           1  pendulumcontrol.o(.data)
    eAmplitude_Flag                          0x200000eb   Data           1  pendulumcontrol.o(.data)
    Freefall_Flag                            0x200000ec   Data           1  pendulumcontrol.o(.data)
    Pitch_Direction                          0x200000ed   Data           1  pendulumcontrol.o(.data)
    Init_Pitch                               0x200000f4   Data           4  pendulumcontrol.o(.data)
    Mode                                     0x20000130   Data           1  pendulumcontrol.o(.data)
    Amplitude                                0x20000134   Data           4  pendulumcontrol.o(.data)
    Radius                                   0x20000138   Data           4  pendulumcontrol.o(.data)
    Radius_Eight                             0x2000013c   Data           4  pendulumcontrol.o(.data)
    nDirection                               0x20000140   Data           4  pendulumcontrol.o(.data)
    nAmplitude                               0x20000144   Data           4  pendulumcontrol.o(.data)
    htim1                                    0x2000014c   Data          60  tim.o(.bss)
    htim3                                    0x20000188   Data          60  tim.o(.bss)
    htim5                                    0x200001c4   Data          60  tim.o(.bss)
    htim6                                    0x20000200   Data          60  tim.o(.bss)
    htim7                                    0x2000023c   Data          60  tim.o(.bss)
    htim8                                    0x20000278   Data          60  tim.o(.bss)
    htim9                                    0x200002b4   Data          60  tim.o(.bss)
    htim10                                   0x200002f0   Data          60  tim.o(.bss)
    htim11                                   0x2000032c   Data          60  tim.o(.bss)
    htim13                                   0x20000368   Data          60  tim.o(.bss)
    htim14                                   0x200003a4   Data          60  tim.o(.bss)
    uart3_RX_data                            0x200003e0   Data          32  usart.o(.bss)
    huart2                                   0x20000400   Data          64  usart.o(.bss)
    huart3                                   0x20000440   Data          64  usart.o(.bss)
    huart6                                   0x20000480   Data          64  usart.o(.bss)
    hdma_usart2_rx                           0x200004c0   Data          80  usart.o(.bss)
    hdma_usart2_tx                           0x20000510   Data          80  usart.o(.bss)
    hdma_usart3_rx                           0x20000560   Data          80  usart.o(.bss)
    data_to_send                             0x200005c0   Data         120  data_transfer.o(.bss)
    PID_Pitch_Struct                         0x20000638   Data          52  pid_control.o(.bss)
    PID_Roll_Struct                          0x2000066c   Data          52  pid_control.o(.bss)
    PID_Pitch_Rate_Struct                    0x200006a0   Data          52  pid_control.o(.bss)
    PID_Roll_Rate_Struct                     0x200006d4   Data          52  pid_control.o(.bss)
    PID_Z_Struct                             0x20000708   Data          52  pid_control.o(.bss)
    PID_Para                                 0x2000073c   Data          52  pid_control.o(.bss)
    Queue_gx                                 0x20000770   Data         820  sqqueue.o(.bss)
    Queue_gy                                 0x20000aa4   Data         820  sqqueue.o(.bss)
    hspi1                                    0x20000dd8   Data          88  spi.o(.bss)
    hi2c1                                    0x20000e30   Data          60  i2c.o(.bss)
    hi2c2                                    0x20000e6c   Data          60  i2c.o(.bss)
    __initial_sp                             0x200012a8   Data           0  startup_stm32f407xx.o(STACK)



==============================================================================

Memory Map of the image

  Image Entry point : 0x08000189

  Load Region LR_IROM1 (Base: 0x08000000, Size: 0x0000a674, Max: 0x00100000, ABSOLUTE, COMPRESSED[0x0000a568])

    Execution Region ER_IROM1 (Base: 0x08000000, Size: 0x0000a528, Max: 0x00100000, ABSOLUTE)

    Base Addr    Size         Type   Attr      Idx    E Section Name        Object

    0x08000000   0x00000188   Data   RO         2734    RESET               startup_stm32f407xx.o
    0x08000188   0x00000000   Code   RO         5014  * .ARM.Collect$$$$00000000  mc_w.l(entry.o)
    0x08000188   0x00000004   Code   RO         5355    .ARM.Collect$$$$00000001  mc_w.l(entry2.o)
    0x0800018c   0x00000004   Code   RO         5358    .ARM.Collect$$$$00000004  mc_w.l(entry5.o)
    0x08000190   0x00000000   Code   RO         5360    .ARM.Collect$$$$00000008  mc_w.l(entry7b.o)
    0x08000190   0x00000000   Code   RO         5362    .ARM.Collect$$$$0000000A  mc_w.l(entry8b.o)
    0x08000190   0x00000008   Code   RO         5363    .ARM.Collect$$$$0000000B  mc_w.l(entry9a.o)
    0x08000198   0x00000000   Code   RO         5365    .ARM.Collect$$$$0000000D  mc_w.l(entry10a.o)
    0x08000198   0x00000000   Code   RO         5367    .ARM.Collect$$$$0000000F  mc_w.l(entry11a.o)
    0x08000198   0x00000004   Code   RO         5356    .ARM.Collect$$$$00002712  mc_w.l(entry2.o)
    0x0800019c   0x00000024   Code   RO         2735    .text               startup_stm32f407xx.o
    0x080001c0   0x0000005a   Code   RO         5017    .text               mc_w.l(ldiv.o)
    0x0800021a   0x00000024   Code   RO         5019    .text               mc_w.l(memseta.o)
    0x0800023e   0x0000001a   Code   RO         5021    .text               mc_w.l(memcmp.o)
    0x08000258   0x0000014e   Code   RO         5312    .text               mf_w.l(dadd.o)
    0x080003a6   0x000000e4   Code   RO         5314    .text               mf_w.l(dmul.o)
    0x0800048a   0x000000de   Code   RO         5316    .text               mf_w.l(ddiv.o)
    0x08000568   0x00000022   Code   RO         5318    .text               mf_w.l(dflti.o)
    0x0800058a   0x0000001a   Code   RO         5320    .text               mf_w.l(dfltui.o)
    0x080005a4   0x00000026   Code   RO         5322    .text               mf_w.l(f2d.o)
    0x080005ca   0x00000038   Code   RO         5326    .text               mf_w.l(d2f.o)
    0x08000602   0x0000002c   Code   RO         5369    .text               mc_w.l(uidiv.o)
    0x0800062e   0x00000062   Code   RO         5371    .text               mc_w.l(uldiv.o)
    0x08000690   0x0000001e   Code   RO         5373    .text               mc_w.l(llshl.o)
    0x080006ae   0x00000024   Code   RO         5375    .text               mc_w.l(llsshr.o)
    0x080006d2   0x00000000   Code   RO         5390    .text               mc_w.l(iusefp.o)
    0x080006d2   0x0000006c   Code   RO         5391    .text               mf_w.l(fepilogue.o)
    0x0800073e   0x000000be   Code   RO         5393    .text               mf_w.l(depilogue.o)
    0x080007fc   0x000000a2   Code   RO         5397    .text               mf_w.l(dsqrt.o)
    0x0800089e   0x00000030   Code   RO         5399    .text               mf_w.l(dfixul.o)
    0x080008ce   0x00000002   PAD
    0x080008d0   0x00000028   Code   RO         5401    .text               mf_w.l(cdrcmple.o)
    0x080008f8   0x00000024   Code   RO         5403    .text               mc_w.l(init.o)
    0x0800091c   0x00000020   Code   RO         5405    .text               mc_w.l(llushr.o)
    0x0800093c   0x0000003e   Code   RO         5407    .text               mf_w.l(dfixi.o)
    0x0800097a   0x0000005c   Code   RO         5417    .text               mc_w.l(__dczerorl2.o)
    0x080009d6   0x00000002   PAD
    0x080009d8   0x00000040   Code   RO         4156    i.CtrlAttiAng       pid_control.o
    0x08000a18   0x000000c4   Code   RO         4157    i.CtrlAttiRate      pid_control.o
    0x08000adc   0x0000000c   Code   RO         3015    i.DMA1_Stream1_IRQHandler  stm32f4xx_it.o
    0x08000ae8   0x0000000c   Code   RO         3016    i.DMA1_Stream5_IRQHandler  stm32f4xx_it.o
    0x08000af4   0x0000000c   Code   RO         3017    i.DMA1_Stream6_IRQHandler  stm32f4xx_it.o
    0x08000b00   0x00000028   Code   RO          165    i.DMA_SetConfig     stm32f4xx_hal_dma.o
    0x08000b28   0x0000017c   Code   RO         4089    i.Data_Send_PID     data_transfer.o
    0x08000ca4   0x00000114   Code   RO         4090    i.Data_Send_Senser  data_transfer.o
    0x08000db8   0x000000d4   Code   RO         4091    i.Data_Send_Status  data_transfer.o
    0x08000e8c   0x00000006   Code   RO         3018    i.EXTI0_IRQHandler  stm32f4xx_it.o
    0x08000e92   0x00000006   Code   RO         3019    i.EXTI1_IRQHandler  stm32f4xx_it.o
    0x08000e98   0x00000006   Code   RO         3020    i.EXTI2_IRQHandler  stm32f4xx_it.o
    0x08000e9e   0x00000006   Code   RO         3021    i.EXTI4_IRQHandler  stm32f4xx_it.o
    0x08000ea4   0x00000006   Code   RO         3022    i.EXTI9_5_IRQHandler  stm32f4xx_it.o
    0x08000eaa   0x00000002   PAD
    0x08000eac   0x00000024   Code   RO         4328    i.Get_Angle_PIDtime  motor.o
    0x08000ed0   0x0000002c   Code   RO         4330    i.Get_Rate_PIDtime  motor.o
    0x08000efc   0x00000f6c   Code   RO          170    i.HAL_DMA_IRQHandler  stm32f4xx_hal_dma.o
    0x08001e68   0x00000070   Code   RO          171    i.HAL_DMA_Init      stm32f4xx_hal_dma.o
    0x08001ed8   0x0000006c   Code   RO          174    i.HAL_DMA_Start_IT  stm32f4xx_hal_dma.o
    0x08001f44   0x00000130   Code   RO         3145    i.HAL_GPIO_EXTI_Callback  gpio.o
    0x08002074   0x00000018   Code   RO          361    i.HAL_GPIO_EXTI_IRQHandler  stm32f4xx_hal_gpio.o
    0x0800208c   0x000001bc   Code   RO          362    i.HAL_GPIO_Init     stm32f4xx_hal_gpio.o
    0x08002248   0x0000000a   Code   RO          364    i.HAL_GPIO_ReadPin  stm32f4xx_hal_gpio.o
    0x08002252   0x0000000a   Code   RO          366    i.HAL_GPIO_WritePin  stm32f4xx_hal_gpio.o
    0x0800225c   0x0000000c   Code   RO         1412    i.HAL_GetTick       stm32f4xx_hal.o
    0x08002268   0x000000f8   Code   RO         2182    i.HAL_I2C_Init      stm32f4xx_hal_i2c.o
    0x08002360   0x00000058   Code   RO         4662    i.HAL_I2C_MspInit   i2c.o
    0x080023b8   0x00000010   Code   RO         1413    i.HAL_IncTick       stm32f4xx_hal.o
    0x080023c8   0x00000034   Code   RO         1414    i.HAL_Init          stm32f4xx_hal.o
    0x080023fc   0x00000022   Code   RO         1415    i.HAL_InitTick      stm32f4xx_hal.o
    0x0800241e   0x00000016   Code   RO         3179    i.HAL_MspInit       stm32f4xx_hal_msp.o
    0x08002434   0x00000018   Code   RO          244    i.HAL_NVIC_EnableIRQ  stm32f4xx_hal_cortex.o
    0x0800244c   0x00000040   Code   RO          250    i.HAL_NVIC_SetPriority  stm32f4xx_hal_cortex.o
    0x0800248c   0x00000024   Code   RO          251    i.HAL_NVIC_SetPriorityGrouping  stm32f4xx_hal_cortex.o
    0x080024b0   0x000001b8   Code   RO          879    i.HAL_RCC_ClockConfig  stm32f4xx_hal_rcc.o
    0x08002668   0x00000034   Code   RO          884    i.HAL_RCC_GetHCLKFreq  stm32f4xx_hal_rcc.o
    0x0800269c   0x0000002c   Code   RO          886    i.HAL_RCC_GetPCLK1Freq  stm32f4xx_hal_rcc.o
    0x080026c8   0x0000002c   Code   RO          887    i.HAL_RCC_GetPCLK2Freq  stm32f4xx_hal_rcc.o
    0x080026f4   0x00000074   Code   RO          888    i.HAL_RCC_GetSysClockFreq  stm32f4xx_hal_rcc.o
    0x08002768   0x00000334   Code   RO          891    i.HAL_RCC_OscConfig  stm32f4xx_hal_rcc.o
    0x08002a9c   0x00000080   Code   RO         2504    i.HAL_SPI_Init      stm32f4xx_hal_spi.o
    0x08002b1c   0x00000040   Code   RO         4620    i.HAL_SPI_MspInit   spi.o
    0x08002b5c   0x00000002   Code   RO         2910    i.HAL_SYSTICK_Callback  main.o
    0x08002b5e   0x00000028   Code   RO          255    i.HAL_SYSTICK_Config  stm32f4xx_hal_cortex.o
    0x08002b86   0x00000008   Code   RO          256    i.HAL_SYSTICK_IRQHandler  stm32f4xx_hal_cortex.o
    0x08002b8e   0x00000002   Code   RO          467    i.HAL_TIMEx_BreakCallback  stm32f4xx_hal_tim_ex.o
    0x08002b90   0x00000002   Code   RO          468    i.HAL_TIMEx_CommutationCallback  stm32f4xx_hal_tim_ex.o
    0x08002b92   0x00000042   Code   RO          469    i.HAL_TIMEx_ConfigBreakDeadTime  stm32f4xx_hal_tim_ex.o
    0x08002bd4   0x00000050   Code   RO          484    i.HAL_TIMEx_MasterConfigSynchronization  stm32f4xx_hal_tim_ex.o
    0x08002c24   0x00000006   Code   RO         1546    i.HAL_TIM_Base_GetState  stm32f4xx_hal_tim.o
    0x08002c2a   0x00000030   Code   RO         1547    i.HAL_TIM_Base_Init  stm32f4xx_hal_tim.o
    0x08002c5a   0x00000002   PAD
    0x08002c5c   0x00000164   Code   RO         2743    i.HAL_TIM_Base_MspInit  tim.o
    0x08002dc0   0x0000001a   Code   RO         1550    i.HAL_TIM_Base_Start  stm32f4xx_hal_tim.o
    0x08002dda   0x00000018   Code   RO         1552    i.HAL_TIM_Base_Start_IT  stm32f4xx_hal_tim.o
    0x08002df2   0x0000002c   Code   RO         1553    i.HAL_TIM_Base_Stop  stm32f4xx_hal_tim.o
    0x08002e1e   0x000000f0   Code   RO         1556    i.HAL_TIM_ConfigClockSource  stm32f4xx_hal_tim.o
    0x08002f0e   0x00000002   Code   RO         2744    i.HAL_TIM_IC_CaptureCallback  tim.o
    0x08002f10   0x00000166   Code   RO         1589    i.HAL_TIM_IRQHandler  stm32f4xx_hal_tim.o
    0x08003076   0x00000002   Code   RO         1592    i.HAL_TIM_OC_DelayElapsedCallback  stm32f4xx_hal_tim.o
    0x08003078   0x000000ce   Code   RO         1613    i.HAL_TIM_PWM_ConfigChannel  stm32f4xx_hal_tim.o
    0x08003146   0x00000030   Code   RO         1616    i.HAL_TIM_PWM_Init  stm32f4xx_hal_tim.o
    0x08003176   0x00000002   Code   RO         1618    i.HAL_TIM_PWM_MspInit  stm32f4xx_hal_tim.o
    0x08003178   0x00000002   Code   RO         1619    i.HAL_TIM_PWM_PulseFinishedCallback  stm32f4xx_hal_tim.o
    0x0800317a   0x00000002   PAD
    0x0800317c   0x00000038   Code   RO         1620    i.HAL_TIM_PWM_Start  stm32f4xx_hal_tim.o
    0x080031b4   0x0000014c   Code   RO         2745    i.HAL_TIM_PeriodElapsedCallback  tim.o
    0x08003300   0x00000042   Code   RO         1628    i.HAL_TIM_SlaveConfigSynchronization  stm32f4xx_hal_tim.o
    0x08003342   0x00000002   Code   RO         1630    i.HAL_TIM_TriggerCallback  stm32f4xx_hal_tim.o
    0x08003344   0x00000002   Code   RO         1013    i.HAL_UART_ErrorCallback  stm32f4xx_hal_uart.o
    0x08003346   0x00000002   PAD
    0x08003348   0x0000010a   Code   RO         1016    i.HAL_UART_IRQHandler  stm32f4xx_hal_uart.o
    0x08003452   0x0000005a   Code   RO         1017    i.HAL_UART_Init     stm32f4xx_hal_uart.o
    0x080034ac   0x00000148   Code   RO         3205    i.HAL_UART_MspInit  usart.o
    0x080035f4   0x00000088   Code   RO         1021    i.HAL_UART_Receive_DMA  stm32f4xx_hal_uart.o
    0x0800367c   0x00000018   Code   RO         3206    i.HAL_UART_RxCpltCallback  usart.o
    0x08003694   0x00000002   Code   RO         1024    i.HAL_UART_RxHalfCpltCallback  stm32f4xx_hal_uart.o
    0x08003696   0x00000002   PAD
    0x08003698   0x00000090   Code   RO         1026    i.HAL_UART_Transmit_DMA  stm32f4xx_hal_uart.o
    0x08003728   0x00000002   Code   RO         3207    i.HAL_UART_TxCpltCallback  usart.o
    0x0800372a   0x00000002   Code   RO         1029    i.HAL_UART_TxHalfCpltCallback  stm32f4xx_hal_uart.o
    0x0800372c   0x00000064   Code   RO         4714    i.I2C_SendByte      nine_axis_module.o
    0x08003790   0x00000088   Code   RO         4715    i.I2C_Start         nine_axis_module.o
    0x08003818   0x0000004c   Code   RO         4716    i.I2C_Stop          nine_axis_module.o
    0x08003864   0x0000006c   Code   RO         4717    i.I2C_WaitAck       nine_axis_module.o
    0x080038d0   0x00000040   Code   RO         3982    i.IIC_Ack           myiic.o
    0x08003910   0x00000040   Code   RO         3983    i.IIC_NAck          myiic.o
    0x08003950   0x0000006c   Code   RO         3984    i.IIC_Read_Byte     myiic.o
    0x080039bc   0x00000060   Code   RO         3985    i.IIC_Send_Byte     myiic.o
    0x08003a1c   0x00000040   Code   RO         3986    i.IIC_Start         myiic.o
    0x08003a5c   0x00000040   Code   RO         3987    i.IIC_Stop          myiic.o
    0x08003a9c   0x00000058   Code   RO         3988    i.IIC_Wait_Ack      myiic.o
    0x08003af4   0x00000038   Code   RO         4722    i.Init_L3G4200D     nine_axis_module.o
    0x08003b2c   0x00000030   Code   RO         4163    i.Limit_PWMOUT      pid_control.o
    0x08003b5c   0x0000016c   Code   RO         3338    i.MPU_Get_Gyroscope  mpu6050.o
    0x08003cc8   0x00000098   Code   RO         3340    i.MPU_Init          mpu6050.o
    0x08003d60   0x0000003a   Code   RO         3341    i.MPU_Read_Byte     mpu6050.o
    0x08003d9a   0x00000002   PAD
    0x08003d9c   0x0000006c   Code   RO         3342    i.MPU_Read_Len      mpu6050.o
    0x08003e08   0x0000000a   Code   RO         3343    i.MPU_Set_Accel_Fsr  mpu6050.o
    0x08003e12   0x0000000a   Code   RO         3344    i.MPU_Set_Gyro_Fsr  mpu6050.o
    0x08003e1c   0x00000030   Code   RO         3345    i.MPU_Set_LPF       mpu6050.o
    0x08003e4c   0x0000002e   Code   RO         3346    i.MPU_Set_Rate      mpu6050.o
    0x08003e7a   0x0000003c   Code   RO         3347    i.MPU_Write_Byte    mpu6050.o
    0x08003eb6   0x00000052   Code   RO         3348    i.MPU_Write_Len     mpu6050.o
    0x08003f08   0x00000044   Code   RO         2991    i.MX_DMA_Init       dma.o
    0x08003f4c   0x0000011c   Code   RO         3146    i.MX_GPIO_Init      gpio.o
    0x08004068   0x00000030   Code   RO         4663    i.MX_I2C1_Init      i2c.o
    0x08004098   0x00000030   Code   RO         4664    i.MX_I2C2_Init      i2c.o
    0x080040c8   0x00000030   Code   RO         4621    i.MX_SPI1_Init      spi.o
    0x080040f8   0x00000024   Code   RO         2746    i.MX_TIM10_Init     tim.o
    0x0800411c   0x00000024   Code   RO         2747    i.MX_TIM11_Init     tim.o
    0x08004140   0x00000024   Code   RO         2748    i.MX_TIM13_Init     tim.o
    0x08004164   0x00000024   Code   RO         2749    i.MX_TIM14_Init     tim.o
    0x08004188   0x000000a4   Code   RO         2750    i.MX_TIM1_Init      tim.o
    0x0800422c   0x00000054   Code   RO         2751    i.MX_TIM3_Init      tim.o
    0x08004280   0x0000004c   Code   RO         2752    i.MX_TIM5_Init      tim.o
    0x080042cc   0x00000034   Code   RO         2753    i.MX_TIM6_Init      tim.o
    0x08004300   0x00000030   Code   RO         2754    i.MX_TIM7_Init      tim.o
    0x08004330   0x00000050   Code   RO         2755    i.MX_TIM8_Init      tim.o
    0x08004380   0x00000060   Code   RO         2756    i.MX_TIM9_Init      tim.o
    0x080043e0   0x00000028   Code   RO         3208    i.MX_USART2_UART_Init  usart.o
    0x08004408   0x00000028   Code   RO         3209    i.MX_USART3_UART_Init  usart.o
    0x08004430   0x00000028   Code   RO         3210    i.MX_USART6_UART_Init  usart.o
    0x08004458   0x00000018   Code   RO         4284    i.MovAve            sqqueue.o
    0x08004470   0x00000020   Code   RO          257    i.NVIC_SetPriority  stm32f4xx_hal_cortex.o
    0x08004490   0x000000aa   Code   RO         4165    i.PID_Calculate     pid_control.o
    0x0800453a   0x00000002   PAD
    0x0800453c   0x00000060   Code   RO         4166    i.PID_Init          pid_control.o
    0x0800459c   0x00000018   Code   RO         3211    i.SendChar          usart.o
    0x080045b4   0x0000002c   Code   RO         4092    i.Send_Data         data_transfer.o
    0x080045e0   0x00000080   Code   RO         4733    i.Single_Write      nine_axis_module.o
    0x08004660   0x00000038   Code   RO         4167    i.SpeedInitVal_Pitch_MinusDirec  pid_control.o
    0x08004698   0x00000034   Code   RO         4168    i.SpeedInitVal_Pitch_PlusDirec  pid_control.o
    0x080046cc   0x00000038   Code   RO         4169    i.SpeedInitVal_Roll_MinusDirec  pid_control.o
    0x08004704   0x00000034   Code   RO         4170    i.SpeedInitVal_Roll_PlusDirec  pid_control.o
    0x08004738   0x0000000e   Code   RO         3023    i.SysTick_Handler   stm32f4xx_it.o
    0x08004746   0x00000002   PAD
    0x08004748   0x00000068   Code   RO         2911    i.SystemClock_Config  main.o
    0x080047b0   0x00000054   Code   RO            5    i.SystemInit        system_stm32f4xx.o
    0x08004804   0x00000018   Code   RO         4332    i.TIM1_Motor_PWMOutput  motor.o
    0x0800481c   0x0000001c   Code   RO         3024    i.TIM1_TRG_COM_TIM11_IRQHandler  stm32f4xx_it.o
    0x08004838   0x0000018c   Code   RO         3025    i.TIM3_IRQHandler   stm32f4xx_it.o
    0x080049c4   0x0000000c   Code   RO         3026    i.TIM6_DAC_IRQHandler  stm32f4xx_it.o
    0x080049d0   0x0000000c   Code   RO         3027    i.TIM7_IRQHandler   stm32f4xx_it.o
    0x080049dc   0x0000001c   Code   RO         3028    i.TIM8_UP_TIM13_IRQHandler  stm32f4xx_it.o
    0x080049f8   0x000000c0   Code   RO         1631    i.TIM_Base_SetConfig  stm32f4xx_hal_tim.o
    0x08004ab8   0x00000016   Code   RO         1632    i.TIM_CCxChannelCmd  stm32f4xx_hal_tim.o
    0x08004ace   0x00000014   Code   RO         1638    i.TIM_ETR_SetConfig  stm32f4xx_hal_tim.o
    0x08004ae2   0x00000010   Code   RO         1639    i.TIM_ITRx_SetConfig  stm32f4xx_hal_tim.o
    0x08004af2   0x00000002   PAD
    0x08004af4   0x00000058   Code   RO         1640    i.TIM_OC1_SetConfig  stm32f4xx_hal_tim.o
    0x08004b4c   0x00000064   Code   RO         1641    i.TIM_OC2_SetConfig  stm32f4xx_hal_tim.o
    0x08004bb0   0x00000060   Code   RO         1642    i.TIM_OC3_SetConfig  stm32f4xx_hal_tim.o
    0x08004c10   0x00000050   Code   RO         1643    i.TIM_OC4_SetConfig  stm32f4xx_hal_tim.o
    0x08004c60   0x0000007c   Code   RO         1644    i.TIM_SlaveTimer_SetConfig  stm32f4xx_hal_tim.o
    0x08004cdc   0x00000022   Code   RO         1645    i.TIM_TI1_ConfigInputStage  stm32f4xx_hal_tim.o
    0x08004cfe   0x00000024   Code   RO         1647    i.TIM_TI2_ConfigInputStage  stm32f4xx_hal_tim.o
    0x08004d22   0x0000001e   Code   RO         1030    i.UART_DMAError     stm32f4xx_hal_uart.o
    0x08004d40   0x00000036   Code   RO         1031    i.UART_DMAReceiveCplt  stm32f4xx_hal_uart.o
    0x08004d76   0x0000000a   Code   RO         1032    i.UART_DMARxHalfCplt  stm32f4xx_hal_uart.o
    0x08004d80   0x0000002e   Code   RO         1033    i.UART_DMATransmitCplt  stm32f4xx_hal_uart.o
    0x08004dae   0x0000000a   Code   RO         1034    i.UART_DMATxHalfCplt  stm32f4xx_hal_uart.o
    0x08004db8   0x000000a8   Code   RO         1035    i.UART_Receive_IT   stm32f4xx_hal_uart.o
    0x08004e60   0x00000178   Code   RO         1036    i.UART_SetConfig    stm32f4xx_hal_uart.o
    0x08004fd8   0x00000066   Code   RO         1037    i.UART_Transmit_IT  stm32f4xx_hal_uart.o
    0x0800503e   0x00000002   PAD
    0x08005040   0x0000000c   Code   RO         3029    i.USART2_IRQHandler  stm32f4xx_it.o
    0x0800504c   0x0000000c   Code   RO         3030    i.USART3_IRQHandler  stm32f4xx_it.o
    0x08005058   0x00000020   Code   RO         5256    i.__0printf         mc_w.l(printfa.o)
    0x08005078   0x00000030   Code   RO         5333    i.__ARM_fpclassify  m_wm.l(fpclassify.o)
    0x080050a8   0x00000370   Code   RO         4920    i.__hardfp_asin     m_wm.l(asin.o)
    0x08005418   0x000002e8   Code   RO         4934    i.__hardfp_atan     m_wm.l(atan.o)
    0x08005700   0x000001e0   Code   RO         4948    i.__hardfp_atan2    m_wm.l(atan2.o)
    0x080058e0   0x000000d8   Code   RO         4960    i.__hardfp_cos      m_wm.l(cos.o)
    0x080059b8   0x000000d8   Code   RO         4978    i.__hardfp_sin      m_wm.l(sin.o)
    0x08005a90   0x00000458   Code   RO         5338    i.__ieee754_rem_pio2  m_wm.l(rred.o)
    0x08005ee8   0x00000170   Code   RO         5328    i.__kernel_cos      m_wm.l(cos_i.o)
    0x08006058   0x000000f8   Code   RO         5335    i.__kernel_poly     m_wm.l(poly.o)
    0x08006150   0x00000130   Code   RO         5343    i.__kernel_sin      m_wm.l(sin_i.o)
    0x08006280   0x00000020   Code   RO         5331    i.__mathlib_dbl_underflow  m_wm.l(dunder.o)
    0x080062a0   0x0000000e   Code   RO         5411    i.__scatterload_copy  mc_w.l(handlers.o)
    0x080062ae   0x00000002   Code   RO         5412    i.__scatterload_null  mc_w.l(handlers.o)
    0x080062b0   0x0000000e   Code   RO         5413    i.__scatterload_zeroinit  mc_w.l(handlers.o)
    0x080062be   0x00000002   PAD
    0x080062c0   0x0000000c   Code   RO         5385    i.__set_errno       mc_w.l(errno.o)
    0x080062cc   0x0000015c   Code   RO         5263    i._fp_digits        mc_w.l(printfa.o)
    0x08006428   0x000006f0   Code   RO         5264    i._printf_core      mc_w.l(printfa.o)
    0x08006b18   0x00000026   Code   RO         5265    i._printf_post_padding  mc_w.l(printfa.o)
    0x08006b3e   0x00000030   Code   RO         5266    i._printf_pre_padding  mc_w.l(printfa.o)
    0x08006b6e   0x00000002   PAD
    0x08006b70   0x00000090   Code   RO         3430    i.accel_self_test   inv_mpu.o
    0x08006c00   0x00000010   Code   RO         4936    i.atan              m_wm.l(atan.o)
    0x08006c10   0x00000016   Code   RO         3989    i.delay_ms          myiic.o
    0x08006c26   0x0000001c   Code   RO         3990    i.delay_us          myiic.o
    0x08006c42   0x00000002   PAD
    0x08006c44   0x00000040   Code   RO         4285    i.delet             sqqueue.o
    0x08006c84   0x0000003a   Code   RO         3797    i.dmp_enable_6x_lp_quat  inv_mpu_dmp_motion_driver.o
    0x08006cbe   0x00000002   PAD
    0x08006cc0   0x000001d8   Code   RO         3798    i.dmp_enable_feature  inv_mpu_dmp_motion_driver.o
    0x08006e98   0x00000044   Code   RO         3799    i.dmp_enable_gyro_cal  inv_mpu_dmp_motion_driver.o
    0x08006edc   0x0000003a   Code   RO         3800    i.dmp_enable_lp_quat  inv_mpu_dmp_motion_driver.o
    0x08006f16   0x00000002   PAD
    0x08006f18   0x00000014   Code   RO         3805    i.dmp_load_motion_driver_firmware  inv_mpu_dmp_motion_driver.o
    0x08006f2c   0x00000148   Code   RO         3806    i.dmp_read_fifo     inv_mpu_dmp_motion_driver.o
    0x08007074   0x000000e0   Code   RO         3809    i.dmp_set_accel_bias  inv_mpu_dmp_motion_driver.o
    0x08007154   0x00000064   Code   RO         3810    i.dmp_set_fifo_rate  inv_mpu_dmp_motion_driver.o
    0x080071b8   0x000000d0   Code   RO         3811    i.dmp_set_gyro_bias  inv_mpu_dmp_motion_driver.o
    0x08007288   0x0000010c   Code   RO         3813    i.dmp_set_orientation  inv_mpu_dmp_motion_driver.o
    0x08007394   0x00000030   Code   RO         3816    i.dmp_set_shake_reject_thresh  inv_mpu_dmp_motion_driver.o
    0x080073c4   0x00000020   Code   RO         3817    i.dmp_set_shake_reject_time  inv_mpu_dmp_motion_driver.o
    0x080073e4   0x00000020   Code   RO         3818    i.dmp_set_shake_reject_timeout  inv_mpu_dmp_motion_driver.o
    0x08007404   0x00000040   Code   RO         3819    i.dmp_set_tap_axes  inv_mpu_dmp_motion_driver.o
    0x08007444   0x00000022   Code   RO         3820    i.dmp_set_tap_count  inv_mpu_dmp_motion_driver.o
    0x08007466   0x00000002   PAD
    0x08007468   0x00000160   Code   RO         3821    i.dmp_set_tap_thresh  inv_mpu_dmp_motion_driver.o
    0x080075c8   0x00000020   Code   RO         3822    i.dmp_set_tap_time  inv_mpu_dmp_motion_driver.o
    0x080075e8   0x00000020   Code   RO         3823    i.dmp_set_tap_time_multi  inv_mpu_dmp_motion_driver.o
    0x08007608   0x00000020   Code   RO         4974    i.fabs              m_wm.l(fabs.o)
    0x08007628   0x00000004   Code   RO         3291    i.fputc             regtarge.o
    0x0800762c   0x000000b4   Code   RO         3431    i.get_accel_prod_shift  inv_mpu.o
    0x080076e0   0x00000094   Code   RO         4422    i.get_control_data  uranus.o
    0x08007774   0x00000314   Code   RO         3432    i.get_st_biases     inv_mpu.o
    0x08007a88   0x000000d4   Code   RO         3433    i.gyro_self_test    inv_mpu.o
    0x08007b5c   0x00000072   Code   RO         4286    i.insert            sqqueue.o
    0x08007bce   0x00000022   Code   RO         3434    i.inv_orientation_matrix_to_scalar  inv_mpu.o
    0x08007bf0   0x00000048   Code   RO         3435    i.inv_row_2_scale   inv_mpu.o
    0x08007c38   0x000002a8   Code   RO         2912    i.main              main.o
    0x08007ee0   0x00000002   Code   RO         3436    i.mget_ms           inv_mpu.o
    0x08007ee2   0x00000002   PAD
    0x08007ee4   0x00000054   Code   RO         3437    i.mpu_configure_fifo  inv_mpu.o
    0x08007f38   0x000001cc   Code   RO         3438    i.mpu_dmp_get_data  inv_mpu.o
    0x08008104   0x000000a0   Code   RO         3439    i.mpu_dmp_init      inv_mpu.o
    0x080081a4   0x0000003c   Code   RO         3440    i.mpu_get_accel_fsr  inv_mpu.o
    0x080081e0   0x00000044   Code   RO         3442    i.mpu_get_accel_sens  inv_mpu.o
    0x08008224   0x00000034   Code   RO         3448    i.mpu_get_gyro_fsr  inv_mpu.o
    0x08008258   0x0000004c   Code   RO         3450    i.mpu_get_gyro_sens  inv_mpu.o
    0x080082a4   0x00000038   Code   RO         3452    i.mpu_get_lpf       inv_mpu.o
    0x080082dc   0x0000001c   Code   RO         3454    i.mpu_get_sample_rate  inv_mpu.o
    0x080082f8   0x00000188   Code   RO         3456    i.mpu_init          inv_mpu.o
    0x08008480   0x000000a0   Code   RO         3457    i.mpu_load_firmware  inv_mpu.o
    0x08008520   0x000000b8   Code   RO         3458    i.mpu_lp_accel_mode  inv_mpu.o
    0x080085d8   0x00000090   Code   RO         3461    i.mpu_read_fifo_stream  inv_mpu.o
    0x08008668   0x00000054   Code   RO         3462    i.mpu_read_mem      inv_mpu.o
    0x080086bc   0x00000158   Code   RO         3465    i.mpu_reset_fifo    inv_mpu.o
    0x08008814   0x000000f0   Code   RO         3466    i.mpu_run_self_test  inv_mpu.o
    0x08008904   0x00000068   Code   RO         3468    i.mpu_set_accel_fsr  inv_mpu.o
    0x0800896c   0x000000dc   Code   RO         3469    i.mpu_set_bypass    inv_mpu.o
    0x08008a48   0x00000078   Code   RO         3471    i.mpu_set_dmp_state  inv_mpu.o
    0x08008ac0   0x0000006c   Code   RO         3472    i.mpu_set_gyro_fsr  inv_mpu.o
    0x08008b2c   0x00000064   Code   RO         3473    i.mpu_set_int_latched  inv_mpu.o
    0x08008b90   0x0000006c   Code   RO         3475    i.mpu_set_lpf       inv_mpu.o
    0x08008bfc   0x00000080   Code   RO         3476    i.mpu_set_sample_rate  inv_mpu.o
    0x08008c7c   0x000000b8   Code   RO         3477    i.mpu_set_sensors   inv_mpu.o
    0x08008d34   0x00000054   Code   RO         3478    i.mpu_write_mem     inv_mpu.o
    0x08008d88   0x0000007c   Code   RO         4509    i.pendulum_control_Still  pendulumcontrol.o
    0x08008e04   0x0000017c   Code   RO         4510    i.pendulum_control_circle  pendulumcontrol.o
    0x08008f80   0x0000011c   Code   RO         4511    i.pendulum_control_eAmplitude_swing  pendulumcontrol.o
    0x0800909c   0x00000180   Code   RO         4512    i.pendulum_control_eight  pendulumcontrol.o
    0x0800921c   0x000000bc   Code   RO         4514    i.pendulum_control_freefall  pendulumcontrol.o
    0x080092d8   0x000001fc   Code   RO         4515    i.pendulum_control_nDirection_swing  pendulumcontrol.o
    0x080094d4   0x00000088   Code   RO         3479    i.run_self_test     inv_mpu.o
    0x0800955c   0x00000058   Code   RO         3480    i.set_int_enable    inv_mpu.o
    0x080095b4   0x0000006e   Code   RO         4992    i.sqrt              m_wm.l(sqrt.o)
    0x08009622   0x00000010   Data   RO          892    .constdata          stm32f4xx_hal_rcc.o
    0x08009632   0x0000001b   Data   RO         3482    .constdata          inv_mpu.o
    0x0800964d   0x00000001   PAD
    0x0800964e   0x0000000c   Data   RO         3483    .constdata          inv_mpu.o
    0x0800965a   0x00000002   PAD
    0x0800965c   0x00000028   Data   RO         3484    .constdata          inv_mpu.o
    0x08009684   0x0000004d   Data   RO         3485    .constdata          inv_mpu.o
    0x080096d1   0x00000bf6   Data   RO         3825    .constdata          inv_mpu_dmp_motion_driver.o
    0x0800a2c7   0x00000001   PAD
    0x0800a2c8   0x0000002e   Data   RO         4333    .constdata          motor.o
    0x0800a2f6   0x00000002   PAD
    0x0800a2f8   0x00000050   Data   RO         4923    .constdata          m_wm.l(asin.o)
    0x0800a348   0x00000098   Data   RO         4937    .constdata          m_wm.l(atan.o)
    0x0800a3e0   0x00000030   Data   RO         5329    .constdata          m_wm.l(cos_i.o)
    0x0800a410   0x00000008   Data   RO         5337    .constdata          m_wm.l(qnan.o)
    0x0800a418   0x000000c8   Data   RO         5340    .constdata          m_wm.l(rred.o)
    0x0800a4e0   0x00000028   Data   RO         5344    .constdata          m_wm.l(sin_i.o)
    0x0800a508   0x00000020   Data   RO         5409    Region$$Table       anon$$obj.o


    Execution Region RW_IRAM1 (Base: 0x20000000, Size: 0x000012a8, Max: 0x00020000, ABSOLUTE, COMPRESSED[0x00000040])

    Base Addr    Size         Type   Attr      Idx    E Section Name        Object

    0x20000000   0x00000014   Data   RW            6    .data               system_stm32f4xx.o
    0x20000014   0x00000004   Data   RW         1420    .data               stm32f4xx_hal.o
    0x20000018   0x00000006   Data   RW         2764    .data               tim.o
    0x2000001e   0x00000002   Data   RW         2915    .data               main.o
    0x20000020   0x00000010   Data   RW         3039    .data               stm32f4xx_it.o
    0x20000030   0x00000004   Data   RW         3147    .data               gpio.o
    0x20000034   0x00000004   Data   RW         3292    .data               regtarge.o
    0x20000038   0x0000000c   Data   RW         3349    .data               mpu6050.o
    0x20000044   0x00000045   Data   RW         3486    .data               inv_mpu.o
    0x20000089   0x00000003   Data   RW         4095    .data               data_transfer.o
    0x2000008c   0x00000048   Data   RW         4174    .data               pid_control.o
    0x200000d4   0x00000004   Data   RW         4185    .data               pid_control.o
    0x200000d8   0x00000004   Data   RW         4186    .data               pid_control.o
    0x200000dc   0x0000000c   Data   RW         4342    .data               motor.o
    0x200000e8   0x00000048   Data   RW         4520    .data               pendulumcontrol.o
    0x20000130   0x00000001   Data   RW         4521    .data               pendulumcontrol.o
    0x20000131   0x00000003   PAD
    0x20000134   0x00000004   Data   RW         4523    .data               pendulumcontrol.o
    0x20000138   0x00000004   Data   RW         4524    .data               pendulumcontrol.o
    0x2000013c   0x00000004   Data   RW         4525    .data               pendulumcontrol.o
    0x20000140   0x00000004   Data   RW         4526    .data               pendulumcontrol.o
    0x20000144   0x00000004   Data   RW         4527    .data               pendulumcontrol.o
    0x20000148   0x00000004   Data   RW         5386    .data               mc_w.l(errno.o)
    0x2000014c   0x00000294   Zero   RW         2758    .bss                tim.o
    0x200003e0   0x000001d0   Zero   RW         3212    .bss                usart.o
    0x200005b0   0x00000010   Zero   RW         3824    .bss                inv_mpu_dmp_motion_driver.o
    0x200005c0   0x00000078   Zero   RW         4093    .bss                data_transfer.o
    0x20000638   0x000000d0   Zero   RW         4171    .bss                pid_control.o
    0x20000708   0x00000034   Zero   RW         4172    .bss                pid_control.o
    0x2000073c   0x00000034   Zero   RW         4173    .bss                pid_control.o
    0x20000770   0x00000334   Zero   RW         4291    .bss                sqqueue.o
    0x20000aa4   0x00000334   Zero   RW         4292    .bss                sqqueue.o
    0x20000dd8   0x00000058   Zero   RW         4622    .bss                spi.o
    0x20000e30   0x00000078   Zero   RW         4665    .bss                i2c.o
    0x20000ea8   0x00000400   Zero   RW         2732    STACK               startup_stm32f407xx.o


==============================================================================

Image component sizes


      Code (inc. data)   RO Data    RW Data    ZI Data      Debug   Object Name

       912        102          0          3        120       4187   data_transfer.o
        68          4          0          0          0        462   dma.o
       588         68          0          4          0       1613   gpio.o
       184         44          0          0        120       1814   i2c.o
      5404        322        156         69          0      28630   inv_mpu.o
      2430        132       3062          0         16      18774   inv_mpu_dmp_motion_driver.o
       786        188          0          2          0       2757   main.o
       104         26         46         12          0       3061   motor.o
       938         54          0         12          0       6783   mpu6050.o
       598         92          0          0          0       4749   myiic.o
       604        102          0          0          0       5546   nine_axis_module.o
      1868        408          0         93          0       7060   pendulumcontrol.o
       790         96          0         80        312       8488   pid_control.o
         4          0          0          4          0       2078   regtarge.o
       112         20          0          0         88       1333   spi.o
       202         28          0          0       1640       2046   sqqueue.o
        36          8        392          0       1024        880   startup_stm32f407xx.o
       114         16          0          4          0       3314   stm32f4xx_hal.o
       204         24          0          0          0      30176   stm32f4xx_hal_cortex.o
      4208         58          0          0          0       3927   stm32f4xx_hal_dma.o
       488         56          0          0          0       3302   stm32f4xx_hal_gpio.o
       248         10          0          0          0       1827   stm32f4xx_hal_i2c.o
        22          0          0          0          0        462   stm32f4xx_hal_msp.o
      1516         72         16          0          0       5711   stm32f4xx_hal_rcc.o
       128          0          0          0          0       1063   stm32f4xx_hal_spi.o
      1938         96          0          0          0      16997   stm32f4xx_hal_tim.o
       150          0          0          0          0       2906   stm32f4xx_hal_tim_ex.o
      1438         36          0          0          0       9914   stm32f4xx_hal_uart.o
       580        110          0         16          0       7570   stm32f4xx_it.o
        84         18          0         20          0     346165   system_stm32f4xx.o
      1434        230          0          6        660      11949   tim.o
       148         24          0          0          0       1043   uranus.o
       498         72          0          0        464       4826   usart.o

    ----------------------------------------------------------------------
     28856       2516       3710        328       4444     551413   Object Totals
         0          0         32          0          0          0   (incl. Generated)
        30          0          6          3          0          0   (incl. Padding)

    ----------------------------------------------------------------------

      Code (inc. data)   RO Data    RW Data    ZI Data      Debug   Library Member Name

       880        106         80          0          0        200   asin.o
       760        108        152          0          0        344   atan.o
       480         64          0          0          0        156   atan2.o
       216         16          0          0          0        152   cos.o
       368         46         48          0          0        200   cos_i.o
        32          8          0          0          0        124   dunder.o
        32          0          0          0          0        124   fabs.o
        48          0          0          0          0        124   fpclassify.o
       248          0          0          0          0        152   poly.o
         0          0          8          0          0          0   qnan.o
      1112        140        200          0          0        188   rred.o
       216         16          0          0          0        152   sin.o
       304         24         40          0          0        208   sin_i.o
       110          0          0          0          0        148   sqrt.o
        92          0          0          0          0          0   __dczerorl2.o
         0          0          0          0          0          0   entry.o
         0          0          0          0          0          0   entry10a.o
         0          0          0          0          0          0   entry11a.o
         8          4          0          0          0          0   entry2.o
         4          0          0          0          0          0   entry5.o
         0          0          0          0          0          0   entry7b.o
         0          0          0          0          0          0   entry8b.o
         8          4          0          0          0          0   entry9a.o
        12          6          0          4          0         68   errno.o
        30          0          0          0          0          0   handlers.o
        36          8          0          0          0         68   init.o
         0          0          0          0          0          0   iusefp.o
        90          0          0          0          0         84   ldiv.o
        30          0          0          0          0         68   llshl.o
        36          0          0          0          0         68   llsshr.o
        32          0          0          0          0         68   llushr.o
        26          0          0          0          0         80   memcmp.o
        36          0          0          0          0        108   memseta.o
      2242         90          0          0          0        444   printfa.o
        44          0          0          0          0         80   uidiv.o
        98          0          0          0          0         92   uldiv.o
        40          2          0          0          0         68   cdrcmple.o
        56          0          0          0          0         88   d2f.o
       334          0          0          0          0        148   dadd.o
       222          0          0          0          0        100   ddiv.o
       190          0          0          0          0        176   depilogue.o
        62          0          0          0          0         80   dfixi.o
        48          0          0          0          0         68   dfixul.o
        34          0          0          0          0         76   dflti.o
        26          0          0          0          0         76   dfltui.o
       228          0          0          0          0         96   dmul.o
       162          0          0          0          0        100   dsqrt.o
        38          0          0          0          0         68   f2d.o
       108          0          0          0          0        168   fepilogue.o

    ----------------------------------------------------------------------
      9186        642        528          4          0       4812   Library Totals
         8          0          0          0          0          0   (incl. Padding)

    ----------------------------------------------------------------------

      Code (inc. data)   RO Data    RW Data    ZI Data      Debug   Library Name

      4806        528        528          0          0       2272   m_wm.l
      2824        112          0          4          0       1228   mc_w.l
      1548          2          0          0          0       1312   mf_w.l

    ----------------------------------------------------------------------
      9186        642        528          4          0       4812   Library Totals

    ----------------------------------------------------------------------

==============================================================================


      Code (inc. data)   RO Data    RW Data    ZI Data      Debug   

     38042       3158       4238        332       4444     532425   Grand Totals
     38042       3158       4238         64       4444     532425   ELF Image Totals (compressed)
     38042       3158       4238         64          0          0   ROM Totals

==============================================================================

    Total RO  Size (Code + RO Data)                42280 (  41.29kB)
    Total RW  Size (RW Data + ZI Data)              4776 (   4.66kB)
    Total ROM Size (Code + RO Data + RW Data)      42344 (  41.35kB)

==============================================================================

